
 /----------------------------------------------------------------------------\
 |                                                                            |
 |  yosys -- Yosys Open SYnthesis Suite                                       |
 |                                                                            |
 |  Copyright (C) 2012 - 2020  Claire Xenia Wolf <claire@yosyshq.com>         |
 |                                                                            |
 |  Permission to use, copy, modify, and/or distribute this software for any  |
 |  purpose with or without fee is hereby granted, provided that the above    |
 |  copyright notice and this permission notice appear in all copies.         |
 |                                                                            |
 |  THE SOFTWARE IS PROVIDED "AS IS" AND THE AUTHOR DISCLAIMS ALL WARRANTIES  |
 |  WITH REGARD TO THIS SOFTWARE INCLUDING ALL IMPLIED WARRANTIES OF          |
 |  MERCHANTABILITY AND FITNESS. IN NO EVENT SHALL THE AUTHOR BE LIABLE FOR   |
 |  ANY SPECIAL, DIRECT, INDIRECT, OR CONSEQUENTIAL DAMAGES OR ANY DAMAGES    |
 |  WHATSOEVER RESULTING FROM LOSS OF USE, DATA OR PROFITS, WHETHER IN AN     |
 |  ACTION OF CONTRACT, NEGLIGENCE OR OTHER TORTIOUS ACTION, ARISING OUT OF   |
 |  OR IN CONNECTION WITH THE USE OR PERFORMANCE OF THIS SOFTWARE.            |
 |                                                                            |
 \----------------------------------------------------------------------------/

 Yosys 0.33 (git sha1 2584903a060)


-- Running command `read_verilog -sv src/leanvm_b_m2_scalar_controller.sv; hierarchy -check -top leanvm_b_m2_scalar_controller; proc; check; synth -top leanvm_b_m2_scalar_controller; stat' --

1. Executing Verilog-2005 frontend: src/leanvm_b_m2_scalar_controller.sv
Parsing SystemVerilog input from `src/leanvm_b_m2_scalar_controller.sv' to AST representation.
Generating RTLIL representation for module `\leanvm_b_m2_scalar_controller'.
Successfully finished Verilog frontend.

2. Executing HIERARCHY pass (managing design hierarchy).

2.1. Analyzing design hierarchy..
Top module:  \leanvm_b_m2_scalar_controller

2.2. Analyzing design hierarchy..
Top module:  \leanvm_b_m2_scalar_controller
Removed 0 unused modules.

3. Executing PROC pass (convert processes to netlists).

3.1. Executing PROC_CLEAN pass (remove empty switches from decision trees).
Cleaned up 0 empty switches.

3.2. Executing PROC_RMDEAD pass (remove dead branches from decision trees).
Marked 403 switch rules as full_case in process $proc$src/leanvm_b_m2_scalar_controller.sv:35$540 in module leanvm_b_m2_scalar_controller.
Removed a total of 0 dead cases.

3.3. Executing PROC_PRUNE pass (remove redundant assignments in processes).
Removed 0 redundant assignments.
Promoted 966 assignments to connections.

3.4. Executing PROC_INIT pass (extract init attributes).

3.5. Executing PROC_ARST pass (detect async resets in processes).

3.6. Executing PROC_ROM pass (convert switches to ROMs).
Converted 0 switches.
<suppressed ~403 debug messages>

3.7. Executing PROC_MUX pass (convert decision trees to multiplexers).
Creating decoders for process `\leanvm_b_m2_scalar_controller.$proc$src/leanvm_b_m2_scalar_controller.sv:35$540'.
     1/5308: $71\reverse_g$func$src/leanvm_b_m2_scalar_controller.sv:77$327.$result[32:0]$8198
     2/5308: $70\reverse_g$func$src/leanvm_b_m2_scalar_controller.sv:77$327.$result[32:0]$8194
     3/5308: $69\reverse_g$func$src/leanvm_b_m2_scalar_controller.sv:77$327.$result[32:0]$8190
     4/5308: $68\reverse_g$func$src/leanvm_b_m2_scalar_controller.sv:77$327.$result[32:0]$8186
     5/5308: $67\reverse_g$func$src/leanvm_b_m2_scalar_controller.sv:77$327.$result[32:0]$8182
     6/5308: $66\reverse_g$func$src/leanvm_b_m2_scalar_controller.sv:77$327.$result[32:0]$8178
     7/5308: $65\reverse_g$func$src/leanvm_b_m2_scalar_controller.sv:77$327.$result[32:0]$8174
     8/5308: $64\reverse_g$func$src/leanvm_b_m2_scalar_controller.sv:77$327.$result[32:0]$8170
     9/5308: $63\reverse_g$func$src/leanvm_b_m2_scalar_controller.sv:77$327.$result[32:0]$8166
    10/5308: $62\reverse_g$func$src/leanvm_b_m2_scalar_controller.sv:77$327.$result[32:0]$8162
    11/5308: $61\reverse_g$func$src/leanvm_b_m2_scalar_controller.sv:77$327.$result[32:0]$8158
    12/5308: $60\reverse_g$func$src/leanvm_b_m2_scalar_controller.sv:77$327.$result[32:0]$8154
    13/5308: $59\reverse_g$func$src/leanvm_b_m2_scalar_controller.sv:77$327.$result[32:0]$8150
    14/5308: $58\reverse_g$func$src/leanvm_b_m2_scalar_controller.sv:77$327.$result[32:0]$8146
    15/5308: $57\reverse_g$func$src/leanvm_b_m2_scalar_controller.sv:77$327.$result[32:0]$8142
    16/5308: $56\reverse_g$func$src/leanvm_b_m2_scalar_controller.sv:77$327.$result[32:0]$8138
    17/5308: $55\reverse_g$func$src/leanvm_b_m2_scalar_controller.sv:77$327.$result[32:0]$8134
    18/5308: $54\reverse_g$func$src/leanvm_b_m2_scalar_controller.sv:77$327.$result[32:0]$8130
    19/5308: $53\reverse_g$func$src/leanvm_b_m2_scalar_controller.sv:77$327.$result[32:0]$8126
    20/5308: $52\reverse_g$func$src/leanvm_b_m2_scalar_controller.sv:77$327.$result[32:0]$8122
    21/5308: $51\reverse_g$func$src/leanvm_b_m2_scalar_controller.sv:77$327.$result[32:0]$8118
    22/5308: $50\reverse_g$func$src/leanvm_b_m2_scalar_controller.sv:77$327.$result[32:0]$8114
    23/5308: $49\reverse_g$func$src/leanvm_b_m2_scalar_controller.sv:77$327.$result[32:0]$8110
    24/5308: $48\reverse_g$func$src/leanvm_b_m2_scalar_controller.sv:77$327.$result[32:0]$8106
    25/5308: $47\reverse_g$func$src/leanvm_b_m2_scalar_controller.sv:77$327.$result[32:0]$8102
    26/5308: $46\reverse_g$func$src/leanvm_b_m2_scalar_controller.sv:77$327.$result[32:0]$8098
    27/5308: $45\reverse_g$func$src/leanvm_b_m2_scalar_controller.sv:77$327.$result[32:0]$8094
    28/5308: $44\reverse_g$func$src/leanvm_b_m2_scalar_controller.sv:77$327.$result[32:0]$8090
    29/5308: $43\reverse_g$func$src/leanvm_b_m2_scalar_controller.sv:77$327.$result[32:0]$8086
    30/5308: $42\reverse_g$func$src/leanvm_b_m2_scalar_controller.sv:77$327.$result[32:0]$8082
    31/5308: $41\reverse_g$func$src/leanvm_b_m2_scalar_controller.sv:77$327.$result[32:0]$8078
    32/5308: $40\reverse_g$func$src/leanvm_b_m2_scalar_controller.sv:77$327.$result[32:0]$8074
    33/5308: $39\reverse_g$func$src/leanvm_b_m2_scalar_controller.sv:77$327.$result[32:0]$8070
    34/5308: $38\reverse_g$func$src/leanvm_b_m2_scalar_controller.sv:77$327.$result[32:0]$8066
    35/5308: $37\reverse_g$func$src/leanvm_b_m2_scalar_controller.sv:77$327.$result[32:0]$8062
    36/5308: $36\reverse_g$func$src/leanvm_b_m2_scalar_controller.sv:77$327.$result[32:0]$8058
    37/5308: $35\reverse_g$func$src/leanvm_b_m2_scalar_controller.sv:77$327.$result[32:0]$8054
    38/5308: $34\reverse_g$func$src/leanvm_b_m2_scalar_controller.sv:77$327.$result[32:0]$8050
    39/5308: $33\reverse_g$func$src/leanvm_b_m2_scalar_controller.sv:77$327.$result[32:0]$8046
    40/5308: $32\reverse_g$func$src/leanvm_b_m2_scalar_controller.sv:77$327.$result[32:0]$8042
    41/5308: $31\reverse_g$func$src/leanvm_b_m2_scalar_controller.sv:77$327.$result[32:0]$8038
    42/5308: $30\reverse_g$func$src/leanvm_b_m2_scalar_controller.sv:77$327.$result[32:0]$8034
    43/5308: $29\reverse_g$func$src/leanvm_b_m2_scalar_controller.sv:77$327.$result[32:0]$8030
    44/5308: $28\reverse_g$func$src/leanvm_b_m2_scalar_controller.sv:77$327.$result[32:0]$8026
    45/5308: $27\reverse_g$func$src/leanvm_b_m2_scalar_controller.sv:77$327.$result[32:0]$8022
    46/5308: $26\reverse_g$func$src/leanvm_b_m2_scalar_controller.sv:77$327.$result[32:0]$8018
    47/5308: $25\reverse_g$func$src/leanvm_b_m2_scalar_controller.sv:77$327.$result[32:0]$8014
    48/5308: $24\reverse_g$func$src/leanvm_b_m2_scalar_controller.sv:77$327.$result[32:0]$8010
    49/5308: $23\reverse_g$func$src/leanvm_b_m2_scalar_controller.sv:77$327.$result[32:0]$8006
    50/5308: $22\reverse_g$func$src/leanvm_b_m2_scalar_controller.sv:77$327.$result[32:0]$8002
    51/5308: $21\reverse_g$func$src/leanvm_b_m2_scalar_controller.sv:77$327.$result[32:0]$7998
    52/5308: $20\reverse_g$func$src/leanvm_b_m2_scalar_controller.sv:77$327.$result[32:0]$7994
    53/5308: $19\reverse_g$func$src/leanvm_b_m2_scalar_controller.sv:77$327.$result[32:0]$7990
    54/5308: $18\reverse_g$func$src/leanvm_b_m2_scalar_controller.sv:77$327.$result[32:0]$7986
    55/5308: $17\reverse_g$func$src/leanvm_b_m2_scalar_controller.sv:77$327.$result[32:0]$7982
    56/5308: $16\reverse_g$func$src/leanvm_b_m2_scalar_controller.sv:77$327.$result[32:0]$7978
    57/5308: $15\reverse_g$func$src/leanvm_b_m2_scalar_controller.sv:77$327.$result[32:0]$7974
    58/5308: $14\reverse_g$func$src/leanvm_b_m2_scalar_controller.sv:77$327.$result[32:0]$7970
    59/5308: $13\reverse_g$func$src/leanvm_b_m2_scalar_controller.sv:77$327.$result[32:0]$7966
    60/5308: $12\reverse_g$func$src/leanvm_b_m2_scalar_controller.sv:77$327.$result[32:0]$7962
    61/5308: $11\reverse_g$func$src/leanvm_b_m2_scalar_controller.sv:77$327.$result[32:0]$7958
    62/5308: $10\reverse_g$func$src/leanvm_b_m2_scalar_controller.sv:77$327.$result[32:0]$7954
    63/5308: $9\reverse_g$func$src/leanvm_b_m2_scalar_controller.sv:77$327.$result[32:0]$7950
    64/5308: $8\reverse_g$func$src/leanvm_b_m2_scalar_controller.sv:77$327.$result[32:0]$7947
    65/5308: $71\reverse_g$func$src/leanvm_b_m2_scalar_controller.sv:77$262.$result[32:0]$7943
    66/5308: $70\reverse_g$func$src/leanvm_b_m2_scalar_controller.sv:77$262.$result[32:0]$7939
    67/5308: $69\reverse_g$func$src/leanvm_b_m2_scalar_controller.sv:77$262.$result[32:0]$7935
    68/5308: $68\reverse_g$func$src/leanvm_b_m2_scalar_controller.sv:77$262.$result[32:0]$7931
    69/5308: $67\reverse_g$func$src/leanvm_b_m2_scalar_controller.sv:77$262.$result[32:0]$7927
    70/5308: $66\reverse_g$func$src/leanvm_b_m2_scalar_controller.sv:77$262.$result[32:0]$7923
    71/5308: $65\reverse_g$func$src/leanvm_b_m2_scalar_controller.sv:77$262.$result[32:0]$7919
    72/5308: $64\reverse_g$func$src/leanvm_b_m2_scalar_controller.sv:77$262.$result[32:0]$7915
    73/5308: $63\reverse_g$func$src/leanvm_b_m2_scalar_controller.sv:77$262.$result[32:0]$7911
    74/5308: $62\reverse_g$func$src/leanvm_b_m2_scalar_controller.sv:77$262.$result[32:0]$7907
    75/5308: $61\reverse_g$func$src/leanvm_b_m2_scalar_controller.sv:77$262.$result[32:0]$7903
    76/5308: $60\reverse_g$func$src/leanvm_b_m2_scalar_controller.sv:77$262.$result[32:0]$7899
    77/5308: $59\reverse_g$func$src/leanvm_b_m2_scalar_controller.sv:77$262.$result[32:0]$7895
    78/5308: $58\reverse_g$func$src/leanvm_b_m2_scalar_controller.sv:77$262.$result[32:0]$7891
    79/5308: $57\reverse_g$func$src/leanvm_b_m2_scalar_controller.sv:77$262.$result[32:0]$7887
    80/5308: $56\reverse_g$func$src/leanvm_b_m2_scalar_controller.sv:77$262.$result[32:0]$7883
    81/5308: $55\reverse_g$func$src/leanvm_b_m2_scalar_controller.sv:77$262.$result[32:0]$7879
    82/5308: $54\reverse_g$func$src/leanvm_b_m2_scalar_controller.sv:77$262.$result[32:0]$7875
    83/5308: $53\reverse_g$func$src/leanvm_b_m2_scalar_controller.sv:77$262.$result[32:0]$7871
    84/5308: $52\reverse_g$func$src/leanvm_b_m2_scalar_controller.sv:77$262.$result[32:0]$7867
    85/5308: $51\reverse_g$func$src/leanvm_b_m2_scalar_controller.sv:77$262.$result[32:0]$7863
    86/5308: $50\reverse_g$func$src/leanvm_b_m2_scalar_controller.sv:77$262.$result[32:0]$7859
    87/5308: $49\reverse_g$func$src/leanvm_b_m2_scalar_controller.sv:77$262.$result[32:0]$7855
    88/5308: $48\reverse_g$func$src/leanvm_b_m2_scalar_controller.sv:77$262.$result[32:0]$7851
    89/5308: $47\reverse_g$func$src/leanvm_b_m2_scalar_controller.sv:77$262.$result[32:0]$7847
    90/5308: $46\reverse_g$func$src/leanvm_b_m2_scalar_controller.sv:77$262.$result[32:0]$7843
    91/5308: $45\reverse_g$func$src/leanvm_b_m2_scalar_controller.sv:77$262.$result[32:0]$7839
    92/5308: $44\reverse_g$func$src/leanvm_b_m2_scalar_controller.sv:77$262.$result[32:0]$7835
    93/5308: $43\reverse_g$func$src/leanvm_b_m2_scalar_controller.sv:77$262.$result[32:0]$7831
    94/5308: $42\reverse_g$func$src/leanvm_b_m2_scalar_controller.sv:77$262.$result[32:0]$7827
    95/5308: $41\reverse_g$func$src/leanvm_b_m2_scalar_controller.sv:77$262.$result[32:0]$7823
    96/5308: $40\reverse_g$func$src/leanvm_b_m2_scalar_controller.sv:77$262.$result[32:0]$7819
    97/5308: $39\reverse_g$func$src/leanvm_b_m2_scalar_controller.sv:77$262.$result[32:0]$7815
    98/5308: $38\reverse_g$func$src/leanvm_b_m2_scalar_controller.sv:77$262.$result[32:0]$7811
    99/5308: $37\reverse_g$func$src/leanvm_b_m2_scalar_controller.sv:77$262.$result[32:0]$7807
   100/5308: $36\reverse_g$func$src/leanvm_b_m2_scalar_controller.sv:77$262.$result[32:0]$7803
   101/5308: $35\reverse_g$func$src/leanvm_b_m2_scalar_controller.sv:77$262.$result[32:0]$7799
   102/5308: $34\reverse_g$func$src/leanvm_b_m2_scalar_controller.sv:77$262.$result[32:0]$7795
   103/5308: $33\reverse_g$func$src/leanvm_b_m2_scalar_controller.sv:77$262.$result[32:0]$7791
   104/5308: $32\reverse_g$func$src/leanvm_b_m2_scalar_controller.sv:77$262.$result[32:0]$7787
   105/5308: $31\reverse_g$func$src/leanvm_b_m2_scalar_controller.sv:77$262.$result[32:0]$7783
   106/5308: $30\reverse_g$func$src/leanvm_b_m2_scalar_controller.sv:77$262.$result[32:0]$7779
   107/5308: $29\reverse_g$func$src/leanvm_b_m2_scalar_controller.sv:77$262.$result[32:0]$7775
   108/5308: $28\reverse_g$func$src/leanvm_b_m2_scalar_controller.sv:77$262.$result[32:0]$7771
   109/5308: $27\reverse_g$func$src/leanvm_b_m2_scalar_controller.sv:77$262.$result[32:0]$7767
   110/5308: $26\reverse_g$func$src/leanvm_b_m2_scalar_controller.sv:77$262.$result[32:0]$7763
   111/5308: $25\reverse_g$func$src/leanvm_b_m2_scalar_controller.sv:77$262.$result[32:0]$7759
   112/5308: $24\reverse_g$func$src/leanvm_b_m2_scalar_controller.sv:77$262.$result[32:0]$7755
   113/5308: $23\reverse_g$func$src/leanvm_b_m2_scalar_controller.sv:77$262.$result[32:0]$7751
   114/5308: $22\reverse_g$func$src/leanvm_b_m2_scalar_controller.sv:77$262.$result[32:0]$7747
   115/5308: $21\reverse_g$func$src/leanvm_b_m2_scalar_controller.sv:77$262.$result[32:0]$7743
   116/5308: $20\reverse_g$func$src/leanvm_b_m2_scalar_controller.sv:77$262.$result[32:0]$7739
   117/5308: $19\reverse_g$func$src/leanvm_b_m2_scalar_controller.sv:77$262.$result[32:0]$7735
   118/5308: $18\reverse_g$func$src/leanvm_b_m2_scalar_controller.sv:77$262.$result[32:0]$7731
   119/5308: $17\reverse_g$func$src/leanvm_b_m2_scalar_controller.sv:77$262.$result[32:0]$7727
   120/5308: $16\reverse_g$func$src/leanvm_b_m2_scalar_controller.sv:77$262.$result[32:0]$7723
   121/5308: $15\reverse_g$func$src/leanvm_b_m2_scalar_controller.sv:77$262.$result[32:0]$7719
   122/5308: $14\reverse_g$func$src/leanvm_b_m2_scalar_controller.sv:77$262.$result[32:0]$7715
   123/5308: $13\reverse_g$func$src/leanvm_b_m2_scalar_controller.sv:77$262.$result[32:0]$7711
   124/5308: $12\reverse_g$func$src/leanvm_b_m2_scalar_controller.sv:77$262.$result[32:0]$7707
   125/5308: $11\reverse_g$func$src/leanvm_b_m2_scalar_controller.sv:77$262.$result[32:0]$7703
   126/5308: $10\reverse_g$func$src/leanvm_b_m2_scalar_controller.sv:77$262.$result[32:0]$7699
   127/5308: $9\reverse_g$func$src/leanvm_b_m2_scalar_controller.sv:77$262.$result[32:0]$7695
   128/5308: $8\reverse_g$func$src/leanvm_b_m2_scalar_controller.sv:77$262.$result[32:0]$7692
   129/5308: $7\controller.reverse_ok_f[0:0]
   130/5308: $7\xtime$func$src/leanvm_b_m2_scalar_controller.sv:31$391.$result[127:0]$7688
   131/5308: $7\xtime$func$src/leanvm_b_m2_scalar_controller.sv:31$390.x[127:0]$7687
   132/5308: $7\xtime$func$src/leanvm_b_m2_scalar_controller.sv:31$390.$result[127:0]$7686
   133/5308: $7\xtime$func$src/leanvm_b_m2_scalar_controller.sv:31$389.x[127:0]$7685
   134/5308: $7\xtime$func$src/leanvm_b_m2_scalar_controller.sv:31$389.$result[127:0]$7684
   135/5308: $7\xtime$func$src/leanvm_b_m2_scalar_controller.sv:31$388.x[127:0]$7683
   136/5308: $7\xtime$func$src/leanvm_b_m2_scalar_controller.sv:31$388.$result[127:0]$7682
   137/5308: $7\xtime$func$src/leanvm_b_m2_scalar_controller.sv:31$387.x[127:0]$7681
   138/5308: $7\xtime$func$src/leanvm_b_m2_scalar_controller.sv:31$387.$result[127:0]$7680
   139/5308: $7\xtime$func$src/leanvm_b_m2_scalar_controller.sv:31$386.x[127:0]$7679
   140/5308: $7\xtime$func$src/leanvm_b_m2_scalar_controller.sv:31$386.$result[127:0]$7678
   141/5308: $7\xtime$func$src/leanvm_b_m2_scalar_controller.sv:31$385.x[127:0]$7677
   142/5308: $7\xtime$func$src/leanvm_b_m2_scalar_controller.sv:31$385.$result[127:0]$7676
   143/5308: $7\xtime$func$src/leanvm_b_m2_scalar_controller.sv:31$384.x[127:0]$7675
   144/5308: $7\xtime$func$src/leanvm_b_m2_scalar_controller.sv:31$384.$result[127:0]$7674
   145/5308: $7\xtime$func$src/leanvm_b_m2_scalar_controller.sv:31$383.x[127:0]$7673
   146/5308: $7\xtime$func$src/leanvm_b_m2_scalar_controller.sv:31$383.$result[127:0]$7672
   147/5308: $7\xtime$func$src/leanvm_b_m2_scalar_controller.sv:31$382.x[127:0]$7671
   148/5308: $7\xtime$func$src/leanvm_b_m2_scalar_controller.sv:31$382.$result[127:0]$7670
   149/5308: $7\xtime$func$src/leanvm_b_m2_scalar_controller.sv:31$381.x[127:0]$7669
   150/5308: $7\xtime$func$src/leanvm_b_m2_scalar_controller.sv:31$381.$result[127:0]$7668
   151/5308: $7\xtime$func$src/leanvm_b_m2_scalar_controller.sv:31$380.x[127:0]$7667
   152/5308: $7\xtime$func$src/leanvm_b_m2_scalar_controller.sv:31$380.$result[127:0]$7666
   153/5308: $7\xtime$func$src/leanvm_b_m2_scalar_controller.sv:31$379.x[127:0]$7665
   154/5308: $7\xtime$func$src/leanvm_b_m2_scalar_controller.sv:31$379.$result[127:0]$7664
   155/5308: $7\xtime$func$src/leanvm_b_m2_scalar_controller.sv:31$378.x[127:0]$7663
   156/5308: $7\xtime$func$src/leanvm_b_m2_scalar_controller.sv:31$378.$result[127:0]$7662
   157/5308: $7\xtime$func$src/leanvm_b_m2_scalar_controller.sv:31$377.x[127:0]$7661
   158/5308: $7\xtime$func$src/leanvm_b_m2_scalar_controller.sv:31$377.$result[127:0]$7660
   159/5308: $7\xtime$func$src/leanvm_b_m2_scalar_controller.sv:31$376.x[127:0]$7659
   160/5308: $7\xtime$func$src/leanvm_b_m2_scalar_controller.sv:31$376.$result[127:0]$7658
   161/5308: $7\xtime$func$src/leanvm_b_m2_scalar_controller.sv:31$375.x[127:0]$7657
   162/5308: $7\xtime$func$src/leanvm_b_m2_scalar_controller.sv:31$375.$result[127:0]$7656
   163/5308: $7\xtime$func$src/leanvm_b_m2_scalar_controller.sv:31$374.x[127:0]$7655
   164/5308: $7\xtime$func$src/leanvm_b_m2_scalar_controller.sv:31$374.$result[127:0]$7654
   165/5308: $7\xtime$func$src/leanvm_b_m2_scalar_controller.sv:31$373.x[127:0]$7653
   166/5308: $7\xtime$func$src/leanvm_b_m2_scalar_controller.sv:31$373.$result[127:0]$7652
   167/5308: $7\xtime$func$src/leanvm_b_m2_scalar_controller.sv:31$372.x[127:0]$7651
   168/5308: $7\xtime$func$src/leanvm_b_m2_scalar_controller.sv:31$372.$result[127:0]$7650
   169/5308: $7\xtime$func$src/leanvm_b_m2_scalar_controller.sv:31$371.x[127:0]$7649
   170/5308: $7\xtime$func$src/leanvm_b_m2_scalar_controller.sv:31$371.$result[127:0]$7648
   171/5308: $7\xtime$func$src/leanvm_b_m2_scalar_controller.sv:31$370.x[127:0]$7647
   172/5308: $7\xtime$func$src/leanvm_b_m2_scalar_controller.sv:31$370.$result[127:0]$7646
   173/5308: $7\xtime$func$src/leanvm_b_m2_scalar_controller.sv:31$369.x[127:0]$7645
   174/5308: $7\xtime$func$src/leanvm_b_m2_scalar_controller.sv:31$369.$result[127:0]$7644
   175/5308: $7\xtime$func$src/leanvm_b_m2_scalar_controller.sv:31$368.x[127:0]$7643
   176/5308: $7\xtime$func$src/leanvm_b_m2_scalar_controller.sv:31$368.$result[127:0]$7642
   177/5308: $7\xtime$func$src/leanvm_b_m2_scalar_controller.sv:31$367.x[127:0]$7641
   178/5308: $7\xtime$func$src/leanvm_b_m2_scalar_controller.sv:31$367.$result[127:0]$7640
   179/5308: $7\xtime$func$src/leanvm_b_m2_scalar_controller.sv:31$366.x[127:0]$7639
   180/5308: $7\xtime$func$src/leanvm_b_m2_scalar_controller.sv:31$366.$result[127:0]$7638
   181/5308: $7\xtime$func$src/leanvm_b_m2_scalar_controller.sv:31$365.x[127:0]$7637
   182/5308: $7\xtime$func$src/leanvm_b_m2_scalar_controller.sv:31$365.$result[127:0]$7636
   183/5308: $7\xtime$func$src/leanvm_b_m2_scalar_controller.sv:31$364.x[127:0]$7635
   184/5308: $7\xtime$func$src/leanvm_b_m2_scalar_controller.sv:31$364.$result[127:0]$7634
   185/5308: $7\xtime$func$src/leanvm_b_m2_scalar_controller.sv:31$363.x[127:0]$7633
   186/5308: $7\xtime$func$src/leanvm_b_m2_scalar_controller.sv:31$363.$result[127:0]$7632
   187/5308: $7\xtime$func$src/leanvm_b_m2_scalar_controller.sv:31$362.x[127:0]$7631
   188/5308: $7\xtime$func$src/leanvm_b_m2_scalar_controller.sv:31$362.$result[127:0]$7630
   189/5308: $7\xtime$func$src/leanvm_b_m2_scalar_controller.sv:31$361.x[127:0]$7629
   190/5308: $7\xtime$func$src/leanvm_b_m2_scalar_controller.sv:31$361.$result[127:0]$7628
   191/5308: $7\xtime$func$src/leanvm_b_m2_scalar_controller.sv:31$360.x[127:0]$7627
   192/5308: $7\xtime$func$src/leanvm_b_m2_scalar_controller.sv:31$360.$result[127:0]$7626
   193/5308: $7\xtime$func$src/leanvm_b_m2_scalar_controller.sv:31$359.x[127:0]$7625
   194/5308: $7\xtime$func$src/leanvm_b_m2_scalar_controller.sv:31$359.$result[127:0]$7624
   195/5308: $7\xtime$func$src/leanvm_b_m2_scalar_controller.sv:31$358.x[127:0]$7623
   196/5308: $7\xtime$func$src/leanvm_b_m2_scalar_controller.sv:31$358.$result[127:0]$7622
   197/5308: $7\xtime$func$src/leanvm_b_m2_scalar_controller.sv:31$357.x[127:0]$7621
   198/5308: $7\xtime$func$src/leanvm_b_m2_scalar_controller.sv:31$357.$result[127:0]$7620
   199/5308: $7\xtime$func$src/leanvm_b_m2_scalar_controller.sv:31$356.x[127:0]$7619
   200/5308: $7\xtime$func$src/leanvm_b_m2_scalar_controller.sv:31$356.$result[127:0]$7618
   201/5308: $7\xtime$func$src/leanvm_b_m2_scalar_controller.sv:31$355.x[127:0]$7617
   202/5308: $7\xtime$func$src/leanvm_b_m2_scalar_controller.sv:31$355.$result[127:0]$7616
   203/5308: $7\xtime$func$src/leanvm_b_m2_scalar_controller.sv:31$354.x[127:0]$7615
   204/5308: $7\xtime$func$src/leanvm_b_m2_scalar_controller.sv:31$354.$result[127:0]$7614
   205/5308: $7\xtime$func$src/leanvm_b_m2_scalar_controller.sv:31$353.x[127:0]$7613
   206/5308: $7\xtime$func$src/leanvm_b_m2_scalar_controller.sv:31$353.$result[127:0]$7612
   207/5308: $7\xtime$func$src/leanvm_b_m2_scalar_controller.sv:31$352.x[127:0]$7611
   208/5308: $7\xtime$func$src/leanvm_b_m2_scalar_controller.sv:31$352.$result[127:0]$7610
   209/5308: $7\xtime$func$src/leanvm_b_m2_scalar_controller.sv:31$351.x[127:0]$7609
   210/5308: $7\xtime$func$src/leanvm_b_m2_scalar_controller.sv:31$351.$result[127:0]$7608
   211/5308: $7\xtime$func$src/leanvm_b_m2_scalar_controller.sv:31$350.x[127:0]$7607
   212/5308: $7\xtime$func$src/leanvm_b_m2_scalar_controller.sv:31$350.$result[127:0]$7606
   213/5308: $7\xtime$func$src/leanvm_b_m2_scalar_controller.sv:31$349.x[127:0]$7605
   214/5308: $7\xtime$func$src/leanvm_b_m2_scalar_controller.sv:31$349.$result[127:0]$7604
   215/5308: $7\xtime$func$src/leanvm_b_m2_scalar_controller.sv:31$348.x[127:0]$7603
   216/5308: $7\xtime$func$src/leanvm_b_m2_scalar_controller.sv:31$348.$result[127:0]$7602
   217/5308: $7\xtime$func$src/leanvm_b_m2_scalar_controller.sv:31$347.x[127:0]$7601
   218/5308: $7\xtime$func$src/leanvm_b_m2_scalar_controller.sv:31$347.$result[127:0]$7600
   219/5308: $7\xtime$func$src/leanvm_b_m2_scalar_controller.sv:31$346.x[127:0]$7599
   220/5308: $7\xtime$func$src/leanvm_b_m2_scalar_controller.sv:31$346.$result[127:0]$7598
   221/5308: $7\xtime$func$src/leanvm_b_m2_scalar_controller.sv:31$345.x[127:0]$7597
   222/5308: $7\xtime$func$src/leanvm_b_m2_scalar_controller.sv:31$345.$result[127:0]$7596
   223/5308: $7\xtime$func$src/leanvm_b_m2_scalar_controller.sv:31$344.x[127:0]$7595
   224/5308: $7\xtime$func$src/leanvm_b_m2_scalar_controller.sv:31$344.$result[127:0]$7594
   225/5308: $7\xtime$func$src/leanvm_b_m2_scalar_controller.sv:31$343.x[127:0]$7593
   226/5308: $7\xtime$func$src/leanvm_b_m2_scalar_controller.sv:31$343.$result[127:0]$7592
   227/5308: $7\xtime$func$src/leanvm_b_m2_scalar_controller.sv:31$342.x[127:0]$7591
   228/5308: $7\xtime$func$src/leanvm_b_m2_scalar_controller.sv:31$342.$result[127:0]$7590
   229/5308: $7\xtime$func$src/leanvm_b_m2_scalar_controller.sv:31$341.x[127:0]$7589
   230/5308: $7\xtime$func$src/leanvm_b_m2_scalar_controller.sv:31$341.$result[127:0]$7588
   231/5308: $7\xtime$func$src/leanvm_b_m2_scalar_controller.sv:31$340.x[127:0]$7587
   232/5308: $7\xtime$func$src/leanvm_b_m2_scalar_controller.sv:31$340.$result[127:0]$7586
   233/5308: $7\xtime$func$src/leanvm_b_m2_scalar_controller.sv:31$339.x[127:0]$7585
   234/5308: $7\xtime$func$src/leanvm_b_m2_scalar_controller.sv:31$339.$result[127:0]$7584
   235/5308: $7\xtime$func$src/leanvm_b_m2_scalar_controller.sv:31$338.x[127:0]$7583
   236/5308: $7\xtime$func$src/leanvm_b_m2_scalar_controller.sv:31$338.$result[127:0]$7582
   237/5308: $7\xtime$func$src/leanvm_b_m2_scalar_controller.sv:31$337.x[127:0]$7581
   238/5308: $7\xtime$func$src/leanvm_b_m2_scalar_controller.sv:31$337.$result[127:0]$7580
   239/5308: $7\xtime$func$src/leanvm_b_m2_scalar_controller.sv:31$336.x[127:0]$7579
   240/5308: $7\xtime$func$src/leanvm_b_m2_scalar_controller.sv:31$336.$result[127:0]$7578
   241/5308: $7\xtime$func$src/leanvm_b_m2_scalar_controller.sv:31$335.x[127:0]$7577
   242/5308: $7\xtime$func$src/leanvm_b_m2_scalar_controller.sv:31$335.$result[127:0]$7576
   243/5308: $7\xtime$func$src/leanvm_b_m2_scalar_controller.sv:31$334.x[127:0]$7575
   244/5308: $7\xtime$func$src/leanvm_b_m2_scalar_controller.sv:31$334.$result[127:0]$7574
   245/5308: $7\xtime$func$src/leanvm_b_m2_scalar_controller.sv:31$333.x[127:0]$7573
   246/5308: $7\xtime$func$src/leanvm_b_m2_scalar_controller.sv:31$333.$result[127:0]$7572
   247/5308: $7\xtime$func$src/leanvm_b_m2_scalar_controller.sv:31$332.x[127:0]$7571
   248/5308: $7\xtime$func$src/leanvm_b_m2_scalar_controller.sv:31$332.$result[127:0]$7570
   249/5308: $7\xtime$func$src/leanvm_b_m2_scalar_controller.sv:31$331.x[127:0]$7569
   250/5308: $7\xtime$func$src/leanvm_b_m2_scalar_controller.sv:31$331.$result[127:0]$7568
   251/5308: $7\xtime$func$src/leanvm_b_m2_scalar_controller.sv:31$330.x[127:0]$7567
   252/5308: $7\xtime$func$src/leanvm_b_m2_scalar_controller.sv:31$330.$result[127:0]$7566
   253/5308: $7\xtime$func$src/leanvm_b_m2_scalar_controller.sv:31$329.x[127:0]$7565
   254/5308: $7\xtime$func$src/leanvm_b_m2_scalar_controller.sv:31$329.$result[127:0]$7564
   255/5308: $7\xtime$func$src/leanvm_b_m2_scalar_controller.sv:31$328.x[127:0]$7563
   256/5308: $7\xtime$func$src/leanvm_b_m2_scalar_controller.sv:31$328.$result[127:0]$7562
   257/5308: $7\reverse_g$func$src/leanvm_b_m2_scalar_controller.sv:77$327.candidate[127:0]$7561
   258/5308: $7\reverse_g$func$src/leanvm_b_m2_scalar_controller.sv:77$327.n[31:0]$7560
   259/5308: $7\reverse_g$func$src/leanvm_b_m2_scalar_controller.sv:77$327.value[127:0]$7559
   260/5308: $7\reverse_g$func$src/leanvm_b_m2_scalar_controller.sv:77$327.$result[32:0]$7558
   261/5308: $7\xtime$func$src/leanvm_b_m2_scalar_controller.sv:31$326.x[127:0]$7557
   262/5308: $7\xtime$func$src/leanvm_b_m2_scalar_controller.sv:31$326.$result[127:0]$7556
   263/5308: $7\xtime$func$src/leanvm_b_m2_scalar_controller.sv:31$325.x[127:0]$7555
   264/5308: $7\xtime$func$src/leanvm_b_m2_scalar_controller.sv:31$325.$result[127:0]$7554
   265/5308: $7\xtime$func$src/leanvm_b_m2_scalar_controller.sv:31$324.x[127:0]$7553
   266/5308: $7\xtime$func$src/leanvm_b_m2_scalar_controller.sv:31$324.$result[127:0]$7552
   267/5308: $7\xtime$func$src/leanvm_b_m2_scalar_controller.sv:31$323.x[127:0]$7551
   268/5308: $7\xtime$func$src/leanvm_b_m2_scalar_controller.sv:31$323.$result[127:0]$7550
   269/5308: $7\xtime$func$src/leanvm_b_m2_scalar_controller.sv:31$322.x[127:0]$7549
   270/5308: $7\xtime$func$src/leanvm_b_m2_scalar_controller.sv:31$322.$result[127:0]$7548
   271/5308: $7\xtime$func$src/leanvm_b_m2_scalar_controller.sv:31$321.x[127:0]$7547
   272/5308: $7\xtime$func$src/leanvm_b_m2_scalar_controller.sv:31$321.$result[127:0]$7546
   273/5308: $7\xtime$func$src/leanvm_b_m2_scalar_controller.sv:31$320.x[127:0]$7545
   274/5308: $7\xtime$func$src/leanvm_b_m2_scalar_controller.sv:31$320.$result[127:0]$7544
   275/5308: $7\xtime$func$src/leanvm_b_m2_scalar_controller.sv:31$319.x[127:0]$7543
   276/5308: $7\xtime$func$src/leanvm_b_m2_scalar_controller.sv:31$319.$result[127:0]$7542
   277/5308: $7\xtime$func$src/leanvm_b_m2_scalar_controller.sv:31$318.x[127:0]$7541
   278/5308: $7\xtime$func$src/leanvm_b_m2_scalar_controller.sv:31$318.$result[127:0]$7540
   279/5308: $7\xtime$func$src/leanvm_b_m2_scalar_controller.sv:31$317.x[127:0]$7539
   280/5308: $7\xtime$func$src/leanvm_b_m2_scalar_controller.sv:31$317.$result[127:0]$7538
   281/5308: $7\xtime$func$src/leanvm_b_m2_scalar_controller.sv:31$316.x[127:0]$7537
   282/5308: $7\xtime$func$src/leanvm_b_m2_scalar_controller.sv:31$316.$result[127:0]$7536
   283/5308: $7\xtime$func$src/leanvm_b_m2_scalar_controller.sv:31$315.x[127:0]$7535
   284/5308: $7\xtime$func$src/leanvm_b_m2_scalar_controller.sv:31$315.$result[127:0]$7534
   285/5308: $7\xtime$func$src/leanvm_b_m2_scalar_controller.sv:31$314.x[127:0]$7533
   286/5308: $7\xtime$func$src/leanvm_b_m2_scalar_controller.sv:31$314.$result[127:0]$7532
   287/5308: $7\xtime$func$src/leanvm_b_m2_scalar_controller.sv:31$313.x[127:0]$7531
   288/5308: $7\xtime$func$src/leanvm_b_m2_scalar_controller.sv:31$313.$result[127:0]$7530
   289/5308: $7\xtime$func$src/leanvm_b_m2_scalar_controller.sv:31$312.x[127:0]$7529
   290/5308: $7\xtime$func$src/leanvm_b_m2_scalar_controller.sv:31$312.$result[127:0]$7528
   291/5308: $7\xtime$func$src/leanvm_b_m2_scalar_controller.sv:31$311.x[127:0]$7527
   292/5308: $7\xtime$func$src/leanvm_b_m2_scalar_controller.sv:31$311.$result[127:0]$7526
   293/5308: $7\xtime$func$src/leanvm_b_m2_scalar_controller.sv:31$310.x[127:0]$7525
   294/5308: $7\xtime$func$src/leanvm_b_m2_scalar_controller.sv:31$310.$result[127:0]$7524
   295/5308: $7\xtime$func$src/leanvm_b_m2_scalar_controller.sv:31$309.x[127:0]$7523
   296/5308: $7\xtime$func$src/leanvm_b_m2_scalar_controller.sv:31$309.$result[127:0]$7522
   297/5308: $7\xtime$func$src/leanvm_b_m2_scalar_controller.sv:31$308.x[127:0]$7521
   298/5308: $7\xtime$func$src/leanvm_b_m2_scalar_controller.sv:31$308.$result[127:0]$7520
   299/5308: $7\xtime$func$src/leanvm_b_m2_scalar_controller.sv:31$307.x[127:0]$7519
   300/5308: $7\xtime$func$src/leanvm_b_m2_scalar_controller.sv:31$307.$result[127:0]$7518
   301/5308: $7\xtime$func$src/leanvm_b_m2_scalar_controller.sv:31$306.x[127:0]$7517
   302/5308: $7\xtime$func$src/leanvm_b_m2_scalar_controller.sv:31$306.$result[127:0]$7516
   303/5308: $7\xtime$func$src/leanvm_b_m2_scalar_controller.sv:31$305.x[127:0]$7515
   304/5308: $7\xtime$func$src/leanvm_b_m2_scalar_controller.sv:31$305.$result[127:0]$7514
   305/5308: $7\xtime$func$src/leanvm_b_m2_scalar_controller.sv:31$304.x[127:0]$7513
   306/5308: $7\xtime$func$src/leanvm_b_m2_scalar_controller.sv:31$304.$result[127:0]$7512
   307/5308: $7\xtime$func$src/leanvm_b_m2_scalar_controller.sv:31$303.x[127:0]$7511
   308/5308: $7\xtime$func$src/leanvm_b_m2_scalar_controller.sv:31$303.$result[127:0]$7510
   309/5308: $7\xtime$func$src/leanvm_b_m2_scalar_controller.sv:31$302.x[127:0]$7509
   310/5308: $7\xtime$func$src/leanvm_b_m2_scalar_controller.sv:31$302.$result[127:0]$7508
   311/5308: $7\xtime$func$src/leanvm_b_m2_scalar_controller.sv:31$301.x[127:0]$7507
   312/5308: $7\xtime$func$src/leanvm_b_m2_scalar_controller.sv:31$301.$result[127:0]$7506
   313/5308: $7\xtime$func$src/leanvm_b_m2_scalar_controller.sv:31$300.x[127:0]$7505
   314/5308: $7\xtime$func$src/leanvm_b_m2_scalar_controller.sv:31$300.$result[127:0]$7504
   315/5308: $7\xtime$func$src/leanvm_b_m2_scalar_controller.sv:31$299.x[127:0]$7503
   316/5308: $7\xtime$func$src/leanvm_b_m2_scalar_controller.sv:31$299.$result[127:0]$7502
   317/5308: $7\xtime$func$src/leanvm_b_m2_scalar_controller.sv:31$298.x[127:0]$7501
   318/5308: $7\xtime$func$src/leanvm_b_m2_scalar_controller.sv:31$298.$result[127:0]$7500
   319/5308: $7\xtime$func$src/leanvm_b_m2_scalar_controller.sv:31$297.x[127:0]$7499
   320/5308: $7\xtime$func$src/leanvm_b_m2_scalar_controller.sv:31$297.$result[127:0]$7498
   321/5308: $7\xtime$func$src/leanvm_b_m2_scalar_controller.sv:31$296.x[127:0]$7497
   322/5308: $7\xtime$func$src/leanvm_b_m2_scalar_controller.sv:31$296.$result[127:0]$7496
   323/5308: $7\xtime$func$src/leanvm_b_m2_scalar_controller.sv:31$295.x[127:0]$7495
   324/5308: $7\xtime$func$src/leanvm_b_m2_scalar_controller.sv:31$295.$result[127:0]$7494
   325/5308: $7\xtime$func$src/leanvm_b_m2_scalar_controller.sv:31$294.x[127:0]$7493
   326/5308: $7\xtime$func$src/leanvm_b_m2_scalar_controller.sv:31$294.$result[127:0]$7492
   327/5308: $7\xtime$func$src/leanvm_b_m2_scalar_controller.sv:31$293.x[127:0]$7491
   328/5308: $7\xtime$func$src/leanvm_b_m2_scalar_controller.sv:31$293.$result[127:0]$7490
   329/5308: $7\xtime$func$src/leanvm_b_m2_scalar_controller.sv:31$292.x[127:0]$7489
   330/5308: $7\xtime$func$src/leanvm_b_m2_scalar_controller.sv:31$292.$result[127:0]$7488
   331/5308: $7\xtime$func$src/leanvm_b_m2_scalar_controller.sv:31$291.x[127:0]$7487
   332/5308: $7\xtime$func$src/leanvm_b_m2_scalar_controller.sv:31$291.$result[127:0]$7486
   333/5308: $7\xtime$func$src/leanvm_b_m2_scalar_controller.sv:31$290.x[127:0]$7485
   334/5308: $7\xtime$func$src/leanvm_b_m2_scalar_controller.sv:31$290.$result[127:0]$7484
   335/5308: $7\xtime$func$src/leanvm_b_m2_scalar_controller.sv:31$289.x[127:0]$7483
   336/5308: $7\xtime$func$src/leanvm_b_m2_scalar_controller.sv:31$289.$result[127:0]$7482
   337/5308: $7\xtime$func$src/leanvm_b_m2_scalar_controller.sv:31$288.x[127:0]$7481
   338/5308: $7\xtime$func$src/leanvm_b_m2_scalar_controller.sv:31$288.$result[127:0]$7480
   339/5308: $7\xtime$func$src/leanvm_b_m2_scalar_controller.sv:31$287.x[127:0]$7479
   340/5308: $7\xtime$func$src/leanvm_b_m2_scalar_controller.sv:31$287.$result[127:0]$7478
   341/5308: $7\xtime$func$src/leanvm_b_m2_scalar_controller.sv:31$286.x[127:0]$7477
   342/5308: $7\xtime$func$src/leanvm_b_m2_scalar_controller.sv:31$286.$result[127:0]$7476
   343/5308: $7\xtime$func$src/leanvm_b_m2_scalar_controller.sv:31$285.x[127:0]$7475
   344/5308: $7\xtime$func$src/leanvm_b_m2_scalar_controller.sv:31$285.$result[127:0]$7474
   345/5308: $7\xtime$func$src/leanvm_b_m2_scalar_controller.sv:31$284.x[127:0]$7473
   346/5308: $7\xtime$func$src/leanvm_b_m2_scalar_controller.sv:31$284.$result[127:0]$7472
   347/5308: $7\xtime$func$src/leanvm_b_m2_scalar_controller.sv:31$283.x[127:0]$7471
   348/5308: $7\xtime$func$src/leanvm_b_m2_scalar_controller.sv:31$283.$result[127:0]$7470
   349/5308: $7\xtime$func$src/leanvm_b_m2_scalar_controller.sv:31$282.x[127:0]$7469
   350/5308: $7\xtime$func$src/leanvm_b_m2_scalar_controller.sv:31$282.$result[127:0]$7468
   351/5308: $7\xtime$func$src/leanvm_b_m2_scalar_controller.sv:31$281.x[127:0]$7467
   352/5308: $7\xtime$func$src/leanvm_b_m2_scalar_controller.sv:31$281.$result[127:0]$7466
   353/5308: $7\xtime$func$src/leanvm_b_m2_scalar_controller.sv:31$280.x[127:0]$7465
   354/5308: $7\xtime$func$src/leanvm_b_m2_scalar_controller.sv:31$280.$result[127:0]$7464
   355/5308: $7\xtime$func$src/leanvm_b_m2_scalar_controller.sv:31$279.x[127:0]$7463
   356/5308: $7\xtime$func$src/leanvm_b_m2_scalar_controller.sv:31$279.$result[127:0]$7462
   357/5308: $7\xtime$func$src/leanvm_b_m2_scalar_controller.sv:31$278.x[127:0]$7461
   358/5308: $7\xtime$func$src/leanvm_b_m2_scalar_controller.sv:31$278.$result[127:0]$7460
   359/5308: $7\xtime$func$src/leanvm_b_m2_scalar_controller.sv:31$277.x[127:0]$7459
   360/5308: $7\xtime$func$src/leanvm_b_m2_scalar_controller.sv:31$277.$result[127:0]$7458
   361/5308: $7\xtime$func$src/leanvm_b_m2_scalar_controller.sv:31$276.x[127:0]$7457
   362/5308: $7\xtime$func$src/leanvm_b_m2_scalar_controller.sv:31$276.$result[127:0]$7456
   363/5308: $7\xtime$func$src/leanvm_b_m2_scalar_controller.sv:31$275.x[127:0]$7455
   364/5308: $7\xtime$func$src/leanvm_b_m2_scalar_controller.sv:31$275.$result[127:0]$7454
   365/5308: $7\xtime$func$src/leanvm_b_m2_scalar_controller.sv:31$274.x[127:0]$7453
   366/5308: $7\xtime$func$src/leanvm_b_m2_scalar_controller.sv:31$274.$result[127:0]$7452
   367/5308: $7\xtime$func$src/leanvm_b_m2_scalar_controller.sv:31$273.x[127:0]$7451
   368/5308: $7\xtime$func$src/leanvm_b_m2_scalar_controller.sv:31$273.$result[127:0]$7450
   369/5308: $7\xtime$func$src/leanvm_b_m2_scalar_controller.sv:31$272.x[127:0]$7449
   370/5308: $7\xtime$func$src/leanvm_b_m2_scalar_controller.sv:31$272.$result[127:0]$7448
   371/5308: $7\xtime$func$src/leanvm_b_m2_scalar_controller.sv:31$271.x[127:0]$7447
   372/5308: $7\xtime$func$src/leanvm_b_m2_scalar_controller.sv:31$271.$result[127:0]$7446
   373/5308: $7\xtime$func$src/leanvm_b_m2_scalar_controller.sv:31$270.x[127:0]$7445
   374/5308: $7\xtime$func$src/leanvm_b_m2_scalar_controller.sv:31$270.$result[127:0]$7444
   375/5308: $7\xtime$func$src/leanvm_b_m2_scalar_controller.sv:31$269.x[127:0]$7443
   376/5308: $7\xtime$func$src/leanvm_b_m2_scalar_controller.sv:31$269.$result[127:0]$7442
   377/5308: $7\xtime$func$src/leanvm_b_m2_scalar_controller.sv:31$268.x[127:0]$7441
   378/5308: $7\xtime$func$src/leanvm_b_m2_scalar_controller.sv:31$268.$result[127:0]$7440
   379/5308: $7\xtime$func$src/leanvm_b_m2_scalar_controller.sv:31$267.x[127:0]$7439
   380/5308: $7\xtime$func$src/leanvm_b_m2_scalar_controller.sv:31$267.$result[127:0]$7438
   381/5308: $7\xtime$func$src/leanvm_b_m2_scalar_controller.sv:31$266.x[127:0]$7437
   382/5308: $7\xtime$func$src/leanvm_b_m2_scalar_controller.sv:31$266.$result[127:0]$7436
   383/5308: $7\xtime$func$src/leanvm_b_m2_scalar_controller.sv:31$265.x[127:0]$7435
   384/5308: $7\xtime$func$src/leanvm_b_m2_scalar_controller.sv:31$265.$result[127:0]$7434
   385/5308: $7\xtime$func$src/leanvm_b_m2_scalar_controller.sv:31$264.x[127:0]$7433
   386/5308: $7\xtime$func$src/leanvm_b_m2_scalar_controller.sv:31$264.$result[127:0]$7432
   387/5308: $7\xtime$func$src/leanvm_b_m2_scalar_controller.sv:31$263.x[127:0]$7431
   388/5308: $7\xtime$func$src/leanvm_b_m2_scalar_controller.sv:31$263.$result[127:0]$7430
   389/5308: $7\reverse_g$func$src/leanvm_b_m2_scalar_controller.sv:77$262.candidate[127:0]$7429
   390/5308: $7\reverse_g$func$src/leanvm_b_m2_scalar_controller.sv:77$262.n[31:0]$7428
   391/5308: $7\reverse_g$func$src/leanvm_b_m2_scalar_controller.sv:77$262.value[127:0]$7427
   392/5308: $7\reverse_g$func$src/leanvm_b_m2_scalar_controller.sv:77$262.$result[32:0]$7426
   393/5308: $7\controller.reverse_ok_d[0:0]
   394/5308: $7\xtime$func$src/leanvm_b_m2_scalar_controller.sv:31$391.x[127:0]$7689
   395/5308: $7\controller.reverse_f[31:0]
   396/5308: $7\controller.reverse_d[31:0]
   397/5308: $6\xtime$func$src/leanvm_b_m2_scalar_controller.sv:31$391.x[127:0]$7412
   398/5308: $6\xtime$func$src/leanvm_b_m2_scalar_controller.sv:31$391.$result[127:0]$7411
   399/5308: $6\xtime$func$src/leanvm_b_m2_scalar_controller.sv:31$390.x[127:0]$7410
   400/5308: $6\xtime$func$src/leanvm_b_m2_scalar_controller.sv:31$390.$result[127:0]$7409
   401/5308: $6\xtime$func$src/leanvm_b_m2_scalar_controller.sv:31$389.x[127:0]$7408
   402/5308: $6\xtime$func$src/leanvm_b_m2_scalar_controller.sv:31$389.$result[127:0]$7407
   403/5308: $6\xtime$func$src/leanvm_b_m2_scalar_controller.sv:31$388.x[127:0]$7406
   404/5308: $6\xtime$func$src/leanvm_b_m2_scalar_controller.sv:31$388.$result[127:0]$7405
   405/5308: $6\xtime$func$src/leanvm_b_m2_scalar_controller.sv:31$387.x[127:0]$7404
   406/5308: $6\xtime$func$src/leanvm_b_m2_scalar_controller.sv:31$387.$result[127:0]$7403
   407/5308: $6\xtime$func$src/leanvm_b_m2_scalar_controller.sv:31$386.x[127:0]$7402
   408/5308: $6\xtime$func$src/leanvm_b_m2_scalar_controller.sv:31$386.$result[127:0]$7401
   409/5308: $6\xtime$func$src/leanvm_b_m2_scalar_controller.sv:31$385.x[127:0]$7400
   410/5308: $6\xtime$func$src/leanvm_b_m2_scalar_controller.sv:31$385.$result[127:0]$7399
   411/5308: $6\xtime$func$src/leanvm_b_m2_scalar_controller.sv:31$384.x[127:0]$7398
   412/5308: $6\xtime$func$src/leanvm_b_m2_scalar_controller.sv:31$384.$result[127:0]$7397
   413/5308: $6\xtime$func$src/leanvm_b_m2_scalar_controller.sv:31$383.x[127:0]$7396
   414/5308: $6\xtime$func$src/leanvm_b_m2_scalar_controller.sv:31$383.$result[127:0]$7395
   415/5308: $6\xtime$func$src/leanvm_b_m2_scalar_controller.sv:31$382.x[127:0]$7394
   416/5308: $6\xtime$func$src/leanvm_b_m2_scalar_controller.sv:31$382.$result[127:0]$7393
   417/5308: $6\xtime$func$src/leanvm_b_m2_scalar_controller.sv:31$381.x[127:0]$7392
   418/5308: $6\xtime$func$src/leanvm_b_m2_scalar_controller.sv:31$381.$result[127:0]$7391
   419/5308: $6\xtime$func$src/leanvm_b_m2_scalar_controller.sv:31$380.x[127:0]$7390
   420/5308: $6\xtime$func$src/leanvm_b_m2_scalar_controller.sv:31$380.$result[127:0]$7389
   421/5308: $6\xtime$func$src/leanvm_b_m2_scalar_controller.sv:31$379.x[127:0]$7388
   422/5308: $6\xtime$func$src/leanvm_b_m2_scalar_controller.sv:31$379.$result[127:0]$7387
   423/5308: $6\xtime$func$src/leanvm_b_m2_scalar_controller.sv:31$378.x[127:0]$7386
   424/5308: $6\xtime$func$src/leanvm_b_m2_scalar_controller.sv:31$378.$result[127:0]$7385
   425/5308: $6\xtime$func$src/leanvm_b_m2_scalar_controller.sv:31$377.x[127:0]$7384
   426/5308: $6\xtime$func$src/leanvm_b_m2_scalar_controller.sv:31$377.$result[127:0]$7383
   427/5308: $6\xtime$func$src/leanvm_b_m2_scalar_controller.sv:31$376.x[127:0]$7382
   428/5308: $6\xtime$func$src/leanvm_b_m2_scalar_controller.sv:31$376.$result[127:0]$7381
   429/5308: $6\xtime$func$src/leanvm_b_m2_scalar_controller.sv:31$375.x[127:0]$7380
   430/5308: $6\xtime$func$src/leanvm_b_m2_scalar_controller.sv:31$375.$result[127:0]$7379
   431/5308: $6\xtime$func$src/leanvm_b_m2_scalar_controller.sv:31$374.x[127:0]$7378
   432/5308: $6\xtime$func$src/leanvm_b_m2_scalar_controller.sv:31$374.$result[127:0]$7377
   433/5308: $6\xtime$func$src/leanvm_b_m2_scalar_controller.sv:31$373.x[127:0]$7376
   434/5308: $6\xtime$func$src/leanvm_b_m2_scalar_controller.sv:31$373.$result[127:0]$7375
   435/5308: $6\xtime$func$src/leanvm_b_m2_scalar_controller.sv:31$372.x[127:0]$7374
   436/5308: $6\xtime$func$src/leanvm_b_m2_scalar_controller.sv:31$372.$result[127:0]$7373
   437/5308: $6\xtime$func$src/leanvm_b_m2_scalar_controller.sv:31$371.x[127:0]$7372
   438/5308: $6\xtime$func$src/leanvm_b_m2_scalar_controller.sv:31$371.$result[127:0]$7371
   439/5308: $6\xtime$func$src/leanvm_b_m2_scalar_controller.sv:31$370.x[127:0]$7370
   440/5308: $6\xtime$func$src/leanvm_b_m2_scalar_controller.sv:31$370.$result[127:0]$7369
   441/5308: $6\xtime$func$src/leanvm_b_m2_scalar_controller.sv:31$369.x[127:0]$7368
   442/5308: $6\xtime$func$src/leanvm_b_m2_scalar_controller.sv:31$369.$result[127:0]$7367
   443/5308: $6\xtime$func$src/leanvm_b_m2_scalar_controller.sv:31$368.x[127:0]$7366
   444/5308: $6\xtime$func$src/leanvm_b_m2_scalar_controller.sv:31$368.$result[127:0]$7365
   445/5308: $6\xtime$func$src/leanvm_b_m2_scalar_controller.sv:31$367.x[127:0]$7364
   446/5308: $6\xtime$func$src/leanvm_b_m2_scalar_controller.sv:31$367.$result[127:0]$7363
   447/5308: $6\xtime$func$src/leanvm_b_m2_scalar_controller.sv:31$366.x[127:0]$7362
   448/5308: $6\xtime$func$src/leanvm_b_m2_scalar_controller.sv:31$366.$result[127:0]$7361
   449/5308: $6\xtime$func$src/leanvm_b_m2_scalar_controller.sv:31$365.x[127:0]$7360
   450/5308: $6\xtime$func$src/leanvm_b_m2_scalar_controller.sv:31$365.$result[127:0]$7359
   451/5308: $6\xtime$func$src/leanvm_b_m2_scalar_controller.sv:31$364.x[127:0]$7358
   452/5308: $6\xtime$func$src/leanvm_b_m2_scalar_controller.sv:31$364.$result[127:0]$7357
   453/5308: $6\xtime$func$src/leanvm_b_m2_scalar_controller.sv:31$363.x[127:0]$7356
   454/5308: $6\xtime$func$src/leanvm_b_m2_scalar_controller.sv:31$363.$result[127:0]$7355
   455/5308: $6\xtime$func$src/leanvm_b_m2_scalar_controller.sv:31$362.x[127:0]$7354
   456/5308: $6\xtime$func$src/leanvm_b_m2_scalar_controller.sv:31$362.$result[127:0]$7353
   457/5308: $6\xtime$func$src/leanvm_b_m2_scalar_controller.sv:31$361.x[127:0]$7352
   458/5308: $6\xtime$func$src/leanvm_b_m2_scalar_controller.sv:31$361.$result[127:0]$7351
   459/5308: $6\xtime$func$src/leanvm_b_m2_scalar_controller.sv:31$360.x[127:0]$7350
   460/5308: $6\xtime$func$src/leanvm_b_m2_scalar_controller.sv:31$360.$result[127:0]$7349
   461/5308: $6\xtime$func$src/leanvm_b_m2_scalar_controller.sv:31$359.x[127:0]$7348
   462/5308: $6\xtime$func$src/leanvm_b_m2_scalar_controller.sv:31$359.$result[127:0]$7347
   463/5308: $6\xtime$func$src/leanvm_b_m2_scalar_controller.sv:31$358.x[127:0]$7346
   464/5308: $6\xtime$func$src/leanvm_b_m2_scalar_controller.sv:31$358.$result[127:0]$7345
   465/5308: $6\xtime$func$src/leanvm_b_m2_scalar_controller.sv:31$357.x[127:0]$7344
   466/5308: $6\xtime$func$src/leanvm_b_m2_scalar_controller.sv:31$357.$result[127:0]$7343
   467/5308: $6\xtime$func$src/leanvm_b_m2_scalar_controller.sv:31$356.x[127:0]$7342
   468/5308: $6\xtime$func$src/leanvm_b_m2_scalar_controller.sv:31$356.$result[127:0]$7341
   469/5308: $6\xtime$func$src/leanvm_b_m2_scalar_controller.sv:31$355.x[127:0]$7340
   470/5308: $6\xtime$func$src/leanvm_b_m2_scalar_controller.sv:31$355.$result[127:0]$7339
   471/5308: $6\xtime$func$src/leanvm_b_m2_scalar_controller.sv:31$354.x[127:0]$7338
   472/5308: $6\xtime$func$src/leanvm_b_m2_scalar_controller.sv:31$354.$result[127:0]$7337
   473/5308: $6\xtime$func$src/leanvm_b_m2_scalar_controller.sv:31$353.x[127:0]$7336
   474/5308: $6\xtime$func$src/leanvm_b_m2_scalar_controller.sv:31$353.$result[127:0]$7335
   475/5308: $6\xtime$func$src/leanvm_b_m2_scalar_controller.sv:31$352.x[127:0]$7334
   476/5308: $6\xtime$func$src/leanvm_b_m2_scalar_controller.sv:31$352.$result[127:0]$7333
   477/5308: $6\xtime$func$src/leanvm_b_m2_scalar_controller.sv:31$351.x[127:0]$7332
   478/5308: $6\xtime$func$src/leanvm_b_m2_scalar_controller.sv:31$351.$result[127:0]$7331
   479/5308: $6\xtime$func$src/leanvm_b_m2_scalar_controller.sv:31$350.x[127:0]$7330
   480/5308: $6\xtime$func$src/leanvm_b_m2_scalar_controller.sv:31$350.$result[127:0]$7329
   481/5308: $6\xtime$func$src/leanvm_b_m2_scalar_controller.sv:31$349.x[127:0]$7328
   482/5308: $6\xtime$func$src/leanvm_b_m2_scalar_controller.sv:31$349.$result[127:0]$7327
   483/5308: $6\xtime$func$src/leanvm_b_m2_scalar_controller.sv:31$348.x[127:0]$7326
   484/5308: $6\xtime$func$src/leanvm_b_m2_scalar_controller.sv:31$348.$result[127:0]$7325
   485/5308: $6\xtime$func$src/leanvm_b_m2_scalar_controller.sv:31$347.x[127:0]$7324
   486/5308: $6\xtime$func$src/leanvm_b_m2_scalar_controller.sv:31$347.$result[127:0]$7323
   487/5308: $6\xtime$func$src/leanvm_b_m2_scalar_controller.sv:31$346.x[127:0]$7322
   488/5308: $6\xtime$func$src/leanvm_b_m2_scalar_controller.sv:31$346.$result[127:0]$7321
   489/5308: $6\xtime$func$src/leanvm_b_m2_scalar_controller.sv:31$345.x[127:0]$7320
   490/5308: $6\xtime$func$src/leanvm_b_m2_scalar_controller.sv:31$345.$result[127:0]$7319
   491/5308: $6\xtime$func$src/leanvm_b_m2_scalar_controller.sv:31$344.x[127:0]$7318
   492/5308: $6\xtime$func$src/leanvm_b_m2_scalar_controller.sv:31$344.$result[127:0]$7317
   493/5308: $6\xtime$func$src/leanvm_b_m2_scalar_controller.sv:31$343.x[127:0]$7316
   494/5308: $6\xtime$func$src/leanvm_b_m2_scalar_controller.sv:31$343.$result[127:0]$7315
   495/5308: $6\xtime$func$src/leanvm_b_m2_scalar_controller.sv:31$342.x[127:0]$7314
   496/5308: $6\xtime$func$src/leanvm_b_m2_scalar_controller.sv:31$342.$result[127:0]$7313
   497/5308: $6\xtime$func$src/leanvm_b_m2_scalar_controller.sv:31$341.x[127:0]$7312
   498/5308: $6\xtime$func$src/leanvm_b_m2_scalar_controller.sv:31$341.$result[127:0]$7311
   499/5308: $6\xtime$func$src/leanvm_b_m2_scalar_controller.sv:31$340.x[127:0]$7310
   500/5308: $6\xtime$func$src/leanvm_b_m2_scalar_controller.sv:31$340.$result[127:0]$7309
   501/5308: $6\xtime$func$src/leanvm_b_m2_scalar_controller.sv:31$339.x[127:0]$7308
   502/5308: $6\xtime$func$src/leanvm_b_m2_scalar_controller.sv:31$339.$result[127:0]$7307
   503/5308: $6\xtime$func$src/leanvm_b_m2_scalar_controller.sv:31$338.x[127:0]$7306
   504/5308: $6\xtime$func$src/leanvm_b_m2_scalar_controller.sv:31$338.$result[127:0]$7305
   505/5308: $6\xtime$func$src/leanvm_b_m2_scalar_controller.sv:31$337.x[127:0]$7304
   506/5308: $6\xtime$func$src/leanvm_b_m2_scalar_controller.sv:31$337.$result[127:0]$7303
   507/5308: $6\xtime$func$src/leanvm_b_m2_scalar_controller.sv:31$336.x[127:0]$7302
   508/5308: $6\xtime$func$src/leanvm_b_m2_scalar_controller.sv:31$336.$result[127:0]$7301
   509/5308: $6\xtime$func$src/leanvm_b_m2_scalar_controller.sv:31$335.x[127:0]$7300
   510/5308: $6\xtime$func$src/leanvm_b_m2_scalar_controller.sv:31$335.$result[127:0]$7299
   511/5308: $6\xtime$func$src/leanvm_b_m2_scalar_controller.sv:31$334.x[127:0]$7298
   512/5308: $6\xtime$func$src/leanvm_b_m2_scalar_controller.sv:31$334.$result[127:0]$7297
   513/5308: $6\xtime$func$src/leanvm_b_m2_scalar_controller.sv:31$333.x[127:0]$7296
   514/5308: $6\xtime$func$src/leanvm_b_m2_scalar_controller.sv:31$333.$result[127:0]$7295
   515/5308: $6\xtime$func$src/leanvm_b_m2_scalar_controller.sv:31$332.x[127:0]$7294
   516/5308: $6\xtime$func$src/leanvm_b_m2_scalar_controller.sv:31$332.$result[127:0]$7293
   517/5308: $6\xtime$func$src/leanvm_b_m2_scalar_controller.sv:31$331.x[127:0]$7292
   518/5308: $6\xtime$func$src/leanvm_b_m2_scalar_controller.sv:31$331.$result[127:0]$7291
   519/5308: $6\xtime$func$src/leanvm_b_m2_scalar_controller.sv:31$330.x[127:0]$7290
   520/5308: $6\xtime$func$src/leanvm_b_m2_scalar_controller.sv:31$330.$result[127:0]$7289
   521/5308: $6\xtime$func$src/leanvm_b_m2_scalar_controller.sv:31$329.x[127:0]$7288
   522/5308: $6\xtime$func$src/leanvm_b_m2_scalar_controller.sv:31$329.$result[127:0]$7287
   523/5308: $6\xtime$func$src/leanvm_b_m2_scalar_controller.sv:31$328.x[127:0]$7286
   524/5308: $6\xtime$func$src/leanvm_b_m2_scalar_controller.sv:31$328.$result[127:0]$7285
   525/5308: $6\reverse_g$func$src/leanvm_b_m2_scalar_controller.sv:77$327.candidate[127:0]$7284
   526/5308: $6\reverse_g$func$src/leanvm_b_m2_scalar_controller.sv:77$327.n[31:0]$7283
   527/5308: $6\reverse_g$func$src/leanvm_b_m2_scalar_controller.sv:77$327.value[127:0]$7282
   528/5308: $6\reverse_g$func$src/leanvm_b_m2_scalar_controller.sv:77$327.$result[32:0]$7281
   529/5308: $6\xtime$func$src/leanvm_b_m2_scalar_controller.sv:31$326.x[127:0]$7280
   530/5308: $6\xtime$func$src/leanvm_b_m2_scalar_controller.sv:31$326.$result[127:0]$7279
   531/5308: $6\xtime$func$src/leanvm_b_m2_scalar_controller.sv:31$325.x[127:0]$7278
   532/5308: $6\xtime$func$src/leanvm_b_m2_scalar_controller.sv:31$325.$result[127:0]$7277
   533/5308: $6\xtime$func$src/leanvm_b_m2_scalar_controller.sv:31$324.x[127:0]$7276
   534/5308: $6\xtime$func$src/leanvm_b_m2_scalar_controller.sv:31$324.$result[127:0]$7275
   535/5308: $6\xtime$func$src/leanvm_b_m2_scalar_controller.sv:31$323.x[127:0]$7274
   536/5308: $6\xtime$func$src/leanvm_b_m2_scalar_controller.sv:31$323.$result[127:0]$7273
   537/5308: $6\xtime$func$src/leanvm_b_m2_scalar_controller.sv:31$322.x[127:0]$7272
   538/5308: $6\xtime$func$src/leanvm_b_m2_scalar_controller.sv:31$322.$result[127:0]$7271
   539/5308: $6\xtime$func$src/leanvm_b_m2_scalar_controller.sv:31$321.x[127:0]$7270
   540/5308: $6\xtime$func$src/leanvm_b_m2_scalar_controller.sv:31$321.$result[127:0]$7269
   541/5308: $6\xtime$func$src/leanvm_b_m2_scalar_controller.sv:31$320.x[127:0]$7268
   542/5308: $6\xtime$func$src/leanvm_b_m2_scalar_controller.sv:31$320.$result[127:0]$7267
   543/5308: $6\xtime$func$src/leanvm_b_m2_scalar_controller.sv:31$319.x[127:0]$7266
   544/5308: $6\xtime$func$src/leanvm_b_m2_scalar_controller.sv:31$319.$result[127:0]$7265
   545/5308: $6\xtime$func$src/leanvm_b_m2_scalar_controller.sv:31$318.x[127:0]$7264
   546/5308: $6\xtime$func$src/leanvm_b_m2_scalar_controller.sv:31$318.$result[127:0]$7263
   547/5308: $6\xtime$func$src/leanvm_b_m2_scalar_controller.sv:31$317.x[127:0]$7262
   548/5308: $6\xtime$func$src/leanvm_b_m2_scalar_controller.sv:31$317.$result[127:0]$7261
   549/5308: $6\xtime$func$src/leanvm_