
 /----------------------------------------------------------------------------\
 |                                                                            |
 |  yosys -- Yosys Open SYnthesis Suite                                       |
 |                                                                            |
 |  Copyright (C) 2012 - 2020  Claire Xenia Wolf <claire@yosyshq.com>         |
 |                                                                            |
 |  Permission to use, copy, modify, and/or distribute this software for any  |
 |  purpose with or without fee is hereby granted, provided that the above    |
 |  copyright notice and this permission notice appear in all copies.         |
 |                                                                            |
 |  THE SOFTWARE IS PROVIDED "AS IS" AND THE AUTHOR DISCLAIMS ALL WARRANTIES  |
 |  WITH REGARD TO THIS SOFTWARE INCLUDING ALL IMPLIED WARRANTIES OF          |
 |  MERCHANTABILITY AND FITNESS. IN NO EVENT SHALL THE AUTHOR BE LIABLE FOR   |
 |  ANY SPECIAL, DIRECT, INDIRECT, OR CONSEQUENTIAL DAMAGES OR ANY DAMAGES    |
 |  WHATSOEVER RESULTING FROM LOSS OF USE, DATA OR PROFITS, WHETHER IN AN     |
 |  ACTION OF CONTRACT, NEGLIGENCE OR OTHER TORTIOUS ACTION, ARISING OUT OF   |
 |  OR IN CONNECTION WITH THE USE OR PERFORMANCE OF THIS SOFTWARE.            |
 |                                                                            |
 \----------------------------------------------------------------------------/

 Yosys 0.33 (git sha1 2584903a060)


-- Running command `read_verilog -sv src/gf2n_mul_bitstream.sv src/gf128_mul_bitstream.sv src/leanvm_b_stream_alu.sv src/tt_um_leanvm_b_mincore.sv src/leanvm_b_m2_scalar_controller.sv; hierarchy -check -top tt_um_leanvm_b_mincore; proc; check; synth -top tt_um_leanvm_b_mincore; stat' --

1. Executing Verilog-2005 frontend: src/gf2n_mul_bitstream.sv
Parsing SystemVerilog input from `src/gf2n_mul_bitstream.sv' to AST representation.
Generating RTLIL representation for module `\gf2n_mul_bitstream'.
Successfully finished Verilog frontend.

2. Executing Verilog-2005 frontend: src/gf128_mul_bitstream.sv
Parsing SystemVerilog input from `src/gf128_mul_bitstream.sv' to AST representation.
Generating RTLIL representation for module `\gf128_mul_bitstream'.
Successfully finished Verilog frontend.

3. Executing Verilog-2005 frontend: src/leanvm_b_stream_alu.sv
Parsing SystemVerilog input from `src/leanvm_b_stream_alu.sv' to AST representation.
Generating RTLIL representation for module `\leanvm_b_stream_alu'.
Successfully finished Verilog frontend.

4. Executing Verilog-2005 frontend: src/tt_um_leanvm_b_mincore.sv
Parsing SystemVerilog input from `src/tt_um_leanvm_b_mincore.sv' to AST representation.
Generating RTLIL representation for module `\tt_um_leanvm_b_mincore'.
Successfully finished Verilog frontend.

5. Executing Verilog-2005 frontend: src/leanvm_b_m2_scalar_controller.sv
Parsing SystemVerilog input from `src/leanvm_b_m2_scalar_controller.sv' to AST representation.
Generating RTLIL representation for module `\leanvm_b_m2_scalar_controller'.
Successfully finished Verilog frontend.

6. Executing HIERARCHY pass (managing design hierarchy).

6.1. Analyzing design hierarchy..
Top module:  \tt_um_leanvm_b_mincore
Used module:     \leanvm_b_stream_alu
Used module:         \gf128_mul_bitstream
Used module:             \gf2n_mul_bitstream
Parameter \WIDTH = 128
Parameter \BYTE_BITS = 8
Parameter \MODULUS_LOW = 128'00000000000000000000000000000000000000000000000000000000000000000000000000000000000000000000000000000000000000000000000010000111

6.2. Executing AST frontend in derive mode using pre-parsed AST for module `\gf2n_mul_bitstream'.
Parameter \WIDTH = 128
Parameter \BYTE_BITS = 8
Parameter \MODULUS_LOW = 128'00000000000000000000000000000000000000000000000000000000000000000000000000000000000000000000000000000000000000000000000010000111
Generating RTLIL representation for module `$paramod$c8ea1368b9929af0c8d66661afb8ae1783e33452\gf2n_mul_bitstream'.

6.3. Analyzing design hierarchy..
Top module:  \tt_um_leanvm_b_mincore
Used module:     \leanvm_b_stream_alu
Used module:         \gf128_mul_bitstream
Used module:             $paramod$c8ea1368b9929af0c8d66661afb8ae1783e33452\gf2n_mul_bitstream

6.4. Analyzing design hierarchy..
Top module:  \tt_um_leanvm_b_mincore
Used module:     \leanvm_b_stream_alu
Used module:         \gf128_mul_bitstream
Used module:             $paramod$c8ea1368b9929af0c8d66661afb8ae1783e33452\gf2n_mul_bitstream
Removing unused module `\leanvm_b_m2_scalar_controller'.
Removing unused module `\gf2n_mul_bitstream'.
Removed 2 unused modules.

7. Executing PROC pass (convert processes to netlists).

7.1. Executing PROC_CLEAN pass (remove empty switches from decision trees).
Cleaned up 0 empty switches.

7.2. Executing PROC_RMDEAD pass (remove dead branches from decision trees).
Marked 12 switch rules as full_case in process $proc$src/leanvm_b_stream_alu.sv:214$93 in module leanvm_b_stream_alu.
Marked 3 switch rules as full_case in process $proc$src/leanvm_b_stream_alu.sv:118$54 in module leanvm_b_stream_alu.
Marked 5 switch rules as full_case in process $proc$src/gf2n_mul_bitstream.sv:72$8321 in module $paramod$c8ea1368b9929af0c8d66661afb8ae1783e33452\gf2n_mul_bitstream.
Removed a total of 0 dead cases.

7.3. Executing PROC_PRUNE pass (remove redundant assignments in processes).
Removed 0 redundant assignments.
Promoted 16 assignments to connections.

7.4. Executing PROC_INIT pass (extract init attributes).

7.5. Executing PROC_ARST pass (detect async resets in processes).

7.6. Executing PROC_ROM pass (convert switches to ROMs).
Converted 0 switches.
<suppressed ~33 debug messages>

7.7. Executing PROC_MUX pass (convert decision trees to multiplexers).
Creating decoders for process `\leanvm_b_stream_alu.$proc$src/leanvm_b_stream_alu.sv:214$93'.
     1/5: $0\scratch_byte[7:0] [7:1]
     2/5: $0\scratch_byte[7:0] [0]
     3/5: $0\byte_index[3:0]
     4/5: $0\state[3:0]
     5/5: $0\fault[0:0]
Creating decoders for process `\leanvm_b_stream_alu.$proc$src/leanvm_b_stream_alu.sv:118$54'.
     1/13: $2\status_byte$func$src/leanvm_b_stream_alu.sv:186$46.$result[7:0]$63
     2/13: $2\rx_ready[0:0]
     3/13: $2\tx_data[7:0]
     4/13: $2\tx_valid[0:0]
     5/13: $1\rx_ready[0:0]
     6/13: $1\status_byte$func$src/leanvm_b_stream_alu.sv:186$46.index[3:0]$58
     7/13: $1\status_byte$func$src/leanvm_b_stream_alu.sv:186$46.$result[7:0]$57
     8/13: $1\mul_result_shift[0:0]
     9/13: $1\mul_bit_value[0:0]
    10/13: $1\mul_bit_valid[0:0]
    11/13: $1\mul_a_valid[0:0]
    12/13: $1\tx_valid[0:0]
    13/13: $1\tx_data[7:0]
Creating decoders for process `$paramod$c8ea1368b9929af0c8d66661afb8ae1783e33452\gf2n_mul_bitstream.$proc$src/gf2n_mul_bitstream.sv:72$8321'.
     1/30: $5\mul_by_x$func$src/gf2n_mul_bitstream.sv:86$8318.$result[127:0]$8356
     2/30: $5\mul_by_x$func$src/gf2n_mul_bitstream.sv:86$8318.carry[0:0]$8358
     3/30: $5\mul_by_x$func$src/gf2n_mul_bitstream.sv:86$8318.value[127:0]$8357
     4/30: $4\mul_by_x$func$src/gf2n_mul_bitstream.sv:86$8318.carry[0:0]$8354
     5/30: $4\mul_by_x$func$src/gf2n_mul_bitstream.sv:86$8318.value[127:0]$8353
     6/30: $4\mul_by_x$func$src/gf2n_mul_bitstream.sv:86$8318.$result[127:0]$8352
     7/30: $3\shift_in_byte$func$src/gf2n_mul_bitstream.sv:80$8317.next_value[127:0]$8347 [127:120]
     8/30: $3\shift_in_byte$func$src/gf2n_mul_bitstream.sv:80$8317.next_value[127:0]$8347 [119:0]
     9/30: $3\shift_in_byte$func$src/gf2n_mul_bitstream.sv:80$8317.$result[127:0]$8344
    10/30: $3\shift_in_byte$func$src/gf2n_mul_bitstream.sv:80$8317.byte_value[7:0]$8346
    11/30: $3\shift_in_byte$func$src/gf2n_mul_bitstream.sv:80$8317.value[127:0]$8345
    12/30: $3\mul_by_x$func$src/gf2n_mul_bitstream.sv:86$8318.carry[0:0]$8350
    13/30: $3\mul_by_x$func$src/gf2n_mul_bitstream.sv:86$8318.value[127:0]$8349
    14/30: $3\mul_by_x$func$src/gf2n_mul_bitstream.sv:86$8318.$result[127:0]$8348
    15/30: $2\mul_by_x$func$src/gf2n_mul_bitstream.sv:86$8318.carry[0:0]$8343
    16/30: $2\mul_by_x$func$src/gf2n_mul_bitstream.sv:86$8318.value[127:0]$8342
    17/30: $2\mul_by_x$func$src/gf2n_mul_bitstream.sv:86$8318.$result[127:0]$8341
    18/30: $2\shift_in_byte$func$src/gf2n_mul_bitstream.sv:80$8317.next_value[127:0]$8340
    19/30: $2\shift_in_byte$func$src/gf2n_mul_bitstream.sv:80$8317.byte_value[7:0]$8339
    20/30: $2\shift_in_byte$func$src/gf2n_mul_bitstream.sv:80$8317.value[127:0]$8338
    21/30: $2\shift_in_byte$func$src/gf2n_mul_bitstream.sv:80$8317.$result[127:0]$8337
    22/30: $1\mul_by_x$func$src/gf2n_mul_bitstream.sv:86$8318.carry[0:0]$8336
    23/30: $1\mul_by_x$func$src/gf2n_mul_bitstream.sv:86$8318.value[127:0]$8335
    24/30: $1\mul_by_x$func$src/gf2n_mul_bitstream.sv:86$8318.$result[127:0]$8334
    25/30: $1\shift_in_byte$func$src/gf2n_mul_bitstream.sv:80$8317.next_value[127:0]$8333
    26/30: $1\shift_in_byte$func$src/gf2n_mul_bitstream.sv:80$8317.byte_value[7:0]$8332
    27/30: $1\shift_in_byte$func$src/gf2n_mul_bitstream.sv:80$8317.value[127:0]$8331
    28/30: $1\shift_in_byte$func$src/gf2n_mul_bitstream.sv:80$8317.$result[127:0]$8330
    29/30: $0\accumulator[127:0]
    30/30: $0\a_shift[127:0]

7.8. Executing PROC_DLATCH pass (convert process syncs to latches).
No latch inferred for signal `\leanvm_b_stream_alu.\rx_ready' from process `\leanvm_b_stream_alu.$proc$src/leanvm_b_stream_alu.sv:118$54'.
No latch inferred for signal `\leanvm_b_stream_alu.\tx_data' from process `\leanvm_b_stream_alu.$proc$src/leanvm_b_stream_alu.sv:118$54'.
No latch inferred for signal `\leanvm_b_stream_alu.\tx_valid' from process `\leanvm_b_stream_alu.$proc$src/leanvm_b_stream_alu.sv:118$54'.
No latch inferred for signal `\leanvm_b_stream_alu.\mul_a_valid' from process `\leanvm_b_stream_alu.$proc$src/leanvm_b_stream_alu.sv:118$54'.
No latch inferred for signal `\leanvm_b_stream_alu.\mul_bit_valid' from process `\leanvm_b_stream_alu.$proc$src/leanvm_b_stream_alu.sv:118$54'.
No latch inferred for signal `\leanvm_b_stream_alu.\mul_bit_value' from process `\leanvm_b_stream_alu.$proc$src/leanvm_b_stream_alu.sv:118$54'.
No latch inferred for signal `\leanvm_b_stream_alu.\mul_result_shift' from process `\leanvm_b_stream_alu.$proc$src/leanvm_b_stream_alu.sv:118$54'.
No latch inferred for signal `\leanvm_b_stream_alu.\status_byte$func$src/leanvm_b_stream_alu.sv:186$46.$result' from process `\leanvm_b_stream_alu.$proc$src/leanvm_b_stream_alu.sv:118$54'.
No latch inferred for signal `\leanvm_b_stream_alu.\status_byte$func$src/leanvm_b_stream_alu.sv:186$46.index' from process `\leanvm_b_stream_alu.$proc$src/leanvm_b_stream_alu.sv:118$54'.

7.9. Executing PROC_DFF pass (convert process syncs to FFs).
Creating register for signal `\leanvm_b_stream_alu.\fault' using process `\leanvm_b_stream_alu.$proc$src/leanvm_b_stream_alu.sv:214$93'.
  created $dff cell `$procdff$8922' with positive edge clock.
Creating register for signal `\leanvm_b_stream_alu.\state' using process `\leanvm_b_stream_alu.$proc$src/leanvm_b_stream_alu.sv:214$93'.
  created $dff cell `$procdff$8923' with positive edge clock.
Creating register for signal `\leanvm_b_stream_alu.\byte_index' using process `\leanvm_b_stream_alu.$proc$src/leanvm_b_stream_alu.sv:214$93'.
  created $dff cell `$procdff$8924' with positive edge clock.
Creating register for signal `\leanvm_b_stream_alu.\scratch_byte' using process `\leanvm_b_stream_alu.$proc$src/leanvm_b_stream_alu.sv:214$93'.
  created $dff cell `$procdff$8925' with positive edge clock.
Creating register for signal `$paramod$c8ea1368b9929af0c8d66661afb8ae1783e33452\gf2n_mul_bitstream.\a_shift' using process `$paramod$c8ea1368b9929af0c8d66661afb8ae1783e33452\gf2n_mul_bitstream.$proc$src/gf2n_mul_bitstream.sv:72$8321'.
  created $dff cell `$procdff$8926' with positive edge clock.
Creating register for signal `$paramod$c8ea1368b9929af0c8d66661afb8ae1783e33452\gf2n_mul_bitstream.\accumulator' using process `$paramod$c8ea1368b9929af0c8d66661afb8ae1783e33452\gf2n_mul_bitstream.$proc$src/gf2n_mul_bitstream.sv:72$8321'.
  created $dff cell `$procdff$8927' with positive edge clock.
Creating register for signal `$paramod$c8ea1368b9929af0c8d66661afb8ae1783e33452\gf2n_mul_bitstream.\shift_in_byte$func$src/gf2n_mul_bitstream.sv:80$8317.$result' using process `$paramod$c8ea1368b9929af0c8d66661afb8ae1783e33452\gf2n_mul_bitstream.$proc$src/gf2n_mul_bitstream.sv:72$8321'.
  created $dff cell `$procdff$8928' with positive edge clock.
Creating register for signal `$paramod$c8ea1368b9929af0c8d66661afb8ae1783e33452\gf2n_mul_bitstream.\shift_in_byte$func$src/gf2n_mul_bitstream.sv:80$8317.value' using process `$paramod$c8ea1368b9929af0c8d66661afb8ae1783e33452\gf2n_mul_bitstream.$proc$src/gf2n_mul_bitstream.sv:72$8321'.
  created $dff cell `$procdff$8929' with positive edge clock.
Creating register for signal `$paramod$c8ea1368b9929af0c8d66661afb8ae1783e33452\gf2n_mul_bitstream.\shift_in_byte$func$src/gf2n_mul_bitstream.sv:80$8317.byte_value' using process `$paramod$c8ea1368b9929af0c8d66661afb8ae1783e33452\gf2n_mul_bitstream.$proc$src/gf2n_mul_bitstream.sv:72$8321'.
  created $dff cell `$procdff$8930' with positive edge clock.
Creating register for signal `$paramod$c8ea1368b9929af0c8d66661afb8ae1783e33452\gf2n_mul_bitstream.\shift_in_byte$func$src/gf2n_mul_bitstream.sv:80$8317.next_value' using process `$paramod$c8ea1368b9929af0c8d66661afb8ae1783e33452\gf2n_mul_bitstream.$proc$src/gf2n_mul_bitstream.sv:72$8321'.
  created $dff cell `$procdff$8931' with positive edge clock.
Creating register for signal `$paramod$c8ea1368b9929af0c8d66661afb8ae1783e33452\gf2n_mul_bitstream.\mul_by_x$func$src/gf2n_mul_bitstream.sv:86$8318.$result' using process `$paramod$c8ea1368b9929af0c8d66661afb8ae1783e33452\gf2n_mul_bitstream.$proc$src/gf2n_mul_bitstream.sv:72$8321'.
  created $dff cell `$procdff$8932' with positive edge clock.
Creating register for signal `$paramod$c8ea1368b9929af0c8d66661afb8ae1783e33452\gf2n_mul_bitstream.\mul_by_x$func$src/gf2n_mul_bitstream.sv:86$8318.value' using process `$paramod$c8ea1368b9929af0c8d66661afb8ae1783e33452\gf2n_mul_bitstream.$proc$src/gf2n_mul_bitstream.sv:72$8321'.
  created $dff cell `$procdff$8933' with positive edge clock.
Creating register for signal `$paramod$c8ea1368b9929af0c8d66661afb8ae1783e33452\gf2n_mul_bitstream.\mul_by_x$func$src/gf2n_mul_bitstream.sv:86$8318.carry' using process `$paramod$c8ea1368b9929af0c8d66661afb8ae1783e33452\gf2n_mul_bitstream.$proc$src/gf2n_mul_bitstream.sv:72$8321'.
  created $dff cell `$procdff$8934' with positive edge clock.

7.10. Executing PROC_MEMWR pass (convert process memory writes to cells).

7.11. Executing PROC_CLEAN pass (remove empty switches from decision trees).
Found and cleaned up 23 empty switches in `\leanvm_b_stream_alu.$proc$src/leanvm_b_stream_alu.sv:214$93'.
Removing empty process `leanvm_b_stream_alu.$proc$src/leanvm_b_stream_alu.sv:214$93'.
Found and cleaned up 3 empty switches in `\leanvm_b_stream_alu.$proc$src/leanvm_b_stream_alu.sv:118$54'.
Removing empty process `leanvm_b_stream_alu.$proc$src/leanvm_b_stream_alu.sv:118$54'.
Found and cleaned up 7 empty switches in `$paramod$c8ea1368b9929af0c8d66661afb8ae1783e33452\gf2n_mul_bitstream.$proc$src/gf2n_mul_bitstream.sv:72$8321'.
Removing empty process `$paramod$c8ea1368b9929af0c8d66661afb8ae1783e33452\gf2n_mul_bitstream.$proc$src/gf2n_mul_bitstream.sv:72$8321'.
Cleaned up 33 empty switches.

7.12. Executing OPT_EXPR pass (perform const folding).
Optimizing module tt_um_leanvm_b_mincore.
<suppressed ~1 debug messages>
Optimizing module leanvm_b_stream_alu.
<suppressed ~17 debug messages>
Optimizing module gf128_mul_bitstream.
Optimizing module $paramod$c8ea1368b9929af0c8d66661afb8ae1783e33452\gf2n_mul_bitstream.
<suppressed ~36 debug messages>

8. Executing CHECK pass (checking for obvious problems).
Checking module tt_um_leanvm_b_mincore...
Checking module leanvm_b_stream_alu...
Checking module gf128_mul_bitstream...
Checking module $paramod$c8ea1368b9929af0c8d66661afb8ae1783e33452\gf2n_mul_bitstream...
Found and reported 0 problems.

9. Executing SYNTH pass.

9.1. Executing HIERARCHY pass (managing design hierarchy).

9.1.1. Analyzing design hierarchy..
Top module:  \tt_um_leanvm_b_mincore
Used module:     \leanvm_b_stream_alu
Used module:         \gf128_mul_bitstream
Used module:             $paramod$c8ea1368b9929af0c8d66661afb8ae1783e33452\gf2n_mul_bitstream

9.1.2. Analyzing design hierarchy..
Top module:  \tt_um_leanvm_b_mincore
Used module:     \leanvm_b_stream_alu
Used module:         \gf128_mul_bitstream
Used module:             $paramod$c8ea1368b9929af0c8d66661afb8ae1783e33452\gf2n_mul_bitstream
Removed 0 unused modules.

9.2. Executing PROC pass (convert processes to netlists).

9.2.1. Executing PROC_CLEAN pass (remove empty switches from decision trees).
Cleaned up 0 empty switches.

9.2.2. Executing PROC_RMDEAD pass (remove dead branches from decision trees).
Removed a total of 0 dead cases.

9.2.3. Executing PROC_PRUNE pass (remove redundant assignments in processes).
Removed 0 redundant assignments.
Promoted 0 assignments to connections.

9.2.4. Executing PROC_INIT pass (extract init attributes).

9.2.5. Executing PROC_ARST pass (detect async resets in processes).

9.2.6. Executing PROC_ROM pass (convert switches to ROMs).
Converted 0 switches.

9.2.7. Executing PROC_MUX pass (convert decision trees to multiplexers).

9.2.8. Executing PROC_DLATCH pass (convert process syncs to latches).

9.2.9. Executing PROC_DFF pass (convert process syncs to FFs).

9.2.10. Executing PROC_MEMWR pass (convert process memory writes to cells).

9.2.11. Executing PROC_CLEAN pass (remove empty switches from decision trees).
Cleaned up 0 empty switches.

9.2.12. Executing OPT_EXPR pass (perform const folding).
Optimizing module tt_um_leanvm_b_mincore.
Optimizing module leanvm_b_stream_alu.
Optimizing module gf128_mul_bitstream.
Optimizing module $paramod$c8ea1368b9929af0c8d66661afb8ae1783e33452\gf2n_mul_bitstream.

9.3. Executing OPT_EXPR pass (perform const folding).
Optimizing module tt_um_leanvm_b_mincore.
Optimizing module leanvm_b_stream_alu.
Optimizing module gf128_mul_bitstream.
Optimizing module $paramod$c8ea1368b9929af0c8d66661afb8ae1783e33452\gf2n_mul_bitstream.

9.4. Executing OPT_CLEAN pass (remove unused cells and wires).
Finding unused cells or wires in module \tt_um_leanvm_b_mincore..
Finding unused cells or wires in module \leanvm_b_stream_alu..
Finding unused cells or wires in module \gf128_mul_bitstream..
Finding unused cells or wires in module $paramod$c8ea1368b9929af0c8d66661afb8ae1783e33452\gf2n_mul_bitstream..
Removed 86 unused cells and 306 unused wires.
<suppressed ~94 debug messages>

9.5. Executing CHECK pass (checking for obvious problems).
Checking module $paramod$c8ea1368b9929af0c8d66661afb8ae1783e33452\gf2n_mul_bitstream...
Checking module gf128_mul_bitstream...
Checking module leanvm_b_stream_alu...
Checking module tt_um_leanvm_b_mincore...
Found and reported 0 problems.

9.6. Executing OPT pass (performing simple optimizations).

9.6.1. Executing OPT_EXPR pass (perform const folding).
Optimizing module $paramod$c8ea1368b9929af0c8d66661afb8ae1783e33452\gf2n_mul_bitstream.
Optimizing module gf128_mul_bitstream.
Optimizing module leanvm_b_stream_alu.
Optimizing module tt_um_leanvm_b_mincore.

9.6.2. Executing OPT_MERGE pass (detect identical cells).
Finding identical cells in module `$paramod$c8ea1368b9929af0c8d66661afb8ae1783e33452\gf2n_mul_bitstream'.
Finding identical cells in module `\gf128_mul_bitstream'.
Finding identical cells in module `\leanvm_b_stream_alu'.
<suppressed ~282 debug messages>
Finding identical cells in module `\tt_um_leanvm_b_mincore'.
Removed a total of 94 cells.

9.6.3. Executing OPT_MUXTREE pass (detect dead branches in mux trees).
Running muxtree optimizer on module $paramod$c8ea1368b9929af0c8d66661afb8ae1783e33452\gf2n_mul_bitstream..
  Creating internal representation of mux trees.
  Evaluating internal representation of mux trees.
  Analyzing evaluation results.
Running muxtree optimizer on module \gf128_mul_bitstream..
  Creating internal representation of mux trees.
  No muxes found in this module.
Running muxtree optimizer on module \leanvm_b_stream_alu..
  Creating internal representation of mux trees.
  Evaluating internal representation of mux trees.
  Analyzing evaluation results.
    dead port 2/2 on $mux $procmux$8573.
    dead port 2/2 on $mux $procmux$8585.
    dead port 2/2 on $mux $procmux$8597.
    dead port 2/2 on $mux $procmux$8609.
Running muxtree optimizer on module \tt_um_leanvm_b_mincore..
  Creating internal representation of mux trees.
  No muxes found in this module.
Removed 4 multiplexer ports.
<suppressed ~16 debug messages>

9.6.4. Executing OPT_REDUCE pass (consolidate $*mux and $reduce_* inputs).
  Optimizing cells in module $paramod$c8ea1368b9929af0c8d66661afb8ae1783e33452\gf2n_mul_bitstream.
  Optimizing cells in module \gf128_mul_bitstream.
  Optimizing cells in module \leanvm_b_stream_alu.
    New ctrl vector for $pmux cell $procmux$8537: { $eq$src/leanvm_b_stream_alu.sv:205$66_Y $auto$opt_reduce.cc:134:opt_pmux$8936 }
    New ctrl vector for $pmux cell $procmux$8549: { $auto$opt_reduce.cc:134:opt_pmux$8938 $eq$src/leanvm_b_stream_alu.sv:205$68_Y }
    New ctrl vector for $pmux cell $procmux$8568: { $auto$opt_reduce.cc:134:opt_pmux$8940 $procmux$8570_CMP $eq$src/leanvm_b_stream_alu.sv:211$86_Y }
    New ctrl vector for $pmux cell $procmux$8616: { $auto$opt_reduce.cc:134:opt_pmux$8944 $eq$src/leanvm_b_stream_alu.sv:209$77_Y $auto$opt_reduce.cc:134:opt_pmux$8942 }
    New ctrl vector for $pmux cell $procmux$8660: { $auto$opt_reduce.cc:134:opt_pmux$8948 $eq$src/leanvm_b_stream_alu.sv:209$77_Y $auto$opt_reduce.cc:134:opt_pmux$8946 }
  Optimizing cells in module \leanvm_b_stream_alu.
  Optimizing cells in module \tt_um_leanvm_b_mincore.
Performed a total of 5 changes.

9.6.5. Executing OPT_MERGE pass (detect identical cells).
Finding identical cells in module `$paramod$c8ea1368b9929af0c8d66661afb8ae1783e33452\gf2n_mul_bitstream'.
Finding identical cells in module `\gf128_mul_bitstream'.
Finding identical cells in module `\leanvm_b_stream_alu'.
<suppressed ~27 debug messages>
Finding identical cells in module `\tt_um_leanvm_b_mincore'.
Removed a total of 9 cells.

9.6.6. Executing OPT_DFF pass (perform DFF optimizations).

9.6.7. Executing OPT_CLEAN pass (remove unused cells and wires).
Finding unused cells or wires in module $paramod$c8ea1368b9929af0c8d66661afb8ae1783e33452\gf2n_mul_bitstream..
Finding unused cells or wires in module \gf128_mul_bitstream..
Finding unused cells or wires in module \leanvm_b_stream_alu..
Finding unused cells or wires in module \tt_um_leanvm_b_mincore..
Removed 0 unused cells and 107 unused wires.
<suppressed ~1 debug messages>

9.6.8. Executing OPT_EXPR pass (perform const folding).
Optimizing module $paramod$c8ea1368b9929af0c8d66661afb8ae1783e33452\gf2n_mul_bitstream.
Optimizing module gf128_mul_bitstream.
Optimizing module leanvm_b_stream_alu.
Optimizing module tt_um_leanvm_b_mincore.

9.6.9. Rerunning OPT passes. (Maybe there is more to do..)

9.6.10. Executing OPT_MUXTREE pass (detect dead branches in mux trees).
Running muxtree optimizer on module $paramod$c8ea1368b9929af0c8d66661afb8ae1783e33452\gf2n_mul_bitstream..
  Creating internal representation of mux trees.
  Evaluating internal representation of mux trees.
  Analyzing evaluation results.
Running muxtree optimizer on module \gf128_mul_bitstream..
  Creating internal representation of mux trees.
  No muxes found in this module.
Running muxtree optimizer on module \leanvm_b_stream_alu..
  Creating internal representation of mux trees.
  Evaluating internal representation of mux trees.
  Analyzing evaluation results.
Running muxtree optimizer on module \tt_um_leanvm_b_mincore..
  Creating internal representation of mux trees.
  No muxes found in this module.
Removed 0 multiplexer ports.
<suppressed ~18 debug messages>

9.6.11. Executing OPT_REDUCE pass (consolidate $*mux and $reduce_* inputs).
  Optimizing cells in module $paramod$c8ea1368b9929af0c8d66661afb8ae1783e33452\gf2n_mul_bitstream.
  Optimizing cells in module \gf128_mul_bitstream.
  Optimizing cells in module \leanvm_b_stream_alu.
    New ctrl vector for $pmux cell $procmux$8419: { $eq$src/leanvm_b_stream_alu.sv:205$66_Y $eq$src/leanvm_b_stream_alu.sv:209$77_Y $procmux$8439_CMP $eq$src/leanvm_b_stream_alu.sv:85$48_Y $auto$opt_reduce.cc:134:opt_pmux$8950 $eq$src/leanvm_b_stream_alu.sv:211$85_Y }
    New ctrl vector for $pmux cell $procmux$8468: { $eq$src/leanvm_b_stream_alu.sv:205$66_Y $procmux$8376_CMP $eq$src/leanvm_b_stream_alu.sv:207$70_Y $eq$src/leanvm_b_stream_alu.sv:209$77_Y $procmux$8439_CMP $procmux$8373_CMP $eq$src/leanvm_b_stream_alu.sv:85$48_Y $auto$opt_reduce.cc:134:opt_pmux$8952 $eq$src/leanvm_b_stream_alu.sv:211$85_Y $eq$src/leanvm_b_stream_alu.sv:212$89_Y }
  Optimizing cells in module \leanvm_b_stream_alu.
  Optimizing cells in module \tt_um_leanvm_b_mincore.
Performed a total of 2 changes.

9.6.12. Executing OPT_MERGE pass (detect identical cells).
Finding identical cells in module `$paramod$c8ea1368b9929af0c8d66661afb8ae1783e33452\gf2n_mul_bitstream'.
Finding identical cells in module `\gf128_mul_bitstream'.
Finding identical cells in module `\leanvm_b_stream_alu'.
Finding identical cells in module `\tt_um_leanvm_b_mincore'.
Removed a total of 0 cells.

9.6.13. Executing OPT_DFF pass (perform DFF optimizations).

9.6.14. Executing OPT_CLEAN pass (remove unused cells and wires).
Finding unused cells or wires in module $paramod$c8ea1368b9929af0c8d66661afb8ae1783e33452\gf2n_mul_bitstream..
Finding unused cells or wires in module \gf128_mul_bitstream..
Finding unused cells or wires in module \leanvm_b_stream_alu..
Finding unused cells or wires in module \tt_um_leanvm_b_mincore..

9.6.15. Executing OPT_EXPR pass (perform const folding).
Optimizing module $paramod$c8ea1368b9929af0c8d66661afb8ae1783e33452\gf2n_mul_bitstream.
Optimizing module gf128_mul_bitstream.
Optimizing module leanvm_b_stream_alu.
Optimizing module tt_um_leanvm_b_mincore.

9.6.16. Rerunning OPT passes. (Maybe there is more to do..)

9.6.17. Executing OPT_MUXTREE pass (detect dead branches in mux trees).
Running muxtree optimizer on module $paramod$c8ea1368b9929af0c8d66661afb8ae1783e33452\gf2n_mul_bitstream..
  Creating internal representation of mux trees.
  Evaluating internal representation of mux trees.
  Analyzing evaluation results.
Running muxtree optimizer on module \gf128_mul_bitstream..
  Creating internal representation of mux trees.
  No muxes found in this module.
Running muxtree optimizer on module \leanvm_b_stream_alu..
  Creating internal representation of mux trees.
  Evaluating internal representation of mux trees.
  Analyzing evaluation results.
Running muxtree optimizer on module \tt_um_leanvm_b_mincore..
  Creating internal representation of mux trees.
  No muxes found in this module.
Removed 0 multiplexer ports.
<suppressed ~18 debug messages>

9.6.18. Executing OPT_REDUCE pass (consolidate $*mux and $reduce_* inputs).
  Optimizing cells in module $paramod$c8ea1368b9929af0c8d66661afb8ae1783e33452\gf2n_mul_bitstream.
  Optimizing cells in module \gf128_mul_bitstream.
  Optimizing cells in module \leanvm_b_stream_alu.
  Optimizing cells in module \tt_um_leanvm_b_mincore.
Performed a total of 0 changes.

9.6.19. Executing OPT_MERGE pass (detect identical cells).
Finding identical cells in module `$paramod$c8ea1368b9929af0c8d66661afb8ae1783e33452\gf2n_mul_bitstream'.
Finding identical cells in module `\gf128_mul_bitstream'.
Finding identical cells in module `\leanvm_b_stream_alu'.
Finding identical cells in module `\tt_um_leanvm_b_mincore'.
Removed a total of 0 cells.

9.6.20. Executing OPT_DFF pass (perform DFF optimizations).

9.6.21. Executing OPT_CLEAN pass (remove unused cells and wires).
Finding unused cells or wires in module $paramod$c8ea1368b9929af0c8d66661afb8ae1783e33452\gf2n_mul_bitstream..
Finding unused cells or wires in module \gf128_mul_bitstream..
Finding unused cells or wires in module \leanvm_b_stream_alu..
Finding unused cells or wires in module \tt_um_leanvm_b_mincore..

9.6.22. Executing OPT_EXPR pass (perform const folding).
Optimizing module $paramod$c8ea1368b9929af0c8d66661afb8ae1783e33452\gf2n_mul_bitstream.
Optimizing module gf128_mul_bitstream.
Optimizing module leanvm_b_stream_alu.
Optimizing module tt_um_leanvm_b_mincore.

9.6.23. Finished OPT passes. (There is nothing left to do.)

9.7. Executing FSM pass (extract and optimize FSM).

9.7.1. Executing FSM_DETECT pass (finding FSMs in design).
Not marking leanvm_b_stream_alu.state as FSM state register:
    Users of register don't seem to benefit from recoding.

9.7.2. Executing FSM_EXTRACT pass (extracting FSM from design).

9.7.3. Executing FSM_OPT pass (simple optimizations of FSMs).

9.7.4. Executing OPT_CLEAN pass (remove unused cells and wires).
Finding unused cells or wires in module $paramod$c8ea1368b9929af0c8d66661afb8ae1783e33452\gf2n_mul_bitstream..
Finding unused cells or wires in module \gf128_mul_bitstream..
Finding unused cells or wires in module \leanvm_b_stream_alu..
Finding unused cells or wires in module \tt_um_leanvm_b_mincore..

9.7.5. Executing FSM_OPT pass (simple optimizations of FSMs).

9.7.6. Executing FSM_RECODE pass (re-assigning FSM state encoding).

9.7.7. Executing FSM_INFO pass (dumping all available information on FSM cells).

9.7.8. Executing FSM_MAP pass (mapping FSMs to basic logic).

9.8. Executing OPT pass (performing simple optimizations).

9.8.1. Executing OPT_EXPR pass (perform const folding).
Optimizing module $paramod$c8ea1368b9929af0c8d66661afb8ae1783e33452\gf2n_mul_bitstream.
Optimizing module gf128_mul_bitstream.
Optimizing module leanvm_b_stream_alu.
Optimizing module tt_um_leanvm_b_mincore.

9.8.2. Executing OPT_MERGE pass (detect identical cells).
Finding identical cells in module `$paramod$c8ea1368b9929af0c8d66661afb8ae1783e33452\gf2n_mul_bitstream'.
Finding identical cells in module `\gf128_mul_bitstream'.
Finding identical cells in module `\leanvm_b_stream_alu'.
Finding identical cells in module `\tt_um_leanvm_b_mincore'.
Removed a total of 0 cells.

9.8.3. Executing OPT_MUXTREE pass (detect dead branches in mux trees).
Running muxtree optimizer on module $paramod$c8ea1368b9929af0c8d66661afb8ae1783e33452\gf2n_mul_bitstream..
  Creating internal representation of mux trees.
  Evaluating internal representation of mux trees.
  Analyzing evaluation results.
Running muxtree optimizer on module \gf128_mul_bitstream..
  Creating internal representation of mux trees.
  No muxes found in this module.
Running muxtree optimizer on module \leanvm_b_stream_alu..
  Creating internal representation of mux trees.
  Evaluating internal representation of mux trees.
  Analyzing evaluation results.
Running muxtree optimizer on module \tt_um_leanvm_b_mincore..
  Creating internal representation of mux trees.
  No muxes found in this module.
Removed 0 multiplexer ports.
<suppressed ~18 debug messages>

9.8.4. Executing OPT_REDUCE pass (consolidate $*mux and $reduce_* inputs).
  Optimizing cells in module $paramod$c8ea1368b9929af0c8d66661afb8ae1783e33452\gf2n_mul_bitstream.
  Optimizing cells in module \gf128_mul_bitstream.
  Optimizing cells in module \leanvm_b_stream_alu.
  Optimizing cells in module \tt_um_leanvm_b_mincore.
Performed a total of 0 changes.

9.8.5. Executing OPT_MERGE pass (detect identical cells).
Finding identical cells in module `$paramod$c8ea1368b9929af0c8d66661afb8ae1783e33452\gf2n_mul_bitstream'.
Finding identical cells in module `\gf128_mul_bitstream'.
Finding identical cells in module `\leanvm_b_stream_alu'.
Finding identical cells in module `\tt_um_leanvm_b_mincore'.
Removed a total of 0 cells.

9.8.6. Executing OPT_DFF pass (perform DFF optimizations).
Adding SRST signal on $procdff$8927 ($dff) from module $paramod$c8ea1368b9929af0c8d66661afb8ae1783e33452\gf2n_mul_bitstream (D = $procmux$8899_Y, Q = \accumulator, rval = 128'00000000000000000000000000000000000000000000000000000000000000000000000000000000000000000000000000000000000000000000000000000000).
Adding EN signal on $auto$ff.cc:266:slice$8953 ($sdff) from module $paramod$c8ea1368b9929af0c8d66661afb8ae1783e33452\gf2n_mul_bitstream (D = $procmux$8899_Y, Q = \accumulator).
Adding SRST signal on $procdff$8926 ($dff) from module $paramod$c8ea1368b9929af0c8d66661afb8ae1783e33452\gf2n_mul_bitstream (D = $procmux$8914_Y, Q = \a_shift, rval = 128'00000000000000000000000000000000000000000000000000000000000000000000000000000000000000000000000000000000000000000000000000000000).
Adding EN signal on $auto$ff.cc:266:slice$8965 ($sdff) from module $paramod$c8ea1368b9929af0c8d66661afb8ae1783e33452\gf2n_mul_bitstream (D = $procmux$8914_Y, Q = \a_shift).
Adding SRST signal on $procdff$8925 ($dff) from module leanvm_b_stream_alu (D = { $procmux$8369_Y $procmux$8391_Y }, Q = \scratch_byte, rval = 8'00000000).
Adding EN signal on $auto$ff.cc:266:slice$8977 ($sdff) from module leanvm_b_stream_alu (D = $procmux$8369_Y, Q = \scratch_byte [7:1]).
Adding EN signal on $auto$ff.cc:266:slice$8977 ($sdff) from module leanvm_b_stream_alu (D = $procmux$8391_Y, Q = \scratch_byte [0]).
Adding SRST signal on $procdff$8924 ($dff) from module leanvm_b_stream_alu (D = $procmux$8419_Y, Q = \byte_index, rval = 4'0000).
Adding EN signal on $auto$ff.cc:266:slice$9008 ($sdff) from module leanvm_b_stream_alu (D = $procmux$8419_Y, Q = \byte_index).
Adding SRST signal on $procdff$8923 ($dff) from module leanvm_b_stream_alu (D = $procmux$8468_Y, Q = \state, rval = 4'0000).
Adding EN signal on $auto$ff.cc:266:slice$9034 ($sdff) from module leanvm_b_stream_alu (D = $procmux$8468_Y, Q = \state).
Adding SRST signal on $procdff$8922 ($dff) from module leanvm_b_stream_alu (D = $procmux$8560_Y, Q = \fault, rval = 1'0).
Adding EN signal on $auto$ff.cc:266:slice$9066 ($sdff) from module leanvm_b_stream_alu (D = $procmux$8560_Y, Q = \fault).

9.8.7. Executing OPT_CLEAN pass (remove unused cells and wires).
Finding unused cells or wires in module $paramod$c8ea1368b9929af0c8d66661afb8ae1783e33452\gf2n_mul_bitstream..
Finding unused cells or wires in module \gf128_mul_bitstream..
Finding unused cells or wires in module \leanvm_b_stream_alu..
Finding unused cells or wires in module \tt_um_leanvm_b_mincore..
Removed 13 unused cells and 12 unused wires.
<suppressed ~15 debug messages>

9.8.8. Executing OPT_EXPR pass (perform const folding).
Optimizing module $paramod$c8ea1368b9929af0c8d66661afb8ae1783e33452\gf2n_mul_bitstream.
<suppressed ~2 debug messages>
Optimizing module gf128_mul_bitstream.
Optimizing module leanvm_b_stream_alu.
<suppressed ~3 debug messages>
Optimizing module tt_um_leanvm_b_mincore.

9.8.9. Rerunning OPT passes. (Maybe there is more to do..)

9.8.10. Executing OPT_MUXTREE pass (detect dead branches in mux trees).
Running muxtree optimizer on module $paramod$c8ea1368b9929af0c8d66661afb8ae1783e33452\gf2n_mul_bitstream..
  Creating internal representation of mux trees.
  Evaluating internal representation of mux trees.
  Analyzing evaluation results.
Running muxtree optimizer on module \gf128_mul_bitstream..
  Creating internal representation of mux trees.
  No muxes found in this module.
Running muxtree optimizer on module \leanvm_b_stream_alu..
  Creating internal representation of mux trees.
  Evaluating internal representation of mux trees.
  Analyzing evaluation results.
Running muxtree optimizer on module \tt_um_leanvm_b_mincore..
  Creating internal representation of mux trees.
  No muxes found in this module.
Removed 0 multiplexer ports.
<suppressed ~18 debug messages>

9.8.11. Executing OPT_REDUCE pass (consolidate $*mux and $reduce_* inputs).
  Optimizing cells in module $paramod$c8ea1368b9929af0c8d66661afb8ae1783e33452\gf2n_mul_bitstream.
  Optimizing cells in module \gf128_mul_bitstream.
  Optimizing cells in module \leanvm_b_stream_alu.
  Optimizing cells in module \tt_um_leanvm_b_mincore.
Performed a total of 0 changes.

9.8.12. Executing OPT_MERGE pass (detect identical cells).
Finding identical cells in module `$paramod$c8ea1368b9929af0c8d66661afb8ae1783e33452\gf2n_mul_bitstream'.
<suppressed ~6 debug messages>
Finding identical cells in module `\gf128_mul_bitstream'.
Finding identical cells in module `\leanvm_b_stream_alu'.
<suppressed ~42 debug messages>
Finding identical cells in module `\tt_um_leanvm_b_mincore'.
Removed a total of 16 cells.

9.8.13. Executing OPT_DFF pass (perform DFF optimizations).

9.8.14. Executing OPT_CLEAN pass (remove unused cells and wires).
Finding unused cells or wires in module $paramod$c8ea1368b9929af0c8d66661afb8ae1783e33452\gf2n_mul_bitstream..
Finding unused cells or wires in module \gf128_mul_bitstream..
Finding unused cells or wires in module \leanvm_b_stream_alu..
Finding unused cells or wires in module \tt_um_leanvm_b_mincore..
Removed 0 unused cells and 16 unused wires.
<suppressed ~2 debug messages>

9.8.15. Executing OPT_EXPR pass (perform const folding).
Optimizing module $paramod$c8ea1368b9929af0c8d66661afb8ae1783e33452\gf2n_mul_bitstream.
Optimizing module gf128_mul_bitstream.
Optimizing module leanvm_b_stream_alu.
Optimizing module tt_um_leanvm_b_mincore.

9.8.16. Rerunning OPT passes. (Maybe there is more to do..)

9.8.17. Executing OPT_MUXTREE pass (detect dead branches in mux trees).
Running muxtree optimizer on module $paramod$c8ea1368b9929af0c8d66661afb8ae1783e33452\gf2n_mul_bitstream..
  Creating internal representation of mux trees.
  Evaluating internal representation of mux trees.
  Analyzing evaluation results.
Running muxtree optimizer on module \gf128_mul_bitstream..
  Creating internal representation of mux trees.
  No muxes found in this module.
Running muxtree optimizer on module \leanvm_b_stream_alu..
  Creating internal representation of mux trees.
  Evaluating internal representation of mux trees.
  Analyzing evaluation results.
Running muxtree optimizer on module \tt_um_leanvm_b_mincore..
  Creating internal representation of mux trees.
  No muxes found in this module.
Removed 0 multiplexer ports.
<suppressed ~18 debug messages>

9.8.18. Executing OPT_REDUCE pass (consolidate $*mux and $reduce_* inputs).
  Optimizing cells in module $paramod$c8ea1368b9929af0c8d66661afb8ae1783e33452\gf2n_mul_bitstream.
  Optimizing cells in module \gf128_mul_bitstream.
  Optimizing cells in module \leanvm_b_stream_alu.
  Optimizing cells in module \tt_um_leanvm_b_mincore.
Performed a total of 0 changes.

9.8.19. Executing OPT_MERGE pass (detect identical cells).
Finding identical cells in module `$paramod$c8ea1368b9929af0c8d66661afb8ae1783e33452\gf2n_mul_bitstream'.
Finding identical cells in module `\gf128_mul_bitstream'.
Finding identical cells in module `\leanvm_b_stream_alu'.
Finding identical cells in module `\tt_um_leanvm_b_mincore'.
Removed a total of 0 cells.

9.8.20. Executing OPT_DFF pass (perform DFF optimizations).

9.8.21. Executing OPT_CLEAN pass (remove unused cells and wires).
Finding unused cells or wires in module $paramod$c8ea1368b9929af0c8d66661afb8ae1783e33452\gf2n_mul_bitstream..
Finding unused cells or wires in module \gf128_mul_bitstream..
Finding unused cells or wires in module \leanvm_b_stream_alu..
Finding unused cells or wires in module \tt_um_leanvm_b_mincore..

9.8.22. Executing OPT_EXPR pass (perform const folding).
Optimizing module $paramod$c8ea1368b9929af0c8d66661afb8ae1783e33452\gf2n_mul_bitstream.
Optimizing module gf128_mul_bitstream.
Optimizing module leanvm_b_stream_alu.
Optimizing module tt_um_leanvm_b_mincore.

9.8.23. Finished OPT passes. (There is nothing left to do.)

9.9. Executing WREDUCE pass (reducing word size of cells).
Removed top 1 bits (of 2) from port B of cell $paramod$c8ea1368b9929af0c8d66661afb8ae1783e33452\gf2n_mul_bitstream.$auto$opt_dff.cc:195:make_patterns_logic$8962 ($ne).
Removed top 120 bits (of 128) from mux cell $paramod$c8ea1368b9929af0c8d66661afb8ae1783e33452\gf2n_mul_bitstream.$ternary$src/gf2n_mul_bitstream.sv:66$8359 ($mux).
Removed top 120 bits (of 128) from port B of cell $paramod$c8ea1368b9929af0c8d66661afb8ae1783e33452\gf2n_mul_bitstream.$xor$src/gf2n_mul_bitstream.sv:65$8360 ($xor).
Removed top 120 bits (of 128) from wire $paramod$c8ea1368b9929af0c8d66661afb8ae1783e33452\gf2n_mul_bitstream.$ternary$src/gf2n_mul_bitstream.sv:66$8359_Y.
Removed top 3 bits (of 4) from port B of cell leanvm_b_stream_alu.$procmux$8376_CMP0 ($eq).
Removed top 1 bits (of 4) from port B of cell leanvm_b_stream_alu.$procmux$8373_CMP0 ($eq).
Removed top 6 bits (of 7) from port B of cell leanvm_b_stream_alu.$eq$src/leanvm_b_stream_alu.sv:83$47 ($eq).
Removed top 1 bits (of 4) from port B of cell leanvm_b_stream_alu.$eq$src/leanvm_b_stream_alu.sv:85$48 ($eq).
Removed top 1 bits (of 8) from port B of cell leanvm_b_stream_alu.$eq$src/leanvm_b_stream_alu.sv:205$68 ($eq).
Removed top 2 bits (of 4) from port B of cell leanvm_b_stream_alu.$eq$src/leanvm_b_stream_alu.sv:207$70 ($eq).
Removed top 2 bits (of 4) from port B of cell leanvm_b_stream_alu.$eq$src/leanvm_b_stream_alu.sv:208$73 ($eq).
Removed top 1 bits (of 4) from port B of cell leanvm_b_stream_alu.$eq$src/leanvm_b_stream_alu.sv:209$77 ($eq).
Removed top 2 bits (of 4) from port B of cell leanvm_b_stream_alu.$eq$src/leanvm_b_stream_alu.sv:211$86 ($eq).
Removed top 1 bits (of 3) from port B of cell leanvm_b_stream_alu.$auto$opt_dff.cc:195:make_patterns_logic$9061 ($ne).
Removed top 7 bits (of 8) from mux cell leanvm_b_stream_alu.$procmux$8595 ($mux).
Removed top 3 bits (of 4) from port B of cell leanvm_b_stream_alu.$procmux$8571_CMP0 ($eq).
Removed top 2 bits (of 4) from port B of cell leanvm_b_stream_alu.$procmux$8570_CMP0 ($eq).
Removed top 4 bits (of 8) from mux cell leanvm_b_stream_alu.$procmux$8568 ($pmux).
Removed top 7 bits (of 8) from port B of cell leanvm_b_stream_alu.$procmux$8526_CMP0 ($eq).
Removed top 6 bits (of 8) from port B of cell leanvm_b_stream_alu.$procmux$8525_CMP0 ($eq).
Removed top 6 bits (of 8) from port B of cell leanvm_b_stream_alu.$procmux$8524_CMP0 ($eq).
Removed top 5 bits (of 8) from port B of cell leanvm_b_stream_alu.$procmux$8523_CMP0 ($eq).
Removed top 1 bits (of 8) from port B of cell leanvm_b_stream_alu.$procmux$8522_CMP0 ($eq).
Removed top 3 bits (of 4) from mux cell leanvm_b_stream_alu.$procmux$8511 ($mux).
Removed top 1 bits (of 2) from port B of cell leanvm_b_stream_alu.$auto$opt_dff.cc:195:make_patterns_logic$8988 ($ne).
Removed top 1 bits (of 4) from port B of cell leanvm_b_stream_alu.$procmux$8439_CMP0 ($eq).
Removed top 1 bits (of 2) from port B of cell leanvm_b_stream_alu.$auto$opt_dff.cc:195:make_patterns_logic$8986 ($ne).
Removed top 4 bits (of 8) from wire leanvm_b_stream_alu.$2\status_byte$func$src/leanvm_b_stream_alu.sv:186$46.$result[7:0]$63.
Removed top 7 bits (of 8) from wire leanvm_b_stream_alu.$2\tx_data[7:0].
Removed top 3 bits (of 4) from wire leanvm_b_stream_alu.$procmux$8511_Y.

9.10. Executing PEEPOPT pass (run peephole optimizers).

9.11. Executing OPT_CLEAN pass (remove unused cells and wires).
Finding unused cells or wires in module $paramod$c8ea1368b9929af0c8d66661afb8ae1783e33452\gf2n_mul_bitstream..
Finding unused cells or wires in module \gf128_mul_bitstream..
Finding unused cells or wires in module \leanvm_b_stream_alu..
Finding unused cells or wires in module \tt_um_leanvm_b_mincore..
Removed 0 unused cells and 4 unused wires.
<suppressed ~2 debug messages>

9.12. Executing ALUMACC pass (create $alu and $macc cells).
Extracting $alu and $macc cells in module $paramod$c8ea1368b9929af0c8d66661afb8ae1783e33452\gf2n_mul_bitstream:
  created 0 $alu and 0 $macc cells.
Extracting $alu and $macc cells in module gf128_mul_bitstream:
  created 0 $alu and 0 $macc cells.
Extracting $alu and $macc cells in module leanvm_b_stream_alu:
  creating $macc model for $add$src/leanvm_b_stream_alu.sv:262$96 ($add).
  creating $alu model for $macc $add$src/leanvm_b_stream_alu.sv:262$96.
  creating $alu cell for $add$src/leanvm_b_stream_alu.sv:262$96: $auto$alumacc.cc:485:replace_alu$9080
  created 1 $alu and 0 $macc cells.
Extracting $alu and $macc cells in module tt_um_leanvm_b_mincore:
  created 0 $alu and 0 $macc cells.

9.13. Executing SHARE pass (SAT-based resource sharing).

9.14. Executing OPT pass (performing simple optimizations).

9.14.1. Executing OPT_EXPR pass (perform const folding).
Optimizing module $paramod$c8ea1368b9929af0c8d66661afb8ae1783e33452\gf2n_mul_bitstream.
Optimizing module gf128_mul_bitstream.
Optimizing module leanvm_b_stream_alu.
Optimizing module tt_um_leanvm_b_mincore.

9.14.2. Executing OPT_MERGE pass (detect identical cells).
Finding identical cells in module `$paramod$c8ea1368b9929af0c8d66661afb8ae1783e33452\gf2n_mul_bitstream'.
Finding identical cells in module `\gf128_mul_bitstream'.
Finding identical cells in module `\leanvm_b_stream_alu'.
Finding identical cells in module `\tt_um_leanvm_b_mincore'.
Removed a total of 0 cells.

9.14.3. Executing OPT_MUXTREE pass (detect dead branches in mux trees).
Running muxtree optimizer on module $paramod$c8ea1368b9929af0c8d66661afb8ae1783e33452\gf2n_mul_bitstream..
  Creating internal representation of mux trees.
  Evaluating internal representation of mux trees.
  Analyzing evaluation results.
Running muxtree optimizer on module \gf128_mul_bitstream..
  Creating internal representation of mux trees.
  No muxes found in this module.
Running muxtree optimizer on module \leanvm_b_stream_alu..
  Creating internal representation of mux trees.
  Evaluating internal representation of mux trees.
  Analyzing evaluation results.
Running muxtree optimizer on module \tt_um_leanvm_b_mincore..
  Creating internal representation of mux trees.
  No muxes found in this module.
Removed 0 multiplexer ports.
<suppressed ~18 debug messages>

9.14.4. Executing OPT_REDUCE pass (consolidate $*mux and $reduce_* inputs).
  Optimizing cells in module $paramod$c8ea1368b9929af0c8d66661afb8ae1783e33452\gf2n_mul_bitstream.
  Optimizing cells in module \gf128_mul_bitstream.
  Optimizing cells in module \leanvm_b_stream_alu.
  Optimizing cells in module \tt_um_leanvm_b_mincore.
Performed a total of 0 changes.

9.14.5. Executing OPT_MERGE pass (detect identical cells).
Finding identical cells in module `$paramod$c8ea1368b9929af0c8d66661afb8ae1783e33452\gf2n_mul_bitstream'.
Finding identical cells in module `\gf128_mul_bitstream'.
Finding identical cells in module `\leanvm_b_stream_alu'.
Finding identical cells in module `\tt_um_leanvm_b_mincore'.
Removed a total of 0 cells.

9.14.6. Executing OPT_DFF pass (perform DFF optimizations).

9.14.7. Executing OPT_CLEAN pass (remove unused cells and wires).
Finding unused cells or wires in module $paramod$c8ea1368b9929af0c8d66661afb8ae1783e33452\gf2n_mul_bitstream..
Finding unused cells or wires in module \gf128_mul_bitstream..
Finding unused cells or wires in module \leanvm_b_stream_alu..
Finding unused cells or wires in module \tt_um_leanvm_b_mincore..

9.14.8. Executing OPT_EXPR pass (perform const folding).
Optimizing module $paramod$c8ea1368b9929af0c8d66661afb8ae1783e33452\gf2n_mul_bitstream.
Optimizing module gf128_mul_bitstream.
Optimizing module leanvm_b_stream_alu.
Optimizing module tt_um_leanvm_b_mincore.

9.14.9. Finished OPT passes. (There is nothing left to do.)

9.15. Executing MEMORY pass.

9.15.1. Executing OPT_MEM pass (optimize memories).
Performed a total of 0 transformations.

9.15.2. Executing OPT_MEM_PRIORITY pass (removing unnecessary memory write priority relations).
Performed a total of 0 transformations.

9.15.3. Executing OPT_MEM_FEEDBACK pass (finding memory read-to-write feedback paths).

9.15.4. Executing MEMORY_BMUX2ROM pass (converting muxes to ROMs).

9.15.5. Executing MEMORY_DFF pass (merging $dff cells to $memrd).

9.15.6. Executing OPT_CLEAN pass (remove unused cells and wires).
Finding unused cells or wires in module $paramod$c8ea1368b9929af0c8d66661afb8ae1783e33452\gf2n_mul_bitstream..
Finding unused cells or wires in module \gf128_mul_bitstream..
Finding unused cells or wires in module \leanvm_b_stream_alu..
Finding unused cells or wires in module \tt_um_leanvm_b_mincore..

9.15.7. Executing MEMORY_SHARE pass (consolidating $memrd/$memwr cells).

9.15.8. Executing OPT_MEM_WIDEN pass (optimize memories where all ports are wide).
Performed a total of 0 transformations.

9.15.9. Executing OPT_CLEAN pass (remove unused cells and wires).
Finding unused cells or wires in module $paramod$c8ea1368b9929af0c8d66661afb8ae1783e33452\gf2n_mul_bitstream..
Finding unused cells or wires in module \gf128_mul_bitstream..
Finding unused cells or wires in module \leanvm_b_stream_alu..
Finding unused cells or wires in module \tt_um_leanvm_b_mincore..

9.15.10. Executing MEMORY_COLLECT pass (generating $mem cells).

9.16. Executing OPT_CLEAN pass (remove unused cells and wires).
Finding unused cells or wires in module $paramod$c8ea1368b9929af0c8d66661afb8ae1783e33452\gf2n_mul_bitstream..
Finding unused cells or wires in module \gf128_mul_bitstream..
Finding unused cells or wires in module \leanvm_b_stream_alu..
Finding unused cells or wires in module \tt_um_leanvm_b_mincore..

9.17. Executing OPT pass (performing simple optimizations).

9.17.1. Executing OPT_EXPR pass (perform const folding).
Optimizing module $paramod$c8ea1368b9929af0c8d66661afb8ae1783e33452\gf2n_mul_bitstream.
<suppressed ~9 debug messages>
Optimizing module gf128_mul_bitstream.
Optimizing module leanvm_b_stream_alu.
<suppressed ~41 debug messages>
Optimizing module tt_um_leanvm_b_mincore.

9.17.2. Executing OPT_MERGE pass (detect identical cells).
Finding identical cells in module `$paramod$c8ea1368b9929af0c8d66661afb8ae1783e33452\gf2n_mul_bitstream'.
Finding identical cells in module `\gf128_mul_bitstream'.
Finding identical cells in module `\leanvm_b_stream_alu'.
Finding identical cells in module `\tt_um_leanvm_b_mincore'.
Removed a total of 0 cells.

9.17.3. Executing OPT_DFF pass (perform DFF optimizations).

9.17.4. Executing OPT_CLEAN pass (remove unused cells and wires).
Finding unused cells or wires in module $paramod$c8ea1368b9929af0c8d66661afb8ae1783e33452\gf2n_mul_bitstream..
Finding unused cells or wires in module \gf128_mul_bitstream..
Finding unused cells or wires in module \leanvm_b_stream_alu..
Finding unused cells or wires in module \tt_um_leanvm_b_mincore..
Removed 0 unused cells and 34 unused wires.
<suppressed ~2 debug messages>

9.17.5. Finished fast OPT passes.

9.18. Executing MEMORY_MAP pass (converting memories to logic and flip-flops).

9.19. Executing OPT pass (performing simple optimizations).

9.19.1. Executing OPT_EXPR pass (perform const folding).
Optimizing module $paramod$c8ea1368b9929af0c8d66661afb8ae1783e33452\gf2n_mul_bitstream.
Optimizing module gf128_mul_bitstream.
Optimizing module leanvm_b_stream_alu.
Optimizing module tt_um_leanvm_b_mincore.

9.19.2. Executing OPT_MERGE pass (detect identical cells).
Finding identical cells in module `$paramod$c8ea1368b9929af0c8d66661afb8ae1783e33452\gf2n_mul_bitstream'.
Finding identical cells in module `\gf128_mul_bitstream'.
Finding identical cells in module `\leanvm_b_stream_alu'.
Finding identical cells in module `\tt_um_leanvm_b_mincore'.
Removed a total of 0 cells.

9.19.3. Executing OPT_MUXTREE pass (detect dead branches in mux trees).
Running muxtree optimizer on module $paramod$c8ea1368b9929af0c8d66661afb8ae1783e33452\gf2n_mul_bitstream..
  Creating internal representation of mux trees.
  Evaluating internal representation of mux trees.
  Analyzing evaluation results.
Running muxtree optimizer on module \gf128_mul_bitstream..
  Creating internal representation of mux trees.
  No muxes found in this module.
Running muxtree optimizer on module \leanvm_b_stream_alu..
  Creating internal representation of mux trees.
  Evaluating internal representation of mux trees.
  Analyzing evaluation results.
Running muxtree optimizer on module \tt_um_leanvm_b_mincore..
  Creating internal representation of mux trees.
  No muxes found in this module.
Removed 0 multiplexer ports.
<suppressed ~14 debug messages>

9.19.4. Executing OPT_REDUCE pass (consolidate $*mux and $reduce_* inputs).
  Optimizing cells in module $paramod$c8ea1368b9929af0c8d66661afb8ae1783e33452\gf2n_mul_bitstream.
    Consolidated identical input bits for $mux cell $ternary$src/gf2n_mul_bitstream.sv:66$8359:
      Old ports: A=8'00000000, B=8'10000111, Y={ $auto$wreduce.cc:461:run$9076 [7:1] $auto$opt_expr.cc:205:group_cell_inputs$9085 [120] }
      New ports: A=1'0, B=1'1, Y=$auto$opt_expr.cc:205:group_cell_inputs$9085 [120]
      New connections: $auto$wreduce.cc:461:run$9076 [7:1] = { $auto$opt_expr.cc:205:group_cell_inputs$9085 [120] 4'0000 $auto$opt_expr.cc:205:group_cell_inputs$9085 [120] $auto$opt_expr.cc:205:group_cell_inputs$9085 [120] }
  Optimizing cells in module $paramod$c8ea1368b9929af0c8d66661afb8ae1783e33452\gf2n_mul_bitstream.
  Optimizing cells in module \gf128_mul_bitstream.
  Optimizing cells in module \leanvm_b_stream_alu.
    New ctrl vector for $pmux cell $procmux$8419: { $auto$opt_reduce.cc:134:opt_pmux$9089 $auto$opt_reduce.cc:134:opt_pmux$9087 }
    New ctrl vector for $pmux cell $procmux$8468: { $eq$src/leanvm_b_stream_alu.sv:205$66_Y $procmux$8376_CMP $eq$src/leanvm_b_stream_alu.sv:207$70_Y $procmux$8439_CMP $procmux$8373_CMP $eq$src/leanvm_b_stream_alu.sv:85$48_Y $auto$opt_reduce.cc:134:opt_pmux$9093 $auto$opt_reduce.cc:134:opt_pmux$9091 }
    Consolidated identical input bits for $mux cell $procmux$8484:
      Old ports: A=4'0110, B=4'1000, Y=$procmux$8484_Y
      New ports: A=2'01, B=2'10, Y={ $procmux$8484_Y [3] $procmux$8484_Y [1] }
      New connections: { $procmux$8484_Y [2] $procmux$8484_Y [0] } = { $procmux$8484_Y [1] 1'0 }
    Consolidated identical input bits for $pmux cell $procmux$8568:
      Old ports: A=4'0000, B=12'000111111000, Y=$2\status_byte$func$src/leanvm_b_stream_alu.sv:186$46.$result[7:0]$63
      New ports: A=3'000, B=9'001111100, Y={ $2\status_byte$func$src/leanvm_b_stream_alu.sv:186$46.$result[7:0]$63 [3] $2\status_byte$func$src/leanvm_b_stream_alu.sv:186$46.$result[7:0]$63 [1:0] }
      New connections: $2\status_byte$func$src/leanvm_b_stream_alu.sv:186$46.$result[7:0]$63 [2] = $2\status_byte$func$src/leanvm_b_stream_alu.sv:186$46.$result[7:0]$63 [1]
    New input vector for $reduce_or cell $auto$opt_reduce.cc:128:opt_pmux$9086: { $eq$src/leanvm_b_stream_alu.sv:211$85_Y $eq$src/leanvm_b_stream_alu.sv:210$81_Y $eq$src/leanvm_b_stream_alu.sv:209$77_Y $eq$src/leanvm_b_stream_alu.sv:208$73_Y $eq$src/leanvm_b_stream_alu.sv:207$70_Y }
    New input vector for $reduce_or cell $auto$opt_reduce.cc:128:opt_pmux$9092: { $eq$src/leanvm_b_stream_alu.sv:211$85_Y $eq$src/leanvm_b_stream_alu.sv:210$81_Y $eq$src/leanvm_b_stream_alu.sv:208$73_Y }
  Optimizing cells in module \leanvm_b_stream_alu.
  Optimizing cells in module \tt_um_leanvm_b_mincore.
Performed a total of 7 changes.

9.19.5. Executing OPT_MERGE pass (detect identical cells).
Finding identical cells in module `$paramod$c8ea1368b9929af0c8d66661afb8ae1783e33452\gf2n_mul_bitstream'.
Finding identical cells in module `\gf128_mul_bitstream'.
Finding identical cells in module `\leanvm_b_stream_alu'.
Finding identical cells in module `\tt_um_leanvm_b_mincore'.
Removed a total of 0 cells.

9.19.6. Executing OPT_SHARE pass.

9.19.7. Executing OPT_DFF pass (perform DFF optimizations).
Adding EN signal on $auto$ff.cc:266:slice$9039 ($sdffe) from module leanvm_b_stream_alu (D = $procmux$8468_Y, Q = \state).

9.19.8. Executing OPT_CLEAN pass (remove unused cells and wires).
Finding unused cells or wires in module $paramod$c8ea1368b9929af0c8d66661afb8ae1783e33452\gf2n_mul_bitstream..
Finding unused cells or wires in module \gf128_mul_bitstream..
Finding unused cells or wires in module \leanvm_b_stream_alu..
Finding unused cells or wires in module \tt_um_leanvm_b_mincore..
Removed 0 unused cells and 1 unused wires.
<suppressed ~1 debug messages>

9.19.9. Executing OPT_EXPR pass (perform const folding).
Optimizing module $paramod$c8ea1368b9929af0c8d66661afb8ae1783e33452\gf2n_mul_bitstream.
<suppressed ~6 debug messages>
Optimizing module gf128_mul_bitstream.
Optimizing module leanvm_b_stream_alu.
<suppressed ~1 debug messages>
Optimizing module tt_um_leanvm_b_mincore.

9.19.10. Rerunning OPT passes. (Maybe there is more to do..)

9.19.11. Executing OPT_MUXTREE pass (detect dead branches in mux trees).
Running muxtree optimizer on module $paramod$c8ea1368b9929af0c8d66661afb8ae1783e33452\gf2n_mul_bitstream..
  Creating internal representation of mux trees.
  Evaluating internal representation of mux trees.
  Analyzing evaluation results.
Running muxtree optimizer on module \gf128_mul_bitstream..
  Creating internal representation of mux trees.
  No muxes found in this module.
Running muxtree optimizer on module \leanvm_b_stream_alu..
  Creating internal representation of mux trees.
  Evaluating internal representation of mux trees.
  Analyzing evaluation results.
Running muxtree optimizer on module \tt_um_leanvm_b_mincore..
  Creating internal representation of mux trees.
  No muxes found in this module.
Removed 0 multiplexer ports.
<suppressed ~13 debug messages>

9.19.12. Executing OPT_REDUCE pass (consolidate $*mux and $reduce_* inputs).
  Optimizing cells in module $paramod$c8ea1368b9929af0c8d66661afb8ae1783e33452\gf2n_mul_bitstream.
  Optimizing cells in module \gf128_mul_bitstream.
  Optimizing cells in module \leanvm_b_stream_alu.
    New input vector for $reduce_and cell $auto$opt_dff.cc:220:make_patterns_logic$9098: { $auto$opt_dff.cc:194:make_patterns_logic$9095 $auto$opt_dff.cc:194:make_patterns_logic$8985 $auto$opt_dff.cc:194:make_patterns_logic$8987 $auto$opt_dff.cc:194:make_patterns_logic$9014 $auto$opt_dff.cc:194:make_patterns_logic$9018 $auto$opt_dff.cc:194:make_patterns_logic$9020 $auto$opt_dff.cc:194:make_patterns_logic$9046 $auto$opt_dff.cc:194:make_patterns_logic$9050 $auto$opt_dff.cc:194:make_patterns_logic$9052 $auto$opt_dff.cc:194:make_patterns_logic$9056 $auto$opt_dff.cc:194:make_patterns_logic$9058 $auto$opt_dff.cc:194:make_patterns_logic$9060 $auto$opt_dff.cc:194:make_patterns_logic$9062 }
    New ctrl vector for $pmux cell $procmux$8468: { $eq$src/leanvm_b_stream_alu.sv:205$66_Y $procmux$8376_CMP $eq$src/leanvm_b_stream_alu.sv:207$70_Y $procmux$8439_CMP $procmux$8373_CMP $eq$src/leanvm_b_stream_alu.sv:85$48_Y $auto$opt_reduce.cc:134:opt_pmux$9103 }
    New input vector for $reduce_or cell $auto$opt_reduce.cc:128:opt_pmux$9102: { $eq$src/leanvm_b_stream_alu.sv:212$89_Y $eq$src/leanvm_b_stream_alu.sv:211$85_Y $eq$src/leanvm_b_stream_alu.sv:210$81_Y $eq$src/leanvm_b_stream_alu.sv:209$77_Y $eq$src/leanvm_b_stream_alu.sv:208$73_Y }
  Optimizing cells in module \leanvm_b_stream_alu.
  Optimizing cells in module \tt_um_leanvm_b_mincore.
Performed a total of 3 changes.

9.19.13. Executing OPT_MERGE pass (detect identical cells).
Finding identical cells in module `$paramod$c8ea1368b9929af0c8d66661afb8ae1783e33452\gf2n_mul_bitstream'.
Finding identical cells in module `\gf128_mul_bitstream'.
Finding identical cells in module `\leanvm_b_stream_alu'.
Finding identical cells in module `\tt_um_leanvm_b_mincore'.
Removed a total of 0 cells.

9.19.14. Executing OPT_SHARE pass.

9.19.15. Executing OPT_DFF pass (perform DFF optimizations).

9.19.16. Executing OPT_CLEAN pass (remove unused cells and wires).
Finding unused cells or wires in module $paramod$c8ea1368b9929af0c8d66661afb8ae1783e33452\gf2n_mul_bitstream..
Finding unused cells or wires in module \gf128_mul_bitstream..
Finding unused cells or wires in module \leanvm_b_stream_alu..
Finding unused cells or wires in module \tt_um_leanvm_b_mincore..
Removed 2 unused cells and 6 unused wires.
<suppressed ~4 debug messages>

9.19.17. Executing OPT_EXPR pass (perform const folding).
Optimizing module $paramod$c8ea1368b9929af0c8d66661afb8ae1783e33452\gf2n_mul_bitstream.
Optimizing module gf128_mul_bitstream.
Optimizing module leanvm_b_stream_alu.
Optimizing module tt_um_leanvm_b_mincore.

9.19.18. Rerunning OPT passes. (Maybe there is more to do..)

9.19.19. Executing OPT_MUXTREE pass (detect dead branches in mux trees).
Running muxtree optimizer on module $paramod$c8ea1368b9929af0c8d66661afb8ae1783e33452\gf2n_mul_bitstream..
  Creating internal representation of mux trees.
  Evaluating internal representation of mux trees.
  Analyzing evaluation results.
Running muxtree optimizer on module \gf128_mul_bitstream..
  Creating internal representation of mux trees.
  No muxes found in this module.
Running muxtree optimizer on module \leanvm_b_stream_alu..
  Creating internal representation of mux trees.
  Evaluating internal representation of mux trees.
  Analyzing evaluation results.
Running muxtree optimizer on module \tt_um_leanvm_b_mincore..
  Creating internal representation of mux trees.
  No muxes found in this module.
Removed 0 multiplexer ports.
<suppressed ~13 debug messages>

9.19.20. Executing OPT_REDUCE pass (consolidate $*mux and $reduce_* inputs).
  Optimizing cells in module $paramod$c8ea1368b9929af0c8d66661afb8ae1783e33452\gf2n_mul_bitstream.
  Optimizing cells in module \gf128_mul_bitstream.
  Optimizing cells in module \leanvm_b_stream_alu.
  Optimizing cells in module \tt_um_leanvm_b_mincore.
Performed a total of 0 changes.

9.19.21. Executing OPT_MERGE pass (detect identical cells).
Finding identical cells in module `$paramod$c8ea1368b9929af0c8d66661afb8ae1783e33452\gf2n_mul_bitstream'.
Finding identical cells in module `\gf128_mul_bitstream'.
Finding identical cells in module `\leanvm_b_stream_alu'.
Finding identical cells in module `\tt_um_leanvm_b_mincore'.
Removed a total of 0 cells.

9.19.22. Executing OPT_SHARE pass.

9.19.23. Executing OPT_DFF pass (perform DFF optimizations).

9.19.24. Executing OPT_CLEAN pass (remove unused cells and wires).
Finding unused cells or wires in module $paramod$c8ea1368b9929af0c8d66661afb8ae1783e33452\gf2n_mul_bitstream..
Finding unused cells or wires in module \gf128_mul_bitstream..
Finding unused cells or wires in module \leanvm_b_stream_alu..
Finding unused cells or wires in module \tt_um_leanvm_b_mincore..

9.19.25. Executing OPT_EXPR pass (perform const folding).
Optimizing module $paramod$c8ea1368b9929af0c8d66661afb8ae1783e33452\gf2n_mul_bitstream.
Optimizing module gf128_mul_bitstream.
Optimizing module leanvm_b_stream_alu.
Optimizing module tt_um_leanvm_b_mincore.

9.19.26. Finished OPT passes. (There is nothing left to do.)

9.20. Executing TECHMAP pass (map to technology primitives).

9.20.1. Executing Verilog-2005 frontend: /usr/bin/../share/yosys/techmap.v
Parsing Verilog input from `/usr/bin/../share/yosys/techmap.v' to AST representation.
Generating RTLIL representation for module `\_90_simplemap_bool_ops'.
Generating RTLIL representation for module `\_90_simplemap_reduce_ops'.
Generating RTLIL representation for module `\_90_simplemap_logic_ops'.
Generating RTLIL representation for module `\_90_simplemap_compare_ops'.
Generating RTLIL representation for module `\_90_simplemap_various'.
Generating RTLIL representation for module `\_90_simplemap_registers'.
Generating RTLIL representation for module `\_90_shift_ops_shr_shl_sshl_sshr'.
Generating RTLIL representation for module `\_90_shift_shiftx'.
Generating RTLIL representation for module `\_90_fa'.
Generating RTLIL representation for module `\_90_lcu'.
Generating RTLIL representation for module `\_90_alu'.
Generating RTLIL representation for module `\_90_macc'.
Generating RTLIL representation for module `\_90_alumacc'.
Generating RTLIL representation for module `\$__div_mod_u'.
Generating RTLIL representation for module `\$__div_mod_trunc'.
Generating RTLIL representation for module `\_90_div'.
Generating RTLIL representation for module `\_90_mod'.
Generating RTLIL representation for module `\$__div_mod_floor'.
Generating RTLIL representation for module `\_90_divfloor'.
Generating RTLIL representation for module `\_90_modfloor'.
Generating RTLIL representation for module `\_90_pow'.
Generating RTLIL representation for module `\_90_pmux'.
Generating RTLIL representation for module `\_90_demux'.
Generating RTLIL representation for module `\_90_lut'.
Successfully finished Verilog frontend.

9.20.2. Continuing TECHMAP pass.
Using extmapper simplemap for cells of type $not.
Using extmapper simplemap for cells of type $reduce_or.
Using template $paramod$b3b6ac92d800c6f07aa48f510f923d86a674e5a7\_90_pmux for cells of type $pmux.
Using extmapper simplemap for cells of type $eq.
Using template $paramod$231afaec00e6fad0c71d9f677e0405124d548ad2\_90_pmux for cells of type $pmux.
Using extmapper simplemap for cells of type $logic_and.
Using extmapper simplemap for cells of type $reduce_bool.
Using extmapper simplemap for cells of type $xor.
Using extmapper simplemap for cells of type $logic_or.
Using extmapper simplemap for cells of type $logic_not.
Using extmapper simplemap for cells of type $sdffe.
Using extmapper simplemap for cells of type $ne.
Using extmapper simplemap for cells of type $reduce_and.
Using template $paramod$85df5dc01c7df96a7d8e5f1fdf76ce9ac452af63\_90_pmux for cells of type $pmux.
Using template $paramod$e830d104b5de63a966ae948f6aff012e63986700\_90_pmux for cells of type $pmux.
Using template $paramod$d629d85c8826a74239b9178d1930215a43b0ceb0\_90_pmux for cells of type $pmux.
Using extmapper simplemap for cells of type $and.
Using template $paramod$c5c783b17ab1d780abfad8cfe6563a0a7b47a3b0\_90_pmux for cells of type $pmux.
Using extmapper simplemap for cells of type $mux.
Using extmapper simplemap for cells of type $or.
Using template $paramod$a13703aa027da371a1931fc542d213d7de559b19\_90_pmux for cells of type $pmux.
Using template $paramod$32a7b7b86c07519b7537abc18e96f0331f97914d\_90_alu for cells of type $alu.
Using template $paramod$33afdd83bf3811dac2de7a968d39eea5718691bc\_90_pmux for cells of type $pmux.
Using template $paramod$bf2533632d512eac76dd186c0da49367e29b8e98\_90_pmux for cells of type $pmux.
Using extmapper simplemap for cells of type $pos.
Using template $paramod\_90_lcu\WIDTH=32'00000000000000000000000000000100 for cells of type $lcu.
No more expansions possible.
<suppressed ~568 debug messages>

9.21. Executing OPT pass (performing simple optimizations).

9.21.1. Executing OPT_EXPR pass (perform const folding).
Optimizing module $paramod$c8ea1368b9929af0c8d66661afb8ae1783e33452\gf2n_mul_bitstream.
<suppressed ~5 debug messages>
Optimizing module gf128_mul_bitstream.
Optimizing module leanvm_b_stream_alu.
<suppressed ~344 debug messages>
Optimizing module tt_um_leanvm_b_mincore.

9.21.2. Executing OPT_MERGE pass (detect identical cells).
Finding identical cells in module `$paramod$c8ea1368b9929af0c8d66661afb8ae1783e33452\gf2n_mul_bitstream'.
<suppressed ~3 debug messages>
Finding identical cells in module `\gf128_mul_bitstream'.
Finding identical cells in module `\leanvm_b_stream_alu'.
<suppressed ~336 debug messages>
Finding identical cells in module `\tt_um_leanvm_b_mincore'.
Removed a total of 113 cells.

9.21.3. Executing OPT_DFF pass (perform DFF optimizations).

9.21.4. Executing OPT_CLEAN pass (remove unused cells and wires).
Finding unused cells or wires in module $paramod$c8ea1368b9929af0c8d66661afb8ae1783e33452\gf2n_mul_bitstream..
Finding unused cells or wires in module \gf128_mul_bitstream..
Finding unused cells or wires in module \leanvm_b_stream_alu..
Finding unused cells or wires in module \tt_um_leanvm_b_mincore..
Removed 2 unused cells and 484 unused wires.
<suppressed ~4 debug messages>

9.21.5. Finished fast OPT passes.

9.22. Executing ABC pass (technology mapping using ABC).

9.22.1. Extracting gate netlist of module `$paramod$c8ea1368b9929af0c8d66661afb8ae1783e33452\gf2n_mul_bitstream' to `<abc-temp-dir>/input.blif'..
Extracted 655 gates and 928 wires to a netlist network with 272 inputs and 259 outputs.

9.22.1.1. Executing ABC.
Running ABC command: "<yosys-exe-dir>/yosys-abc" -s -f <abc-temp-dir>/abc.script 2>&1
ABC: ABC command line: "source <abc-temp-dir>/abc.script".
ABC: 
ABC: + read_blif <abc-temp-dir>/input.blif 
ABC: + read_library <abc-temp-dir>/stdcells.genlib 
ABC: Entered genlib library with 13 gates from file "<abc-temp-dir>/stdcells.genlib".
ABC: + strash 
ABC: + dretime 
ABC: + map 
ABC: + write_blif <abc-temp-dir>/output.blif 

9.22.1.2. Re-integrating ABC results.
ABC RESULTS:             ORNOT cells:        2
ABC RESULTS:              NAND cells:        8
ABC RESULTS:               NOT cells:      122
ABC RESULTS:               MUX cells:      248
ABC RESULTS:               AND cells:      120
ABC RESULTS:               XOR cells:      131
ABC RESULTS:                OR cells:       10
ABC RESULTS:            ANDNOT cells:      132
ABC RESULTS:        internal signals:      397
ABC RESULTS:           input signals:      272
ABC RESULTS:          output signals:      259
Removing temp directory.

9.22.2. Extracting gate netlist of module `\gf128_mul_bitstream' to `<abc-temp-dir>/input.blif'..
Extracted 0 gates and 0 wires to a netlist network with 0 inputs and 0 outputs.
Don't call ABC as there is nothing to map.
Removing temp directory.

9.22.3. Extracting gate netlist of module `\leanvm_b_stream_alu' to `<abc-temp-dir>/input.blif'..
Extracted 436 gates and 474 wires to a netlist network with 36 inputs and 41 outputs.

9.22.3.1. Executing ABC.
Running ABC command: "<yosys-exe-dir>/yosys-abc" -s -f <abc-temp-dir>/abc.script 2>&1
ABC: ABC command line: "source <abc-temp-dir>/abc.script".
ABC: 
ABC: + read_blif <abc-temp-dir>/input.blif 
ABC: + read_library <abc-temp-dir>/stdcells.genlib 
ABC: Entered genlib library with 13 gates from file "<abc-temp-dir>/stdcells.genlib".
ABC: + strash 
ABC: + dretime 
ABC: + map 
ABC: + write_blif <abc-temp-dir>/output.blif 

9.22.3.2. Re-integrating ABC results.
ABC RESULTS:               XOR cells:        2
ABC RESULTS:               NOR cells:       29
ABC RESULTS:              XNOR cells:        8
ABC RESULTS:               NOT cells:       13
ABC RESULTS:              NAND cells:       22
ABC RESULTS:               AND cells:       31
ABC RESULTS:            ANDNOT cells:      167
ABC RESULTS:             ORNOT cells:       30
ABC RESULTS:                OR cells:       98
ABC RESULTS:        internal signals:      397
ABC RESULTS:           input signals:       36
ABC RESULTS:          output signals:       41
Removing temp directory.

9.22.4. Extracting gate netlist of module `\tt_um_leanvm_b_mincore' to `<abc-temp-dir>/input.blif'..
Extracted 0 gates and 0 wires to a netlist network with 0 inputs and 0 outputs.
Don't call ABC as there is nothing to map.
Removing temp directory.

9.23. Executing OPT pass (performing simple optimizations).

9.23.1. Executing OPT_EXPR pass (perform const folding).
Optimizing module $paramod$c8ea1368b9929af0c8d66661afb8ae1783e33452\gf2n_mul_bitstream.
<suppressed ~120 debug messages>
Optimizing module gf128_mul_bitstream.
Optimizing module leanvm_b_stream_alu.
Optimizing module tt_um_leanvm_b_mincore.

9.23.2. Executing OPT_MERGE pass (detect identical cells).
Finding identical cells in module `$paramod$c8ea1368b9929af0c8d66661afb8ae1783e33452\gf2n_mul_bitstream'.
Finding identical cells in module `\gf128_mul_bitstream'.
Finding identical cells in module `\leanvm_b_stream_alu'.
<suppressed ~3 debug messages>
Finding identical cells in module `\tt_um_leanvm_b_mincore'.
Removed a total of 1 cells.

9.23.3. Executing OPT_DFF pass (perform DFF optimizations).

9.23.4. Executing OPT_CLEAN pass (remove unused cells and wires).
Finding unused cells or wires in module $paramod$c8ea1368b9929af0c8d66661afb8ae1783e33452\gf2n_mul_bitstream..
Finding unused cells or wires in module \gf128_mul_bitstream..
Finding unused cells or wires in module \leanvm_b_stream_alu..
Finding unused cells or wires in module \tt_um_leanvm_b_mincore..
Removed 0 unused cells and 596 unused wires.
<suppressed ~7 debug messages>

9.23.5. Finished fast OPT passes.

9.24. Executing HIERARCHY pass (managing design hierarchy).

9.24.1. Analyzing design hierarchy..
Top module:  \tt_um_leanvm_b_mincore
Used module:     \leanvm_b_stream_alu
Used module:         \gf128_mul_bitstream
Used module:             $paramod$c8ea1368b9929af0c8d66661afb8ae1783e33452\gf2n_mul_bitstream

9.24.2. Analyzing design hierarchy..
Top module:  \tt_um_leanvm_b_mincore
Used module:     \leanvm_b_stream_alu
Used module:         \gf128_mul_bitstream
Used module:             $paramod$c8ea1368b9929af0c8d66661afb8ae1783e33452\gf2n_mul_bitstream
Removed 0 unused modules.

9.25. Printing statistics.

=== $paramod$c8ea1368b9929af0c8d66661afb8ae1783e33452\gf2n_mul_bitstream ===

   Number of wires:                786
   Number of wire bits:           1054
   Number of public wires:          13
   Number of public wire bits:     281
   Number of memories:               0
   Number of memory bits:            0
   Number of processes:              0
   Number of cells:               1029
     $_ANDNOT_                     132
     $_AND_                        120
     $_MUX_                        248
     $_NAND_                         8
     $_NOT_                        122
     $_ORNOT_                        2
     $_OR_                          10
     $_SDFFE_PP0P_                 256
     $_XOR_                        131

=== gf128_mul_bitstream ===

   Number of wires:                 11
   Number of wire bits:             25
   Number of public wires:          11
   Number of public wire bits:      25
   Number of memories:               0
   Number of memory bits:            0
   Number of processes:              0
   Number of cells:                  1
     $paramod$c8ea1368b9929af0c8d66661afb8ae1783e33452\gf2n_mul_bitstream      1

=== leanvm_b_stream_alu ===

   Number of wires:                392
   Number of wire bits:            468
   Number of public wires:          22
   Number of public wire bits:      59
   Number of memories:               0
   Number of memory bits:            0
   Number of processes:              0
   Number of cells:                417
     $_ANDNOT_                     167
     $_AND_                         31
     $_NAND_                        22
     $_NOR_                         28
     $_NOT_                         13
     $_ORNOT_                       30
     $_OR_                          98
     $_SDFFE_PN0P_                   1
     $_SDFFE_PP0P_                  16
     $_XNOR_                         8
     $_XOR_                          2
     gf128_mul_bitstream             1

=== tt_um_leanvm_b_mincore ===

   Number of wires:                 18
   Number of wire bits:             60
   Number of public wires:          18
   Number of public wire bits:      60
   Number of memories:               0
   Number of memory bits:            0
   Number of processes:              0
   Number of cells:                  1
     leanvm_b_stream_alu             1

=== design hierarchy ===

   tt_um_leanvm_b_mincore            1
     leanvm_b_stream_alu             1
       gf128_mul_bitstream           1
         $paramod$c8ea1368b9929af0c8d66661afb8ae1783e33452\gf2n_mul_bitstream      1

   Number of wires:               1207
   Number of wire bits:           1607
   Number of public wires:          64
   Number of public wire bits:     425
   Number of memories:               0
   Number of memory bits:            0
   Number of processes:              0
   Number of cells:               1445
     $_ANDNOT_                     299
     $_AND_                        151
     $_MUX_                        248
     $_NAND_                        30
     $_NOR_                         28
     $_NOT_                        135
     $_ORNOT_                       32
     $_OR_                         108
     $_SDFFE_PN0P_                   1
     $_SDFFE_PP0P_                 272
     $_XNOR_                         8
     $_XOR_                        133

9.26. Executing CHECK pass (checking for obvious problems).
Checking module $paramod$c8ea1368b9929af0c8d66661afb8ae1783e33452\gf2n_mul_bitstream...
Checking module gf128_mul_bitstream...
Checking module leanvm_b_stream_alu...
Checking module tt_um_leanvm_b_mincore...
Found and reported 0 problems.

10. Printing statistics.

=== $paramod$c8ea1368b9929af0c8d66661afb8ae1783e33452\gf2n_mul_bitstream ===

   Number of wires:                786
   Number of wire bits:           1054
   Number of public wires:          13
   Number of public wire bits:     281
   Number of memories:               0
   Number of memory bits:            0
   Number of processes:              0
   Number of cells:               1029
     $_ANDNOT_                     132
     $_AND_                        120
     $_MUX_                        248
     $_NAND_                         8
     $_NOT_                        122
     $_ORNOT_                        2
     $_OR_                          10
     $_SDFFE_PP0P_                 256
     $_XOR_                        131

=== gf128_mul_bitstream ===

   Number of wires:                 11
   Number of wire bits:             25
   Number of public wires:          11
   Number of public wire bits:      25
   Number of memories:               0
   Number of memory bits:            0
   Number of processes:              0
   Number of cells:                  1
     $paramod$c8ea1368b9929af0c8d66661afb8ae1783e33452\gf2n_mul_bitstream      1

=== leanvm_b_stream_alu ===

   Number of wires:                392
   Number of wire bits:            468
   Number of public wires:          22
   Number of public wire bits:      59
   Number of memories:               0
   Number of memory bits:            0
   Number of processes:              0
   Number of cells:                417
     $_ANDNOT_                     167
     $_AND_                         31
     $_NAND_                        22
     $_NOR_                         28
     $_NOT_                         13
     $_ORNOT_                       30
     $_OR_                          98
     $_SDFFE_PN0P_                   1
     $_SDFFE_PP0P_                  16
     $_XNOR_                         8
     $_XOR_                          2
     gf128_mul_bitstream             1

=== tt_um_leanvm_b_mincore ===

   Number of wires:                 18
   Number of wire bits:             60
   Number of public wires:          18
   Number of public wire bits:      60
   Number of memories:               0
   Number of memory bits:            0
   Number of processes:              0
   Number of cells:                  1
     leanvm_b_stream_alu             1

=== design hierarchy ===

   tt_um_leanvm_b_mincore            1
     leanvm_b_stream_alu             1
       gf128_mul_bitstream           1
         $paramod$c8ea1368b9929af0c8d66661afb8ae1783e33452\gf2n_mul_bitstream      1

   Number of wires:               1207
   Number of wire bits:           1607
   Number of public wires:          64
   Number of public wire bits:     425
   Number of memories:               0
   Number of memory bits:            0
   Number of processes:              0
   Number of cells:               1445
     $_ANDNOT_                     299
     $_AND_                        151
     $_MUX_                        248
     $_NAND_                        30
     $_NOR_                         28
     $_NOT_                        135
     $_ORNOT_                       32
     $_OR_                         108
     $_SDFFE_PN0P_                   1
     $_SDFFE_PP0P_                 272
     $_XNOR_                         8
     $_XOR_                        133

End of script. Logfile hash: b54c06849c, CPU: user 5.88s system 0.09s, MEM: 173.34 MB peak
Yosys 0.33 (git sha1 2584903a060)
Time spent: 84% 7x read_verilog (5 sec), 3% 22x opt_expr (0 sec), ...
