./.github/workflows/ci.yml: OK
./.gitignore: OK
./LICENSE: OK
./MANIFEST.md: OK
./Makefile: OK
./README.md: OK
./RESULTS.md: OK
./VALIDATION.txt: OK
./VERSION: OK
./asic_core/README.md: OK
./asic_core/rtl/gf128_mul_bitstream.sv: OK
./asic_core/rtl/gf2n_mul_bitstream.sv: OK
./asic_core/rtl/lean_silicon_lsc1.sv: OK
./asic_core/rtl/lean_silicon_lsc1_mincore.sv: OK
./asic_core/rtl/leanvm_b_stream_alu.sv: OK
./asic_core/rtl/lsc1_field_encoder.sv: OK
./asic_core/rtl/lsc1_gf128_mul.sv: OK
./asic_core/rtl/lsc1_packet_frontend.sv: OK
./asic_core/rtl/lsc1_packet_rx.sv: OK
./asic_core/rtl/lsc1_packet_tx.sv: OK
./asic_core/rtl/lsc1_stream_adapter.sv: OK
./conformance/README.md: OK
./conformance/corpus-v1.json: OK
./conformance/rust/frozen_adapter.rs: OK
./conformance/schema-v1.json: OK
./docs/ARCHITECTURE.md: OK
./docs/BLAKE3_EXTERNAL_SERVICE.md: OK
./docs/DECISIONS.md: OK
./docs/FULL_CORE.md: OK
./docs/FULL_CORE_PROTOCOL.md: OK
./docs/HOST_RUNTIME.md: OK
./docs/LSC1_PROTOCOL.md: OK
./docs/LSC1_TRANSACTION_PROTOCOL.md: OK
./docs/M0_MANAGER.md: OK
./docs/M2_CONTROLLER.md: OK
./docs/MINCORE_UART_HOST.md: OK
./docs/OPTIMALITY.md: OK
./docs/PROOF_BOUNDARIES.md: OK
./docs/PROTOCOL.md: OK
./docs/PROTOCOL_BYTE_CYCLE_AUDIT.md: OK
./docs/ROADMAP.md: OK
./docs/SEMANTICS.md: OK
./docs/SEMANTIC_DIFFERENCES.md: OK
./docs/SOURCE_AUDIT.md: OK
./docs/STATUS.md: OK
./docs/TAPEOUT.md: OK
./docs/THEOREM_INVENTORY.md: OK
./docs/ULX3S_SMOKE_AND_UART.md: OK
./docs/USE_CASES.md: OK
./docs/VALIDATION.md: OK
./docs/assets/lean-silicon-logo.png: OK
./docs/semantics/reference/README.md: OK
./docs/semantics/reference/oracle.py: OK
./docs/semantics/reference/vectors.json: OK
./docs/upstream-clarifications/README.md: OK
./formal/ARCH_STATE.md: OK
./formal/README.md: OK
./formal/gf128_serialize.sby: OK
./formal/gf128_serialize_formal.sv: OK
./formal/gf8_mul.sby: OK
./formal/gf8_mul_bounded.ys: OK
./formal/gf8_mul_bounded_boolector.sby: OK
./formal/gf8_mul_depth22_z3.sby: OK
./formal/gf8_mul_formal.sv: OK
./formal/lsc1_packet_frontend_arch_reset_idle.sv: OK
./formal/lsc1_packet_frontend_arch_reset_idle.ys: OK
./formal/lsc1_packet_frontend_arch_state_map.json: OK
./formal/lsc1_packet_frontend_release_equiv.ys: OK
./formal/stream_alu_mul_pulse.sby: OK
./formal/stream_alu_mul_pulse_formal.sv: OK
./fpga/ulx3s/Makefile: OK
./fpga/ulx3s/build_packet_uart.sh: OK
./fpga/ulx3s/build_smoke.sh: OK
./fpga/ulx3s/build_uart.sh: OK
./fpga/ulx3s/smoke.config: OK
./fpga/ulx3s/smoke.ys: OK
./fpga/ulx3s/smoke_top.sv: OK
./fpga/ulx3s/uart_bridge.sv: OK
./fpga/ulx3s/uart_rx.sv: OK
./fpga/ulx3s/uart_tx.sv: OK
./fpga/ulx3s/ulx3s_packet_top.sv: OK
./fpga/ulx3s/ulx3s_top.sv: OK
./fpga/ulx3s/ulx3s_v318_smoke.lpf: OK
./fpga_harness/BOUNDARY.md: OK
./fpga_harness/BUILD_PLAN.md: OK
./fpga_harness/INVENTORY.md: OK
./fpga_harness/README.md: OK
./fpga_harness/board_detect.py: OK
./fpga_harness/boundary_check.py: OK
./fpga_harness/fixtures/ulx3s_full_visibility.json: OK
./fpga_harness/hardware_preflight.py: OK
./fpga_harness/host/__init__.py: OK
./fpga_harness/host/lsc1_packet_uart.py: OK
./fpga_harness/host/mincore_uart.py: OK
./fpga_harness/rtl/lean_silicon_lsc1_pins.sv: OK
./fpga_harness/test_artefact_provenance.py: OK
./fpga_harness/test_atomic_publish.py: OK
./fpga_harness/test_board_detect.py: OK
./fpga_harness/test_boundary_check.py: OK
./fpga_harness/test_hardware_preflight.py: OK
./fpga_harness/test_portable_build_support.py: OK
./fpga_harness/test_ulx3s_uart.py: OK
./fpga_harness/tests/__init__.py: OK
./fpga_harness/tests/host_uart/__init__.py: OK
./fpga_harness/tests/host_uart/test_lsc1_packet_uart.py: OK
./fpga_harness/tests/host_uart/test_mincore_uart.py: OK
./fpga_harness/ulx3s_uart.py: OK
./host/README.md: OK
./host/__init__.py: OK
./host/blake3_service.py: OK
./host/errors.py: OK
./host/fixtures/assert_set_xor_mul.program.json: OK
./host/fixtures/assert_set_xor_mul.zkdsl: OK
./host/lean_compiler_adapter.py: OK
./host/memory.py: OK
./host/protocol.py: OK
./host/runtime.py: OK
./info.yaml: OK
./lean/LeanVMBMinCore/Address.lean: OK
./lean/LeanVMBMinCore/ByteSerialization.lean: OK
./lean/LeanVMBMinCore/CheckedIndex.lean: OK
./lean/LeanVMBMinCore/ControlPrimitives.lean: OK
./lean/LeanVMBMinCore/Deref.lean: OK
./lean/LeanVMBMinCore/GF8.lean: OK
./lean/LeanVMBMinCore/GHASH128.lean: OK
./lean/LeanVMBMinCore/ISA.lean: OK
./lean/LeanVMBMinCore/Memory.lean: OK
./lean/LeanVMBMinCore/Optimality.lean: OK
./lean/LeanVMBMinCore/Packet.lean: OK
./lean/LeanVMBMinCore/Stream.lean: OK
./lean/LeanVMBMinCore/Transaction.lean: OK
./lean/LeanVMBMinCore.lean: OK
./lean/README.md: OK
./lean/lake-manifest.json: OK
./lean/lakefile.lean: OK
./lean/lean-toolchain: OK
./planning/OWNERSHIP.md: OK
./planning/milestones.yaml: OK
./requirements.txt: OK
./results/arch-state-20260728/README.md: OK
./results/arch-state-20260728/differential.log: OK
./results/arch-state-20260728/interface-coverage.log: OK
./results/arch-state-20260728/mutation.log: OK
./results/arch-state-20260728/reset-idle.log: OK
./results/arch-state-20260728/rtl.log: OK
./results/arch-state-20260728/versions-and-inputs.log: OK
./results/arch-state-omissions-20260728/README.md: OK
./results/arch-state-omissions-20260728/differential.log: OK
./results/arch-state-omissions-20260728/forbidden-token-scan.log: OK
./results/arch-state-omissions-20260728/formal-reset.log: OK
./results/arch-state-omissions-20260728/interface-coverage.log: OK
./results/arch-state-omissions-20260728/mutation.log: OK
./results/arch-state-omissions-20260728/rtl.log: OK
./results/arch-state-omissions-20260728/versions.log: OK
./results/b2-capability-contract-20260728/README.md: OK
./results/b2-capability-contract-20260728/blake3_official.command: OK
./results/b2-capability-contract-20260728/blake3_official.log: OK
./results/b2-capability-contract-20260728/blake3_official.status: OK
./results/b2-capability-contract-20260728/equivalence.command: OK
./results/b2-capability-contract-20260728/equivalence.log: OK
./results/b2-capability-contract-20260728/equivalence.status: OK
./results/b2-capability-contract-20260728/equivalence_flattened.command: OK
./results/b2-capability-contract-20260728/equivalence_flattened.log: OK
./results/b2-capability-contract-20260728/equivalence_flattened.status: OK
./results/b2-capability-contract-20260728/equivalence_retry.command: OK
./results/b2-capability-contract-20260728/equivalence_retry.log: OK
./results/b2-capability-contract-20260728/equivalence_retry.status: OK
./results/b2-capability-contract-20260728/lsc1_packet_frontend.netlist.v: OK
./results/b2-capability-contract-20260728/metadata.txt: OK
./results/b2-capability-contract-20260728/model.command: OK
./results/b2-capability-contract-20260728/model.log: OK
./results/b2-capability-contract-20260728/model.status: OK
./results/b2-capability-contract-20260728/model_final.command: OK
./results/b2-capability-contract-20260728/model_final.log: OK
./results/b2-capability-contract-20260728/model_final.status: OK
./results/b2-capability-contract-20260728/mutation.command: OK
./results/b2-capability-contract-20260728/mutation.log: OK
./results/b2-capability-contract-20260728/mutation.status: OK
./results/b2-capability-contract-20260728/mutation_final.command: OK
./results/b2-capability-contract-20260728/mutation_final.log: OK
./results/b2-capability-contract-20260728/mutation_final.status: OK
./results/b2-capability-contract-20260728/netlist.command: OK
./results/b2-capability-contract-20260728/netlist.log: OK
./results/b2-capability-contract-20260728/netlist.status: OK
./results/b2-capability-contract-20260728/netlist_900.command: OK
./results/b2-capability-contract-20260728/netlist_900.log: OK
./results/b2-capability-contract-20260728/netlist_900.status: OK
./results/b2-capability-contract-20260728/python_full.command: OK
./results/b2-capability-contract-20260728/python_full.log: OK
./results/b2-capability-contract-20260728/python_full.status: OK
./results/b2-capability-contract-20260728/python_full_final.command: OK
./results/b2-capability-contract-20260728/python_full_final.log: OK
./results/b2-capability-contract-20260728/python_full_final.status: OK
./results/b2-capability-contract-20260728/rtl.command: OK
./results/b2-capability-contract-20260728/rtl.log: OK
./results/b2-capability-contract-20260728/rtl.status: OK
./results/b2-capability-contract-20260728/rtl_final.command: OK
./results/b2-capability-contract-20260728/rtl_final.log: OK
./results/b2-capability-contract-20260728/rtl_final.status: OK
./results/b2-capability-contract-20260728/run.sh: OK
./results/fpga-harness-inventory-20260725/README.md: OK
./results/fpga-harness-inventory-20260725/fpga-boundary.log: OK
./results/fpga-harness-inventory-20260725/fpga-boundary.status: OK
./results/fpga-harness-inventory-20260725/fpga-detect-mock-full.log: OK
./results/fpga-harness-inventory-20260725/fpga-detect-mock-full.status: OK
./results/fpga-harness-inventory-20260725/fpga-detect-real.log: OK
./results/fpga-harness-inventory-20260725/fpga-detect-real.status: OK
./results/fpga-harness-inventory-20260725/fpga-detect-require-datapath.log: OK
./results/fpga-harness-inventory-20260725/fpga-detect-require-datapath.status: OK
./results/fpga-harness-inventory-20260725/fpga-harness-tests.log: OK
./results/fpga-harness-inventory-20260725/fpga-harness-tests.status: OK
./results/fpga-harness-inventory-20260725/make-check.log: OK
./results/fpga-harness-inventory-20260725/make-check.status: OK
./results/fpga-harness-inventory-20260725/make-formal.log: OK
./results/fpga-harness-inventory-20260725/make-formal.status: OK
./results/fpga-harness-inventory-20260725/make-lean.log: OK
./results/fpga-harness-inventory-20260725/make-lean.status: OK
./results/fpga-harness-inventory-20260725/make-sim.log: OK
./results/fpga-harness-inventory-20260725/make-sim.status: OK
./results/fpga-harness-inventory-20260725/tested-source-sha.txt: OK
./results/fpga-harness-inventory-20260725/toolchain.txt: OK
./results/frozen-oracle-evidence-20260725/README.md: OK
./results/frozen-oracle-evidence-20260725/boundary-rejection.log: OK
./results/frozen-oracle-evidence-20260725/m2.json: OK
./results/frozen-oracle-evidence-20260725/m2.log: OK
./results/frozen-oracle-evidence-20260725/scalar.json: OK
./results/frozen-oracle-evidence-20260725/scalar.log: OK
./results/host-runtime-lsc1-20260725/README.md: OK
./results/host-runtime-lsc1-20260725/comparison.json: OK
./results/host-runtime-lsc1-20260725/host-comparison-live.log: OK
./results/host-runtime-lsc1-20260725/host-comparison-live.status: OK
./results/host-runtime-lsc1-20260725/host-comparison-recorded.log: OK
./results/host-runtime-lsc1-20260725/host-comparison-recorded.status: OK
./results/host-runtime-lsc1-20260725/host-tests.log: OK
./results/host-runtime-lsc1-20260725/host-tests.status: OK
./results/host-runtime-lsc1-20260725/make-check.log: OK
./results/host-runtime-lsc1-20260725/make-check.status: OK
./results/host-runtime-lsc1-20260725/scalar-differential.log: OK
./results/host-runtime-lsc1-20260725/scalar-differential.status: OK
./results/host-runtime-lsc1-20260725/tested-source-head.txt: OK
./results/host-runtime-lsc1-20260725/toolchain.txt: OK
./results/lean-proof-foundations-20260725/README.md: OK
./results/lean-proof-foundations-20260725/lean-build.log: OK
./results/lean-proof-foundations-20260725/lean-build.status: OK
./results/lean-proof-foundations-20260725/make-check.log: OK
./results/lean-proof-foundations-20260725/make-check.status: OK
./results/lean-proof-foundations-20260725/placeholders.log: OK
./results/lean-proof-foundations-20260725/placeholders.status: OK
./results/lean-proof-foundations-20260725/tested-source-sha.txt: OK
./results/lean-proof-foundations-20260725/toolchain.txt: OK
./results/m0-20260724T200511Z/audit.log: OK
./results/m0-20260724T200511Z/formal-sby.log: OK
./results/m0-20260724T200511Z/lean-build.log: OK
./results/m0-20260724T200511Z/make-check.log: OK
./results/m0-20260724T200511Z/make-sim.log: OK
./results/m0-20260724T200511Z/run.sh: OK
./results/m0-20260724T200511Z/status.tsv: OK
./results/m0-20260724T200511Z/toolchain.md: OK
./results/m0-20260724T200511Z/versions.log: OK
./results/m0-20260724T200511Z/yosys-formal.internal.log: OK
./results/m0-20260724T200511Z/yosys-formal.log: OK
./results/m0-20260724T200511Z/yosys-rtl.internal.log: OK
./results/m0-20260724T200511Z/yosys-rtl.log: OK
./results/m0-gf8-bounded-20260724T203611Z/baseline-original-cvc5-timeout.log: OK
./results/m0-gf8-bounded-20260724T203611Z/bounded-depth22-yosys-sat.log: OK
./results/m0-gf8-bounded-20260724T203611Z/depth22-boolector-incompatible.log: OK
./results/m0-gf8-bounded-20260724T203611Z/depth22-z3-timeout.log: OK
./results/m0-gf8-bounded-20260724T203611Z/formal-elaboration.log: OK
./results/m0-gf8-bounded-20260724T203611Z/run.sh: OK
./results/m0-gf8-bounded-20260724T203611Z/status.tsv: OK
./results/m0-gf8-bounded-20260724T203611Z/versions.log: OK
./results/m0-merge-20260724T210000Z/formal-sby.log: OK
./results/m0-merge-20260724T210000Z/lean-build.log: OK
./results/m0-merge-20260724T210000Z/make-check.log: OK
./results/m0-merge-20260724T210000Z/make-sim.log: OK
./results/m0-merge-20260724T210000Z/run.sh: OK
./results/m0-merge-20260724T210000Z/status.tsv: OK
./results/m0-merge-20260724T210000Z/versions.log: OK
./results/m0-merge-20260724T210000Z/yosys-formal.internal.log: OK
./results/m0-merge-20260724T210000Z/yosys-formal.log: OK
./results/m0-merge-20260724T210000Z/yosys-rtl.internal.log: OK
./results/m0-merge-20260724T210000Z/yosys-rtl.log: OK
./results/m0-recovery-20260725T004900Z/ProofSurface.lean: OK
./results/m0-recovery-20260725T004900Z/README.md: OK
./results/m0-recovery-20260725T004900Z/formal-sby.log: OK
./results/m0-recovery-20260725T004900Z/lean-default.log: OK
./results/m0-recovery-20260725T004900Z/lean-explicit.log: OK
./results/m0-recovery-20260725T004900Z/make-check.log: OK
./results/m0-recovery-20260725T004900Z/make-sim.log: OK
./results/m0-recovery-20260725T004900Z/proof-surface.log: OK
./results/m0-recovery-20260725T004900Z/source-placeholders.log: OK
./results/m0-recovery-20260725T004900Z/status.tsv: OK
./results/m0-recovery-20260725T004900Z/versions.log: OK
./results/m0-recovery-20260725T004900Z/yosys-rtl.log: OK
./results/m2-20260725T022000Z/check.log: OK
./results/m2-20260725T022000Z/formal.log: OK
./results/m2-20260725T022000Z/git-head.log: OK
./results/m2-20260725T022000Z/m2-controller-synthesis.log: OK
./results/m2-20260725T022000Z/m2-differential.log: OK
./results/m2-20260725T022000Z/oracle64.log: OK
./results/m2-20260725T022000Z/sim.log: OK
./results/m2-20260725T022000Z/status.tsv: OK
./results/m2-20260725T022000Z/synthesis.log: OK
./results/oracle-differential-20260725/README.md: OK
./results/oracle-differential-20260725/make-check.log: OK
./results/oracle-differential-20260725/make-check.status: OK
./results/oracle-differential-20260725/upstream-attempt.log: OK
./results/oracle-differential-20260725/upstream-attempt.status: OK
./results/protocol-byte-cycle-audit-20260725/README.md: OK
./results/protocol-byte-cycle-audit-20260725/followup-e0d4730/README.md: OK
./results/protocol-byte-cycle-audit-20260725/followup-e0d4730/make-check.log: OK
./results/protocol-byte-cycle-audit-20260725/followup-e0d4730/make-formal.log: OK
./results/protocol-byte-cycle-audit-20260725/followup-e0d4730/make-lean.log: OK
./results/protocol-byte-cycle-audit-20260725/followup-e0d4730/make-sim.log: OK
./results/protocol-byte-cycle-audit-20260725/followup-e0d4730/yosys-lint-synth.log: OK
./results/protocol-byte-cycle-audit-20260725/make-check.log: OK
./results/protocol-byte-cycle-audit-20260725/make-check.status: OK
./results/protocol-byte-cycle-audit-20260725/make-formal.log: OK
./results/protocol-byte-cycle-audit-20260725/make-formal.status: OK
./results/protocol-byte-cycle-audit-20260725/make-lean.log: OK
./results/protocol-byte-cycle-audit-20260725/make-lean.status: OK
./results/protocol-byte-cycle-audit-20260725/make-sim.log: OK
./results/protocol-byte-cycle-audit-20260725/make-sim.status: OK
./results/protocol-byte-cycle-audit-20260725/tested-source-sha.txt: OK
./results/protocol-byte-cycle-audit-20260725/yosys-lint-synth.log: OK
./results/protocol-byte-cycle-audit-20260725/yosys-lint-synth.status: OK
./results/serial-mul-byte-order-20260725/README.md: OK
./results/serial-mul-byte-order-20260725/base-source-sha.txt: OK
./results/serial-mul-byte-order-20260725/bind-elaboration-check.log: OK
./results/serial-mul-byte-order-20260725/bind-elaboration-check.status: OK
./results/serial-mul-byte-order-20260725/lean-build.log: OK
./results/serial-mul-byte-order-20260725/lean-build.status: OK
./results/serial-mul-byte-order-20260725/lean-print-axioms.input.lean: OK
./results/serial-mul-byte-order-20260725/lean-print-axioms.log: OK
./results/serial-mul-byte-order-20260725/lean-print-axioms.status: OK
./results/serial-mul-byte-order-20260725/make-check.log: OK
./results/serial-mul-byte-order-20260725/make-check.status: OK
./results/serial-mul-byte-order-20260725/make-sim.log: OK
./results/serial-mul-byte-order-20260725/make-sim.status: OK
./results/serial-mul-byte-order-20260725/make-smoke.log: OK
./results/serial-mul-byte-order-20260725/make-smoke.status: OK
./results/serial-mul-byte-order-20260725/placeholders.log: OK
./results/serial-mul-byte-order-20260725/placeholders.status: OK
./results/serial-mul-byte-order-20260725/sby-gf128-serialize-bmc.log: OK
./results/serial-mul-byte-order-20260725/sby-gf128-serialize-bmc.status: OK
./results/serial-mul-byte-order-20260725/sby-gf128-serialize-cover.log: OK
./results/serial-mul-byte-order-20260725/sby-gf128-serialize-cover.status: OK
./results/serial-mul-byte-order-20260725/sby-gf128-serialize-induction.log: OK
./results/serial-mul-byte-order-20260725/sby-gf128-serialize-induction.status: OK
./results/serial-mul-byte-order-20260725/sby-gf8-mul.log: OK
./results/serial-mul-byte-order-20260725/sby-gf8-mul.status: OK
./results/serial-mul-byte-order-20260725/sby-stream-alu-mul-pulse-cover.log: OK
./results/serial-mul-byte-order-20260725/sby-stream-alu-mul-pulse-cover.status: OK
./results/serial-mul-byte-order-20260725/sby-stream-alu-mul-pulse-induction.log: OK
./results/serial-mul-byte-order-20260725/sby-stream-alu-mul-pulse-induction.status: OK
./results/serial-mul-byte-order-20260725/toolchain.txt: OK
./results/ulx3s-smoke-uart-20260725/SHA256SUMS_bridge.txt: OK
./results/ulx3s-smoke-uart-20260725/SOURCE_MANIFEST.txt: OK
./results/ulx3s-smoke-uart-20260725/SOURCE_MANIFEST_uart.txt: OK
./results/ulx3s-smoke-uart-20260725/nextpnr.log: OK
./results/ulx3s-smoke-uart-20260725/nextpnr_uart.log: OK
./results/ulx3s-smoke-uart-20260725/smoke.config: OK
./results/ulx3s-smoke-uart-20260725/smoke.svf: OK
./results/ulx3s-smoke-uart-20260725/timing.txt: OK
./results/ulx3s-smoke-uart-20260725/timing_uart.txt: OK
./results/ulx3s-smoke-uart-20260725/tool_versions.txt: OK
./results/ulx3s-smoke-uart-20260725/tool_versions_uart.txt: OK
./results/ulx3s-smoke-uart-20260725/ulx3s_bridge.bit: OK
./results/ulx3s-smoke-uart-20260725/ulx3s_smoke.bit: OK
./results/ulx3s-smoke-uart-20260725/yosys.log: OK
./results/ulx3s-smoke-uart-20260725/yosys_uart.log: OK
./sim/__init__.py: OK
./sim/__pycache__/__init__.cpython-312.pyc: OK
./sim/__pycache__/lsc1_transaction.cpython-312.pyc: OK
./sim/__pycache__/test_packet_frontend_rtl_differential.cpython-312.pyc: OK
./sim/cycle_model.py: OK
./sim/lsc1_transaction.py: OK
./sim/model.py: OK
./sim/packet_executor_model.py: OK
./sim/protocol_contract.py: OK
./sim/scalar_step_oracle.py: OK
./sim/test_atomic_publish.py: OK
./sim/test_blake3_service.py: OK
./sim/test_conformance_corpus.py: OK
./sim/test_cycle_model.py: OK
./sim/test_host_runtime.py: OK
./sim/test_lsc1_protocol_doc.py: OK
./sim/test_lsc1_transaction.py: OK
./sim/test_model.py: OK
./sim/test_packet_executor_model.py: OK
./sim/test_packet_frontend_rtl_differential.py: OK
./sim/test_protocol_contract.py: OK
./sim/test_scalar_step_oracle.py: OK
./src/gf128_mul_bitstream.sv: OK
./src/gf2n_mul_bitstream.sv: OK
./src/leanvm_b_m2_scalar_controller.sv: OK
./src/leanvm_b_stream_alu.sv: OK
./src/tt_um_leanvm_b_mincore.sv: OK
./src/user_config.tcl: OK
./test/Makefile: OK
./test/packet_frontend/Makefile: OK
./test/packet_frontend/tb_lsc1_packet_frontend.sv: OK
./test/packet_frontend/tb_lsc1_packet_frontend.vvp: OK
./test/packet_frontend/tb_lsc1_packet_vector.sv: OK
./test/tb_m2_scalar_controller.sv: OK
./test/tb_packet_uart_bridge.sv: OK
./test/tb_stream_alu.sv: OK
./test/tb_uart_bridge.sv: OK
./tools/atomic_publish.py: OK
./tools/blake3_reference/Cargo.lock: OK
./tools/blake3_reference/Cargo.toml: OK
./tools/blake3_reference/src/main.rs: OK
./tools/check_arch_state_interface.py: OK
./tools/conformance_differential.py: OK
./tools/design_space.csv: OK
./tools/design_space.md: OK
./tools/design_space.py: OK
./tools/exact_linear_xor.py: OK
./tools/frozen_upstream_differential.py: OK
./tools/generate_checksums.py: OK
./tools/generate_conformance_corpus.py: OK
./tools/host_upstream_comparison.py: OK
./tools/interface_consistency.py: OK
./tools/lean_compiler_export.py: OK
./tools/m2_rtl_differential.py: OK
./tools/portable_build_support.py: OK
./tools/repo_consistency.py: OK
./tools/rtl_state_count.py: OK
./tools/run_arch_state_milestones.sh: OK
./tools/source_provenance.py: OK
./tools/sv_smoke_check.py: OK
