+ timeout --foreground 15s bash -lc cd\ formal\ \&\&\ sby\ -f\ gf8_mul_bounded_boolector.sby 
SBY 22:40:58 [gf8_mul_bounded_boolector] Removing directory '/workspaces/mission-fcef4e99/gf8-bounded-worker/formal/gf8_mul_bounded_boolector'.
SBY 22:40:58 [gf8_mul_bounded_boolector] Copy '/workspaces/mission-fcef4e99/gf8-bounded-worker/formal/../src/gf2n_mul_bitstream.sv' to '/workspaces/mission-fcef4e99/gf8-bounded-worker/formal/gf8_mul_bounded_boolector/src/gf2n_mul_bitstream.sv'.
SBY 22:40:58 [gf8_mul_bounded_boolector] Copy '/workspaces/mission-fcef4e99/gf8-bounded-worker/formal/gf8_mul_formal.sv' to '/workspaces/mission-fcef4e99/gf8-bounded-worker/formal/gf8_mul_bounded_boolector/src/gf8_mul_formal.sv'.
SBY 22:40:58 [gf8_mul_bounded_boolector] engine_0: smtbmc boolector
SBY 22:40:58 [gf8_mul_bounded_boolector] base: starting process "cd gf8_mul_bounded_boolector/src; yosys -ql ../model/design.log ../model/design.ys"
SBY 22:40:59 [gf8_mul_bounded_boolector] base: finished (returncode=0)
SBY 22:40:59 [gf8_mul_bounded_boolector] prep: starting process "cd gf8_mul_bounded_boolector/model; yosys -ql design_prep.log design_prep.ys"
SBY 22:40:59 [gf8_mul_bounded_boolector] prep: finished (returncode=0)
SBY 22:40:59 [gf8_mul_bounded_boolector] smt2: starting process "cd gf8_mul_bounded_boolector/model; yosys -ql design_smt2.log design_smt2.ys"
SBY 22:40:59 [gf8_mul_bounded_boolector] smt2: finished (returncode=0)
SBY 22:40:59 [gf8_mul_bounded_boolector] engine_0: starting process "cd gf8_mul_bounded_boolector; yosys-smtbmc -s boolector --presat --unroll --noprogress -t 22  --append 0 --dump-vcd engine_0/trace.vcd --dump-yw engine_0/trace.yw --dump-vlogtb engine_0/trace_tb.v --dump-smtc engine_0/trace.smtc model/design_smt2.smt2"
SBY 22:40:59 [gf8_mul_bounded_boolector] engine_0: ##   0:00:00  Solver: boolector
SBY 22:40:59 [gf8_mul_bounded_boolector] engine_0: Traceback (most recent call last):
SBY 22:40:59 [gf8_mul_bounded_boolector] engine_0: File "/usr/bin/yosys-smtbmc", line 1767, in <module>
SBY 22:40:59 [gf8_mul_bounded_boolector] engine_0: smt_assert_consequent("(|%s_u| s%d)" % (topmod, step))
SBY 22:40:59 [gf8_mul_bounded_boolector] engine_0: File "/usr/bin/yosys-smtbmc", line 1475, in smt_assert_consequent
SBY 22:40:59 [gf8_mul_bounded_boolector] engine_0: smt.write("(assert %s)" % expr)
SBY 22:40:59 [gf8_mul_bounded_boolector] engine_0: File "/usr/share/yosys/smtio.py", line 462, in write
SBY 22:40:59 [gf8_mul_bounded_boolector] engine_0: stmt = self.unparse(self.unroll_stmt(s))
SBY 22:40:59 [gf8_mul_bounded_boolector] engine_0: ^^^^^^^^^^^^^^^^^^^
SBY 22:40:59 [gf8_mul_bounded_boolector] engine_0: File "/usr/share/yosys/smtio.py", line 304, in unroll_stmt
SBY 22:40:59 [gf8_mul_bounded_boolector] engine_0: stmt = [self.unroll_stmt(s) for s in stmt]
SBY 22:40:59 [gf8_mul_bounded_boolector] engine_0: ^^^^^^^^^^^^^^^^^^^
SBY 22:40:59 [gf8_mul_bounded_boolector] engine_0: File "/usr/share/yosys/smtio.py", line 333, in unroll_stmt
SBY 22:40:59 [gf8_mul_bounded_boolector] engine_0: decl = self.unroll_stmt(decl)
SBY 22:40:59 [gf8_mul_bounded_boolector] engine_0: ^^^^^^^^^^^^^^^^^^^^^^
SBY 22:40:59 [gf8_mul_bounded_boolector] engine_0: File "/usr/share/yosys/smtio.py", line 304, in unroll_stmt
SBY 22:40:59 [gf8_mul_bounded_boolector] engine_0: stmt = [self.unroll_stmt(s) for s in stmt]
SBY 22:40:59 [gf8_mul_bounded_boolector] engine_0: ^^^^^^^^^^^^^^^^^^^
SBY 22:40:59 [gf8_mul_bounded_boolector] engine_0: File "/usr/share/yosys/smtio.py", line 334, in unroll_stmt
SBY 22:40:59 [gf8_mul_bounded_boolector] engine_0: self.write(self.unparse(decl), unroll=False)
SBY 22:40:59 [gf8_mul_bounded_boolector] engine_0: File "/usr/share/yosys/smtio.py", line 496, in write
SBY 22:40:59 [gf8_mul_bounded_boolector] engine_0: self.p_write(stmt + "\n", True)
SBY 22:40:59 [gf8_mul_bounded_boolector] engine_0: File "/usr/share/yosys/smtio.py", line 365, in p_write
SBY 22:40:59 [gf8_mul_bounded_boolector] engine_0: if flush: self.p.stdin.flush()
SBY 22:40:59 [gf8_mul_bounded_boolector] engine_0: ^^^^^^^^^^^^^^^^^^^^
SBY 22:40:59 [gf8_mul_bounded_boolector] engine_0: BrokenPipeError: [Errno 32] Broken pipe
SBY 22:40:59 [gf8_mul_bounded_boolector] engine_0: finished (returncode=1)
SBY 22:40:59 [gf8_mul_bounded_boolector] ERROR: engine_0: Engine terminated without status.
SBY 22:40:59 [gf8_mul_bounded_boolector] summary: Elapsed clock time [H:MM:SS (secs)]: 0:00:00 (0)
SBY 22:40:59 [gf8_mul_bounded_boolector] summary: Elapsed process time [H:MM:SS (secs)]: 0:00:00 (0)
SBY 22:40:59 [gf8_mul_bounded_boolector] summary: engine_0 (smtbmc boolector) did not return a status
SBY 22:40:59 [gf8_mul_bounded_boolector] summary: engine_0 did not produce any traces
SBY 22:40:59 [gf8_mul_bounded_boolector] DONE (ERROR, rc=16)
