+ yosys -p read_verilog\ -formal\ -sv\ src/gf2n_mul_bitstream.sv\ formal/gf8_mul_formal.sv\;\ prep\ -top\ gf8_mul_formal\;\ check 

 /----------------------------------------------------------------------------\
 |                                                                            |
 |  yosys -- Yosys Open SYnthesis Suite                                       |
 |                                                                            |
 |  Copyright (C) 2012 - 2020  Claire Xenia Wolf <claire@yosyshq.com>         |
 |                                                                            |
 |  Permission to use, copy, modify, and/or distribute this software for any  |
 |  purpose with or without fee is hereby granted, provided that the above    |
 |  copyright notice and this permission notice appear in all copies.         |
 |                                                                            |
 |  THE SOFTWARE IS PROVIDED "AS IS" AND THE AUTHOR DISCLAIMS ALL WARRANTIES  |
 |  WITH REGARD TO THIS SOFTWARE INCLUDING ALL IMPLIED WARRANTIES OF          |
 |  MERCHANTABILITY AND FITNESS. IN NO EVENT SHALL THE AUTHOR BE LIABLE FOR   |
 |  ANY SPECIAL, DIRECT, INDIRECT, OR CONSEQUENTIAL DAMAGES OR ANY DAMAGES    |
 |  WHATSOEVER RESULTING FROM LOSS OF USE, DATA OR PROFITS, WHETHER IN AN     |
 |  ACTION OF CONTRACT, NEGLIGENCE OR OTHER TORTIOUS ACTION, ARISING OUT OF   |
 |  OR IN CONNECTION WITH THE USE OR PERFORMANCE OF THIS SOFTWARE.            |
 |                                                                            |
 \----------------------------------------------------------------------------/

 Yosys 0.33 (git sha1 2584903a060)


-- Running command `read_verilog -formal -sv src/gf2n_mul_bitstream.sv formal/gf8_mul_formal.sv; prep -top gf8_mul_formal; check' --

1. Executing Verilog-2005 frontend: src/gf2n_mul_bitstream.sv
Parsing formal SystemVerilog input from `src/gf2n_mul_bitstream.sv' to AST representation.
Generating RTLIL representation for module `\gf2n_mul_bitstream'.
Successfully finished Verilog frontend.

2. Executing Verilog-2005 frontend: formal/gf8_mul_formal.sv
Parsing formal SystemVerilog input from `formal/gf8_mul_formal.sv' to AST representation.
Generating RTLIL representation for module `\gf8_mul_formal'.
Successfully finished Verilog frontend.

3. Executing PREP pass.

3.1. Executing HIERARCHY pass (managing design hierarchy).

3.1.1. Analyzing design hierarchy..
Top module:  \gf8_mul_formal
Used module:     \gf2n_mul_bitstream
Parameter \WIDTH = 8
Parameter \BYTE_BITS = 8
Parameter \MODULUS_LOW = 8'00011011

3.1.2. Executing AST frontend in derive mode using pre-parsed AST for module `\gf2n_mul_bitstream'.
Parameter \WIDTH = 8
Parameter \BYTE_BITS = 8
Parameter \MODULUS_LOW = 8'00011011
Generating RTLIL representation for module `$paramod$d7c1eb58ac82a2b1d4ad0e034495119e1675fba1\gf2n_mul_bitstream'.

3.1.3. Analyzing design hierarchy..
Top module:  \gf8_mul_formal
Used module:     $paramod$d7c1eb58ac82a2b1d4ad0e034495119e1675fba1\gf2n_mul_bitstream

3.1.4. Analyzing design hierarchy..
Top module:  \gf8_mul_formal
Used module:     $paramod$d7c1eb58ac82a2b1d4ad0e034495119e1675fba1\gf2n_mul_bitstream
Removing unused module `\gf2n_mul_bitstream'.
Removed 1 unused modules.
Module gf8_mul_formal directly or indirectly contains formal properties -> setting "keep" attribute.

3.2. Executing PROC pass (convert processes to netlists).

3.2.1. Executing PROC_CLEAN pass (remove empty switches from decision trees).
Cleaned up 0 empty switches.

3.2.2. Executing PROC_RMDEAD pass (remove dead branches from decision trees).
Marked 17 switch rules as full_case in process $proc$formal/gf8_mul_formal.sv:62$62 in module gf8_mul_formal.
Marked 5 switch rules as full_case in process $proc$src/gf2n_mul_bitstream.sv:72$133 in module $paramod$d7c1eb58ac82a2b1d4ad0e034495119e1675fba1\gf2n_mul_bitstream.
Removed a total of 0 dead cases.

3.2.3. Executing PROC_PRUNE pass (remove redundant assignments in processes).
Removed 0 redundant assignments.
Promoted 18 assignments to connections.

3.2.4. Executing PROC_INIT pass (extract init attributes).
Found init rule in `\gf8_mul_formal.$proc$formal/gf8_mul_formal.sv:0$127'.
  Set init value: $formal$formal/gf8_mul_formal.sv:72$50_EN = 1'0
Found init rule in `\gf8_mul_formal.$proc$formal/gf8_mul_formal.sv:0$125'.
  Set init value: $formal$formal/gf8_mul_formal.sv:70$49_EN = 1'0
Found init rule in `\gf8_mul_formal.$proc$formal/gf8_mul_formal.sv:11$124'.
  Set init value: \phase = 5'00000
Found init rule in `\gf8_mul_formal.$proc$formal/gf8_mul_formal.sv:10$123'.
  Set init value: \rst_n = 1'0
Found init rule in `\gf8_mul_formal.$proc$formal/gf8_mul_formal.sv:9$122'.
  Set init value: \clk = 1'0

3.2.5. Executing PROC_ARST pass (detect async resets in processes).

3.2.6. Executing PROC_ROM pass (convert switches to ROMs).
Converted 0 switches.
<suppressed ~25 debug messages>

3.2.7. Executing PROC_MUX pass (convert decision trees to multiplexers).
Creating decoders for process `\gf8_mul_formal.$proc$formal/gf8_mul_formal.sv:0$127'.
Creating decoders for process `\gf8_mul_formal.$proc$formal/gf8_mul_formal.sv:0$125'.
Creating decoders for process `\gf8_mul_formal.$proc$formal/gf8_mul_formal.sv:11$124'.
Creating decoders for process `\gf8_mul_formal.$proc$formal/gf8_mul_formal.sv:10$123'.
Creating decoders for process `\gf8_mul_formal.$proc$formal/gf8_mul_formal.sv:9$122'.
Creating decoders for process `\gf8_mul_formal.$proc$formal/gf8_mul_formal.sv:62$62'.
     1/26: $16\reference_mul$func$formal/gf8_mul_formal.sv:72$48.product[14:0]$117
     2/26: $15\reference_mul$func$formal/gf8_mul_formal.sv:72$48.product[14:0]$115
     3/26: $14\reference_mul$func$formal/gf8_mul_formal.sv:72$48.product[14:0]$113
     4/26: $13\reference_mul$func$formal/gf8_mul_formal.sv:72$48.product[14:0]$111
     5/26: $12\reference_mul$func$formal/gf8_mul_formal.sv:72$48.product[14:0]$109
     6/26: $11\reference_mul$func$formal/gf8_mul_formal.sv:72$48.product[14:0]$107
     7/26: $10\reference_mul$func$formal/gf8_mul_formal.sv:72$48.product[14:0]$105
     8/26: $9\reference_mul$func$formal/gf8_mul_formal.sv:72$48.product[14:0]$102
     9/26: $8\reference_mul$func$formal/gf8_mul_formal.sv:72$48.product[14:0]$99
    10/26: $7\reference_mul$func$formal/gf8_mul_formal.sv:72$48.product[14:0]$96
    11/26: $6\reference_mul$func$formal/gf8_mul_formal.sv:72$48.product[14:0]$93
    12/26: $5\reference_mul$func$formal/gf8_mul_formal.sv:72$48.product[14:0]$90
    13/26: $4\reference_mul$func$formal/gf8_mul_formal.sv:72$48.product[14:0]$87
    14/26: $3\reference_mul$func$formal/gf8_mul_formal.sv:72$48.product[14:0]$84
    15/26: $2\reference_mul$func$formal/gf8_mul_formal.sv:72$48.product[14:0]$81
    16/26: $1\reference_mul$func$formal/gf8_mul_formal.sv:72$48.$result[7:0]$76
    17/26: $1\reference_mul$func$formal/gf8_mul_formal.sv:72$48.i[31:0]$80
    18/26: $1\reference_mul$func$formal/gf8_mul_formal.sv:72$48.product[14:0]$79
    19/26: $1\reference_mul$func$formal/gf8_mul_formal.sv:72$48.b[7:0]$78
    20/26: $1\reference_mul$func$formal/gf8_mul_formal.sv:72$48.a[7:0]$77
    21/26: $0$formal$formal/gf8_mul_formal.sv:70$49_EN[0:0]$69
    22/26: $0$formal$formal/gf8_mul_formal.sv:70$49_CHECK[0:0]$68
    23/26: $0$formal$formal/gf8_mul_formal.sv:72$50_EN[0:0]$71
    24/26: $0$formal$formal/gf8_mul_formal.sv:72$50_CHECK[0:0]$70
    25/26: $0\phase[4:0]
    26/26: $0\rst_n[0:0]
Creating decoders for process `\gf8_mul_formal.$proc$formal/gf8_mul_formal.sv:16$53'.
Creating decoders for process `$paramod$d7c1eb58ac82a2b1d4ad0e034495119e1675fba1\gf2n_mul_bitstream.$proc$src/gf2n_mul_bitstream.sv:72$133'.
     1/29: $5\mul_by_x$func$src/gf2n_mul_bitstream.sv:86$130.$result[7:0]$168
     2/29: $5\mul_by_x$func$src/gf2n_mul_bitstream.sv:86$130.carry[0:0]$170
     3/29: $5\mul_by_x$func$src/gf2n_mul_bitstream.sv:86$130.value[7:0]$169
     4/29: $4\mul_by_x$func$src/gf2n_mul_bitstream.sv:86$130.carry[0:0]$166
     5/29: $4\mul_by_x$func$src/gf2n_mul_bitstream.sv:86$130.value[7:0]$165
     6/29: $4\mul_by_x$func$src/gf2n_mul_bitstream.sv:86$130.$result[7:0]$164
     7/29: $3\shift_in_byte$func$src/gf2n_mul_bitstream.sv:80$129.$result[7:0]$156
     8/29: $3\shift_in_byte$func$src/gf2n_mul_bitstream.sv:80$129.next_value[7:0]$159
     9/29: $3\shift_in_byte$func$src/gf2n_mul_bitstream.sv:80$129.byte_value[7:0]$158
    10/29: $3\shift_in_byte$func$src/gf2n_mul_bitstream.sv:80$129.value[7:0]$157
    11/29: $3\mul_by_x$func$src/gf2n_mul_bitstream.sv:86$130.carry[0:0]$162
    12/29: $3\mul_by_x$func$src/gf2n_mul_bitstream.sv:86$130.value[7:0]$161
    13/29: $3\mul_by_x$func$src/gf2n_mul_bitstream.sv:86$130.$result[7:0]$160
    14/29: $2\mul_by_x$func$src/gf2n_mul_bitstream.sv:86$130.carry[0:0]$155
    15/29: $2\mul_by_x$func$src/gf2n_mul_bitstream.sv:86$130.value[7:0]$154
    16/29: $2\mul_by_x$func$src/gf2n_mul_bitstream.sv:86$130.$result[7:0]$153
    17/29: $2\shift_in_byte$func$src/gf2n_mul_bitstream.sv:80$129.next_value[7:0]$152
    18/29: $2\shift_in_byte$func$src/gf2n_mul_bitstream.sv:80$129.byte_value[7:0]$151
    19/29: $2\shift_in_byte$func$src/gf2n_mul_bitstream.sv:80$129.value[7:0]$150
    20/29: $2\shift_in_byte$func$src/gf2n_mul_bitstream.sv:80$129.$result[7:0]$149
    21/29: $1\mul_by_x$func$src/gf2n_mul_bitstream.sv:86$130.carry[0:0]$148
    22/29: $1\mul_by_x$func$src/gf2n_mul_bitstream.sv:86$130.value[7:0]$147
    23/29: $1\mul_by_x$func$src/gf2n_mul_bitstream.sv:86$130.$result[7:0]$146
    24/29: $1\shift_in_byte$func$src/gf2n_mul_bitstream.sv:80$129.next_value[7:0]$145
    25/29: $1\shift_in_byte$func$src/gf2n_mul_bitstream.sv:80$129.byte_value[7:0]$144
    26/29: $1\shift_in_byte$func$src/gf2n_mul_bitstream.sv:80$129.value[7:0]$143
    27/29: $1\shift_in_byte$func$src/gf2n_mul_bitstream.sv:80$129.$result[7:0]$142
    28/29: $0\accumulator[7:0]
    29/29: $0\a_shift[7:0]

3.2.8. Executing PROC_DLATCH pass (convert process syncs to latches).

3.2.9. Executing PROC_DFF pass (convert process syncs to FFs).
Creating register for signal `\gf8_mul_formal.\rst_n' using process `\gf8_mul_formal.$proc$formal/gf8_mul_formal.sv:62$62'.
  created $dff cell `$procdff$537' with positive edge clock.
Creating register for signal `\gf8_mul_formal.\phase' using process `\gf8_mul_formal.$proc$formal/gf8_mul_formal.sv:62$62'.
  created $dff cell `$procdff$538' with positive edge clock.
Creating register for signal `\gf8_mul_formal.\reference_mul$func$formal/gf8_mul_formal.sv:72$48.$result' using process `\gf8_mul_formal.$proc$formal/gf8_mul_formal.sv:62$62'.
  created $dff cell `$procdff$539' with positive edge clock.
Creating register for signal `\gf8_mul_formal.\reference_mul$func$formal/gf8_mul_formal.sv:72$48.a' using process `\gf8_mul_formal.$proc$formal/gf8_mul_formal.sv:62$62'.
  created $dff cell `$procdff$540' with positive edge clock.
Creating register for signal `\gf8_mul_formal.\reference_mul$func$formal/gf8_mul_formal.sv:72$48.b' using process `\gf8_mul_formal.$proc$formal/gf8_mul_formal.sv:62$62'.
  created $dff cell `$procdff$541' with positive edge clock.
Creating register for signal `\gf8_mul_formal.\reference_mul$func$formal/gf8_mul_formal.sv:72$48.product' using process `\gf8_mul_formal.$proc$formal/gf8_mul_formal.sv:62$62'.
  created $dff cell `$procdff$542' with positive edge clock.
Creating register for signal `\gf8_mul_formal.\reference_mul$func$formal/gf8_mul_formal.sv:72$48.i' using process `\gf8_mul_formal.$proc$formal/gf8_mul_formal.sv:62$62'.
  created $dff cell `$procdff$543' with positive edge clock.
Creating register for signal `\gf8_mul_formal.$formal$formal/gf8_mul_formal.sv:70$49_CHECK' using process `\gf8_mul_formal.$proc$formal/gf8_mul_formal.sv:62$62'.
  created $dff cell `$procdff$544' with positive edge clock.
Creating register for signal `\gf8_mul_formal.$formal$formal/gf8_mul_formal.sv:70$49_EN' using process `\gf8_mul_formal.$proc$formal/gf8_mul_formal.sv:62$62'.
  created $dff cell `$procdff$545' with positive edge clock.
Creating register for signal `\gf8_mul_formal.$formal$formal/gf8_mul_formal.sv:72$50_CHECK' using process `\gf8_mul_formal.$proc$formal/gf8_mul_formal.sv:62$62'.
  created $dff cell `$procdff$546' with positive edge clock.
Creating register for signal `\gf8_mul_formal.$formal$formal/gf8_mul_formal.sv:72$50_EN' using process `\gf8_mul_formal.$proc$formal/gf8_mul_formal.sv:62$62'.
  created $dff cell `$procdff$547' with positive edge clock.
Creating register for signal `\gf8_mul_formal.\clk' using process `\gf8_mul_formal.$proc$formal/gf8_mul_formal.sv:16$53'.
  created $ff cell `$procdff$548' with global clock.
Creating register for signal `$paramod$d7c1eb58ac82a2b1d4ad0e034495119e1675fba1\gf2n_mul_bitstream.\a_shift' using process `$paramod$d7c1eb58ac82a2b1d4ad0e034495119e1675fba1\gf2n_mul_bitstream.$proc$src/gf2n_mul_bitstream.sv:72$133'.
  created $dff cell `$procdff$549' with positive edge clock.
Creating register for signal `$paramod$d7c1eb58ac82a2b1d4ad0e034495119e1675fba1\gf2n_mul_bitstream.\accumulator' using process `$paramod$d7c1eb58ac82a2b1d4ad0e034495119e1675fba1\gf2n_mul_bitstream.$proc$src/gf2n_mul_bitstream.sv:72$133'.
  created $dff cell `$procdff$550' with positive edge clock.
Creating register for signal `$paramod$d7c1eb58ac82a2b1d4ad0e034495119e1675fba1\gf2n_mul_bitstream.\shift_in_byte$func$src/gf2n_mul_bitstream.sv:80$129.$result' using process `$paramod$d7c1eb58ac82a2b1d4ad0e034495119e1675fba1\gf2n_mul_bitstream.$proc$src/gf2n_mul_bitstream.sv:72$133'.
  created $dff cell `$procdff$551' with positive edge clock.
Creating register for signal `$paramod$d7c1eb58ac82a2b1d4ad0e034495119e1675fba1\gf2n_mul_bitstream.\shift_in_byte$func$src/gf2n_mul_bitstream.sv:80$129.value' using process `$paramod$d7c1eb58ac82a2b1d4ad0e034495119e1675fba1\gf2n_mul_bitstream.$proc$src/gf2n_mul_bitstream.sv:72$133'.
  created $dff cell `$procdff$552' with positive edge clock.
Creating register for signal `$paramod$d7c1eb58ac82a2b1d4ad0e034495119e1675fba1\gf2n_mul_bitstream.\shift_in_byte$func$src/gf2n_mul_bitstream.sv:80$129.byte_value' using process `$paramod$d7c1eb58ac82a2b1d4ad0e034495119e1675fba1\gf2n_mul_bitstream.$proc$src/gf2n_mul_bitstream.sv:72$133'.
  created $dff cell `$procdff$553' with positive edge clock.
Creating register for signal `$paramod$d7c1eb58ac82a2b1d4ad0e034495119e1675fba1\gf2n_mul_bitstream.\shift_in_byte$func$src/gf2n_mul_bitstream.sv:80$129.next_value' using process `$paramod$d7c1eb58ac82a2b1d4ad0e034495119e1675fba1\gf2n_mul_bitstream.$proc$src/gf2n_mul_bitstream.sv:72$133'.
  created $dff cell `$procdff$554' with positive edge clock.
Creating register for signal `$paramod$d7c1eb58ac82a2b1d4ad0e034495119e1675fba1\gf2n_mul_bitstream.\mul_by_x$func$src/gf2n_mul_bitstream.sv:86$130.$result' using process `$paramod$d7c1eb58ac82a2b1d4ad0e034495119e1675fba1\gf2n_mul_bitstream.$proc$src/gf2n_mul_bitstream.sv:72$133'.
  created $dff cell `$procdff$555' with positive edge clock.
Creating register for signal `$paramod$d7c1eb58ac82a2b1d4ad0e034495119e1675fba1\gf2n_mul_bitstream.\mul_by_x$func$src/gf2n_mul_bitstream.sv:86$130.value' using process `$paramod$d7c1eb58ac82a2b1d4ad0e034495119e1675fba1\gf2n_mul_bitstream.$proc$src/gf2n_mul_bitstream.sv:72$133'.
  created $dff cell `$procdff$556' with positive edge clock.
Creating register for signal `$paramod$d7c1eb58ac82a2b1d4ad0e034495119e1675fba1\gf2n_mul_bitstream.\mul_by_x$func$src/gf2n_mul_bitstream.sv:86$130.carry' using process `$paramod$d7c1eb58ac82a2b1d4ad0e034495119e1675fba1\gf2n_mul_bitstream.$proc$src/gf2n_mul_bitstream.sv:72$133'.
  created $dff cell `$procdff$557' with positive edge clock.

3.2.10. Executing PROC_MEMWR pass (convert process memory writes to cells).

3.2.11. Executing PROC_CLEAN pass (remove empty switches from decision trees).
Removing empty process `gf8_mul_formal.$proc$formal/gf8_mul_formal.sv:0$127'.
Removing empty process `gf8_mul_formal.$proc$formal/gf8_mul_formal.sv:0$125'.
Removing empty process `gf8_mul_formal.$proc$formal/gf8_mul_formal.sv:11$124'.
Removing empty process `gf8_mul_formal.$proc$formal/gf8_mul_formal.sv:10$123'.
Removing empty process `gf8_mul_formal.$proc$formal/gf8_mul_formal.sv:9$122'.
Found and cleaned up 18 empty switches in `\gf8_mul_formal.$proc$formal/gf8_mul_formal.sv:62$62'.
Removing empty process `gf8_mul_formal.$proc$formal/gf8_mul_formal.sv:62$62'.
Removing empty process `gf8_mul_formal.$proc$formal/gf8_mul_formal.sv:16$53'.
Found and cleaned up 7 empty switches in `$paramod$d7c1eb58ac82a2b1d4ad0e034495119e1675fba1\gf2n_mul_bitstream.$proc$src/gf2n_mul_bitstream.sv:72$133'.
Removing empty process `$paramod$d7c1eb58ac82a2b1d4ad0e034495119e1675fba1\gf2n_mul_bitstream.$proc$src/gf2n_mul_bitstream.sv:72$133'.
Cleaned up 25 empty switches.

3.2.12. Executing OPT_EXPR pass (perform const folding).
Optimizing module gf8_mul_formal.
<suppressed ~17 debug messages>
Optimizing module $paramod$d7c1eb58ac82a2b1d4ad0e034495119e1675fba1\gf2n_mul_bitstream.
<suppressed ~35 debug messages>

3.3. Executing OPT_EXPR pass (perform const folding).
Optimizing module gf8_mul_formal.
Optimizing module $paramod$d7c1eb58ac82a2b1d4ad0e034495119e1675fba1\gf2n_mul_bitstream.

3.4. Executing OPT_CLEAN pass (remove unused cells and wires).
Finding unused cells or wires in module \gf8_mul_formal..
Finding unused cells or wires in module $paramod$d7c1eb58ac82a2b1d4ad0e034495119e1675fba1\gf2n_mul_bitstream..
Removed 88 unused cells and 309 unused wires.
<suppressed ~99 debug messages>

3.5. Executing CHECK pass (checking for obvious problems).
Checking module $paramod$d7c1eb58ac82a2b1d4ad0e034495119e1675fba1\gf2n_mul_bitstream...
Checking module gf8_mul_formal...
Found and reported 0 problems.

3.6. Executing OPT pass (performing simple optimizations).

3.6.1. Executing OPT_EXPR pass (perform const folding).
Optimizing module $paramod$d7c1eb58ac82a2b1d4ad0e034495119e1675fba1\gf2n_mul_bitstream.
Optimizing module gf8_mul_formal.

3.6.2. Executing OPT_MERGE pass (detect identical cells).
Finding identical cells in module `$paramod$d7c1eb58ac82a2b1d4ad0e034495119e1675fba1\gf2n_mul_bitstream'.
Finding identical cells in module `\gf8_mul_formal'.
Removed a total of 0 cells.

3.6.3. Executing OPT_MUXTREE pass (detect dead branches in mux trees).
Running muxtree optimizer on module $paramod$d7c1eb58ac82a2b1d4ad0e034495119e1675fba1\gf2n_mul_bitstream..
  Creating internal representation of mux trees.
  Evaluating internal representation of mux trees.
  Analyzing evaluation results.
Running muxtree optimizer on module \gf8_mul_formal..
  Creating internal representation of mux trees.
  Evaluating internal representation of mux trees.
      Replacing known input bits on port A of cell $procmux$176: $15\reference_mul$func$formal/gf8_mul_formal.sv:72$48.product[14:0]$115 -> { $15\reference_mul$func$formal/gf8_mul_formal.sv:72$48.product[14:0]$115 [14:9] 1'0 $15\reference_mul$func$formal/gf8_mul_formal.sv:72$48.product[14:0]$115 [7:0] }
      Replacing known input bits on port A of cell $procmux$182: $14\reference_mul$func$formal/gf8_mul_formal.sv:72$48.product[14:0]$113 -> { $14\reference_mul$func$formal/gf8_mul_formal.sv:72$48.product[14:0]$113 [14:10] 1'0 $14\reference_mul$func$formal/gf8_mul_formal.sv:72$48.product[14:0]$113 [8:0] }
      Replacing known input bits on port A of cell $procmux$188: $13\reference_mul$func$formal/gf8_mul_formal.sv:72$48.product[14:0]$111 -> { $13\reference_mul$func$formal/gf8_mul_formal.sv:72$48.product[14:0]$111 [14:11] 1'0 $13\reference_mul$func$formal/gf8_mul_formal.sv:72$48.product[14:0]$111 [9:0] }
      Replacing known input bits on port A of cell $procmux$194: $12\reference_mul$func$formal/gf8_mul_formal.sv:72$48.product[14:0]$109 -> { $12\reference_mul$func$formal/gf8_mul_formal.sv:72$48.product[14:0]$109 [14:12] 1'0 $12\reference_mul$func$formal/gf8_mul_formal.sv:72$48.product[14:0]$109 [10:0] }
      Replacing known input bits on port A of cell $procmux$200: $11\reference_mul$func$formal/gf8_mul_formal.sv:72$48.product[14:0]$107 -> { $11\reference_mul$func$formal/gf8_mul_formal.sv:72$48.product[14:0]$107 [14:13] 1'0 $11\reference_mul$func$formal/gf8_mul_formal.sv:72$48.product[14:0]$107 [11:0] }
      Replacing known input bits on port A of cell $procmux$206: $10\reference_mul$func$formal/gf8_mul_formal.sv:72$48.product[14:0]$105 -> { $10\reference_mul$func$formal/gf8_mul_formal.sv:72$48.product[14:0]$105 [14] 1'0 $10\reference_mul$func$formal/gf8_mul_formal.sv:72$48.product[14:0]$105 [12:0] }
      Replacing known input bits on port A of cell $procmux$212: $9\reference_mul$func$formal/gf8_mul_formal.sv:72$48.product[14:0]$102 -> { 1'0 $9\reference_mul$func$formal/gf8_mul_formal.sv:72$48.product[14:0]$102 [13:0] }
  Analyzing evaluation results.
Removed 0 multiplexer ports.
<suppressed ~25 debug messages>

3.6.4. Executing OPT_REDUCE pass (consolidate $*mux and $reduce_* inputs).
  Optimizing cells in module $paramod$d7c1eb58ac82a2b1d4ad0e034495119e1675fba1\gf2n_mul_bitstream.
  Optimizing cells in module \gf8_mul_formal.
Performed a total of 0 changes.

3.6.5. Executing OPT_MERGE pass (detect identical cells).
Finding identical cells in module `$paramod$d7c1eb58ac82a2b1d4ad0e034495119e1675fba1\gf2n_mul_bitstream'.
Finding identical cells in module `\gf8_mul_formal'.
<suppressed ~6 debug messages>
Removed a total of 2 cells.

3.6.6. Executing OPT_CLEAN pass (remove unused cells and wires).
Finding unused cells or wires in module $paramod$d7c1eb58ac82a2b1d4ad0e034495119e1675fba1\gf2n_mul_bitstream..
Finding unused cells or wires in module \gf8_mul_formal..
Removed 0 unused cells and 2 unused wires.
<suppressed ~1 debug messages>

3.6.7. Executing OPT_EXPR pass (perform const folding).
Optimizing module $paramod$d7c1eb58ac82a2b1d4ad0e034495119e1675fba1\gf2n_mul_bitstream.
Optimizing module gf8_mul_formal.

3.6.8. Rerunning OPT passes. (Maybe there is more to do..)

3.6.9. Executing OPT_MUXTREE pass (detect dead branches in mux trees).
Running muxtree optimizer on module $paramod$d7c1eb58ac82a2b1d4ad0e034495119e1675fba1\gf2n_mul_bitstream..
  Creating internal representation of mux trees.
  Evaluating internal representation of mux trees.
  Analyzing evaluation results.
Running muxtree optimizer on module \gf8_mul_formal..
  Creating internal representation of mux trees.
  Evaluating internal representation of mux trees.
  Analyzing evaluation results.
Removed 0 multiplexer ports.
<suppressed ~24 debug messages>

3.6.10. Executing OPT_REDUCE pass (consolidate $*mux and $reduce_* inputs).
  Optimizing cells in module $paramod$d7c1eb58ac82a2b1d4ad0e034495119e1675fba1\gf2n_mul_bitstream.
  Optimizing cells in module \gf8_mul_formal.
Performed a total of 0 changes.

3.6.11. Executing OPT_MERGE pass (detect identical cells).
Finding identical cells in module `$paramod$d7c1eb58ac82a2b1d4ad0e034495119e1675fba1\gf2n_mul_bitstream'.
Finding identical cells in module `\gf8_mul_formal'.
Removed a total of 0 cells.

3.6.12. Executing OPT_CLEAN pass (remove unused cells and wires).
Finding unused cells or wires in module $paramod$d7c1eb58ac82a2b1d4ad0e034495119e1675fba1\gf2n_mul_bitstream..
Finding unused cells or wires in module \gf8_mul_formal..

3.6.13. Executing OPT_EXPR pass (perform const folding).
Optimizing module $paramod$d7c1eb58ac82a2b1d4ad0e034495119e1675fba1\gf2n_mul_bitstream.
Optimizing module gf8_mul_formal.

3.6.14. Finished OPT passes. (There is nothing left to do.)

3.7. Executing WREDUCE pass (reducing word size of cells).
Removed top 3 bits (of 8) from mux cell $paramod$d7c1eb58ac82a2b1d4ad0e034495119e1675fba1\gf2n_mul_bitstream.$ternary$src/gf2n_mul_bitstream.sv:66$171 ($mux).
Removed top 3 bits (of 8) from port B of cell $paramod$d7c1eb58ac82a2b1d4ad0e034495119e1675fba1\gf2n_mul_bitstream.$xor$src/gf2n_mul_bitstream.sv:65$172 ($xor).
Removed top 3 bits (of 8) from wire $paramod$d7c1eb58ac82a2b1d4ad0e034495119e1675fba1\gf2n_mul_bitstream.$ternary$src/gf2n_mul_bitstream.sv:66$171_Y.
Removed top 1 bits (of 15) from mux cell gf8_mul_formal.$procmux$206 ($mux).
Removed top 2 bits (of 15) from mux cell gf8_mul_formal.$procmux$200 ($mux).
Removed top 3 bits (of 15) from mux cell gf8_mul_formal.$procmux$194 ($mux).
Removed top 4 bits (of 15) from mux cell gf8_mul_formal.$procmux$188 ($mux).
Removed top 5 bits (of 15) from mux cell gf8_mul_formal.$procmux$182 ($mux).
Removed top 7 bits (of 15) from mux cell gf8_mul_formal.$procmux$178 ($mux).
Removed top 10 bits (of 15) from mux cell gf8_mul_formal.$procmux$176 ($mux).
Removed top 4 bits (of 5) from port B of cell gf8_mul_formal.$eq$formal/gf8_mul_formal.sv:19$55 ($eq).
Removed top 3 bits (of 5) from port B of cell gf8_mul_formal.$ge$formal/gf8_mul_formal.sv:20$56 ($ge).
Removed top 1 bits (of 5) from port B of cell gf8_mul_formal.$le$formal/gf8_mul_formal.sv:20$57 ($le).
Removed top 1 bits (of 5) from port B of cell gf8_mul_formal.$eq$formal/gf8_mul_formal.sv:21$59 ($eq).
Removed top 3 bits (of 5) from port B of cell gf8_mul_formal.$sub$formal/gf8_mul_formal.sv:22$60 ($sub).
Removed top 1 bits (of 5) from port B of cell gf8_mul_formal.$lt$formal/gf8_mul_formal.sv:66$73 ($lt).
Removed top 1 bits (of 5) from port B of cell gf8_mul_formal.$eq$formal/gf8_mul_formal.sv:70$75 ($eq).
Removed top 6 bits (of 15) from port B of cell gf8_mul_formal.$xor$formal/gf8_mul_formal.sv:52$86 ($xor).
Removed top 5 bits (of 15) from port B of cell gf8_mul_formal.$xor$formal/gf8_mul_formal.sv:52$89 ($xor).
Removed top 4 bits (of 15) from port B of cell gf8_mul_formal.$xor$formal/gf8_mul_formal.sv:52$92 ($xor).
Removed top 3 bits (of 15) from port B of cell gf8_mul_formal.$xor$formal/gf8_mul_formal.sv:52$95 ($xor).
Removed top 2 bits (of 15) from port B of cell gf8_mul_formal.$xor$formal/gf8_mul_formal.sv:52$98 ($xor).
Removed top 1 bits (of 15) from port B of cell gf8_mul_formal.$xor$formal/gf8_mul_formal.sv:52$101 ($xor).
Removed top 1 bits (of 5) from port Y of cell gf8_mul_formal.$auto$opt_expr.cc:706:replace_const_cells$570 ($not).
Removed top 1 bits (of 5) from port A of cell gf8_mul_formal.$auto$opt_expr.cc:706:replace_const_cells$570 ($not).
Removed top 7 bits (of 15) from mux cell gf8_mul_formal.$procmux$260 ($mux).
Removed top 6 bits (of 15) from mux cell gf8_mul_formal.$procmux$184 ($mux).
Removed top 5 bits (of 15) from mux cell gf8_mul_formal.$procmux$190 ($mux).
Removed top 4 bits (of 10) from mux cell gf8_mul_formal.$procmux$182 ($mux).
Removed top 4 bits (of 15) from mux cell gf8_mul_formal.$procmux$196 ($mux).
Removed top 4 bits (of 11) from mux cell gf8_mul_formal.$procmux$188 ($mux).
Removed top 1 bits (of 5) from port Y of cell gf8_mul_formal.$auto$opt_expr.cc:706:replace_const_cells$568 ($not).
Removed top 1 bits (of 5) from port A of cell gf8_mul_formal.$auto$opt_expr.cc:706:replace_const_cells$568 ($not).
Removed top 3 bits (of 15) from mux cell gf8_mul_formal.$procmux$202 ($mux).
Removed top 4 bits (of 12) from mux cell gf8_mul_formal.$procmux$194 ($mux).
Removed top 1 bits (of 5) from port Y of cell gf8_mul_formal.$auto$opt_expr.cc:706:replace_const_cells$566 ($not).
Removed top 1 bits (of 5) from port A of cell gf8_mul_formal.$auto$opt_expr.cc:706:replace_const_cells$566 ($not).
Removed top 2 bits (of 15) from mux cell gf8_mul_formal.$procmux$208 ($mux).
Removed top 4 bits (of 13) from mux cell gf8_mul_formal.$procmux$200 ($mux).
Removed top 1 bits (of 5) from port Y of cell gf8_mul_formal.$auto$opt_expr.cc:706:replace_const_cells$564 ($not).
Removed top 1 bits (of 5) from port A of cell gf8_mul_formal.$auto$opt_expr.cc:706:replace_const_cells$564 ($not).
Removed top 1 bits (of 15) from mux cell gf8_mul_formal.$procmux$214 ($mux).
Removed top 4 bits (of 14) from mux cell gf8_mul_formal.$procmux$206 ($mux).
Removed top 1 bits (of 5) from port Y of cell gf8_mul_formal.$auto$opt_expr.cc:706:replace_const_cells$562 ($not).
Removed top 1 bits (of 5) from port A of cell gf8_mul_formal.$auto$opt_expr.cc:706:replace_const_cells$562 ($not).
Removed top 4 bits (of 15) from mux cell gf8_mul_formal.$procmux$212 ($mux).
Removed top 1 bits (of 5) from port Y of cell gf8_mul_formal.$auto$opt_expr.cc:706:replace_const_cells$560 ($not).
Removed top 1 bits (of 5) from port A of cell gf8_mul_formal.$auto$opt_expr.cc:706:replace_const_cells$560 ($not).
Removed top 1 bits (of 5) from port Y of cell gf8_mul_formal.$auto$opt_expr.cc:706:replace_const_cells$558 ($not).
Removed top 1 bits (of 5) from port A of cell gf8_mul_formal.$auto$opt_expr.cc:706:replace_const_cells$558 ($not).
Removed top 1 bits (of 15) from wire gf8_mul_formal.$10\reference_mul$func$formal/gf8_mul_formal.sv:72$48.product[14:0]$105.
Removed top 2 bits (of 15) from wire gf8_mul_formal.$11\reference_mul$func$formal/gf8_mul_formal.sv:72$48.product[14:0]$107.
Removed top 3 bits (of 15) from wire gf8_mul_formal.$12\reference_mul$func$formal/gf8_mul_formal.sv:72$48.product[14:0]$109.
Removed top 5 bits (of 15) from wire gf8_mul_formal.$14\reference_mul$func$formal/gf8_mul_formal.sv:72$48.product[14:0]$113.
Removed top 4 bits (of 15) from wire gf8_mul_formal.$9\reference_mul$func$formal/gf8_mul_formal.sv:72$48.product[14:0]$102.
Removed top 1 bits (of 5) from wire gf8_mul_formal.$auto$rtlil.cc:2401:Not$559.
Removed top 1 bits (of 5) from wire gf8_mul_formal.$auto$rtlil.cc:2401:Not$561.
Removed top 1 bits (of 5) from wire gf8_mul_formal.$auto$rtlil.cc:2401:Not$563.
Removed top 1 bits (of 5) from wire gf8_mul_formal.$auto$rtlil.cc:2401:Not$565.
Removed top 10 bits (of 15) from wire gf8_mul_formal.$procmux$176_Y.
Removed top 9 bits (of 15) from wire gf8_mul_formal.$procmux$182_Y.
Removed top 8 bits (of 15) from wire gf8_mul_formal.$procmux$188_Y.
Removed top 7 bits (of 15) from wire gf8_mul_formal.$procmux$194_Y.
Removed top 6 bits (of 15) from wire gf8_mul_formal.$procmux$200_Y.
Removed top 5 bits (of 15) from wire gf8_mul_formal.$procmux$206_Y.
Removed top 4 bits (of 15) from wire gf8_mul_formal.$procmux$212_Y.

3.8. Executing OPT_CLEAN pass (remove unused cells and wires).
Finding unused cells or wires in module $paramod$d7c1eb58ac82a2b1d4ad0e034495119e1675fba1\gf2n_mul_bitstream..
Finding unused cells or wires in module \gf8_mul_formal..
Removed 0 unused cells and 16 unused wires.
<suppressed ~2 debug messages>

3.9. Executing MEMORY_COLLECT pass (generating $mem cells).

3.10. Executing OPT pass (performing simple optimizations).

3.10.1. Executing OPT_EXPR pass (perform const folding).
Optimizing module $paramod$d7c1eb58ac82a2b1d4ad0e034495119e1675fba1\gf2n_mul_bitstream.
Optimizing module gf8_mul_formal.

3.10.2. Executing OPT_MERGE pass (detect identical cells).
Finding identical cells in module `$paramod$d7c1eb58ac82a2b1d4ad0e034495119e1675fba1\gf2n_mul_bitstream'.
Finding identical cells in module `\gf8_mul_formal'.
Removed a total of 0 cells.

3.10.3. Executing OPT_CLEAN pass (remove unused cells and wires).
Finding unused cells or wires in module $paramod$d7c1eb58ac82a2b1d4ad0e034495119e1675fba1\gf2n_mul_bitstream..
Finding unused cells or wires in module \gf8_mul_formal..

3.10.4. Finished fast OPT passes.

3.11. Printing statistics.

=== $paramod$d7c1eb58ac82a2b1d4ad0e034495119e1675fba1\gf2n_mul_bitstream ===

   Number of wires:                 28
   Number of wire bits:            161
   Number of public wires:          15
   Number of public wire bits:      57
   Number of memories:               0
   Number of memory bits:            0
   Number of processes:              0
   Number of cells:                 17
     $dff                            2
     $mux                           13
     $xor                            2

=== gf8_mul_formal ===

   Number of wires:                 73
   Number of wire bits:            655
   Number of public wires:          10
   Number of public wire bits:      35
   Number of memories:               0
   Number of memory bits:            0
   Number of processes:              0
   Number of cells:                 74
     $add                            1
     $anyconst                       2
     $assert                         1
     $cover                          1
     $dff                            5
     $eq                             4
     $ff                             1
     $ge                             1
     $le                             1
     $logic_and                      1
     $logic_not                      1
     $lt                             1
     $mux                           36
     $not                            8
     $paramod$d7c1eb58ac82a2b1d4ad0e034495119e1675fba1\gf2n_mul_bitstream      1
     $shiftx                         1
     $sub                            1
     $xor                            7

=== design hierarchy ===

   gf8_mul_formal                    1
     $paramod$d7c1eb58ac82a2b1d4ad0e034495119e1675fba1\gf2n_mul_bitstream      1

   Number of wires:                101
   Number of wire bits:            816
   Number of public wires:          25
   Number of public wire bits:      92
   Number of memories:               0
   Number of memory bits:            0
   Number of processes:              0
   Number of cells:                 90
     $add                            1
     $anyconst                       2
     $assert                         1
     $cover                          1
     $dff                            7
     $eq                             4
     $ff                             1
     $ge                             1
     $le                             1
     $logic_and                      1
     $logic_not                      1
     $lt                             1
     $mux                           49
     $not                            8
     $shiftx                         1
     $sub                            1
     $xor                            9

3.12. Executing CHECK pass (checking for obvious problems).
Checking module $paramod$d7c1eb58ac82a2b1d4ad0e034495119e1675fba1\gf2n_mul_bitstream...
Checking module gf8_mul_formal...
Found and reported 0 problems.

4. Executing CHECK pass (checking for obvious problems).
Checking module $paramod$d7c1eb58ac82a2b1d4ad0e034495119e1675fba1\gf2n_mul_bitstream...
Checking module gf8_mul_formal...
Found and reported 0 problems.

End of script. Logfile hash: d88f705852, CPU: user 0.07s system 0.00s, MEM: 11.50 MB peak
Yosys 0.33 (git sha1 2584903a060)
Time spent: 20% 6x opt_expr (0 sec), 18% 3x check (0 sec), ...
