
 /----------------------------------------------------------------------------\
 |                                                                            |
 |  yosys -- Yosys Open SYnthesis Suite                                       |
 |                                                                            |
 |  Copyright (C) 2012 - 2020  Claire Xenia Wolf <claire@yosyshq.com>         |
 |                                                                            |
 |  Permission to use, copy, modify, and/or distribute this software for any  |
 |  purpose with or without fee is hereby granted, provided that the above    |
 |  copyright notice and this permission notice appear in all copies.         |
 |                                                                            |
 |  THE SOFTWARE IS PROVIDED "AS IS" AND THE AUTHOR DISCLAIMS ALL WARRANTIES  |
 |  WITH REGARD TO THIS SOFTWARE INCLUDING ALL IMPLIED WARRANTIES OF          |
 |  MERCHANTABILITY AND FITNESS. IN NO EVENT SHALL THE AUTHOR BE LIABLE FOR   |
 |  ANY SPECIAL, DIRECT, INDIRECT, OR CONSEQUENTIAL DAMAGES OR ANY DAMAGES    |
 |  WHATSOEVER RESULTING FROM LOSS OF USE, DATA OR PROFITS, WHETHER IN AN     |
 |  ACTION OF CONTRACT, NEGLIGENCE OR OTHER TORTIOUS ACTION, ARISING OUT OF   |
 |  OR IN CONNECTION WITH THE USE OR PERFORMANCE OF THIS SOFTWARE.            |
 |                                                                            |
 \----------------------------------------------------------------------------/

 Yosys 0.33 (git sha1 2584903a060)


-- Running command `read_verilog -sv smoke_top.sv; hierarchy -check -top smoke_top; proc; check; synth_ecp5 -top smoke_top; write_json smoke_top.json' --

1. Executing Verilog-2005 frontend: smoke_top.sv
Parsing SystemVerilog input from `smoke_top.sv' to AST representation.
Generating RTLIL representation for module `\smoke_top'.
Successfully finished Verilog frontend.

2. Executing HIERARCHY pass (managing design hierarchy).

2.1. Analyzing design hierarchy..
Top module:  \smoke_top

2.2. Analyzing design hierarchy..
Top module:  \smoke_top
Removed 0 unused modules.

3. Executing PROC pass (convert processes to netlists).

3.1. Executing PROC_CLEAN pass (remove empty switches from decision trees).
Cleaned up 0 empty switches.

3.2. Executing PROC_RMDEAD pass (remove dead branches from decision trees).
Removed a total of 0 dead cases.

3.3. Executing PROC_PRUNE pass (remove redundant assignments in processes).
Removed 0 redundant assignments.
Promoted 1 assignment to connection.

3.4. Executing PROC_INIT pass (extract init attributes).

3.5. Executing PROC_ARST pass (detect async resets in processes).

3.6. Executing PROC_ROM pass (convert switches to ROMs).
Converted 0 switches.

3.7. Executing PROC_MUX pass (convert decision trees to multiplexers).
Creating decoders for process `\smoke_top.$proc$smoke_top.sv:13$1'.

3.8. Executing PROC_DLATCH pass (convert process syncs to latches).

3.9. Executing PROC_DFF pass (convert process syncs to FFs).
Creating register for signal `\smoke_top.\cnt' using process `\smoke_top.$proc$smoke_top.sv:13$1'.
  created $dff cell `$procdff$4' with positive edge clock.

3.10. Executing PROC_MEMWR pass (convert process memory writes to cells).

3.11. Executing PROC_CLEAN pass (remove empty switches from decision trees).
Removing empty process `smoke_top.$proc$smoke_top.sv:13$1'.
Cleaned up 0 empty switches.

3.12. Executing OPT_EXPR pass (perform const folding).
Optimizing module smoke_top.

4. Executing CHECK pass (checking for obvious problems).
Checking module smoke_top...
Found and reported 0 problems.

5. Executing SYNTH_ECP5 pass.

5.1. Executing Verilog-2005 frontend: /usr/bin/../share/yosys/ecp5/cells_sim.v
Parsing Verilog input from `/usr/bin/../share/yosys/ecp5/cells_sim.v' to AST representation.
Generating RTLIL representation for module `\LUT4'.
Generating RTLIL representation for module `\$__ABC9_LUT5'.
Generating RTLIL representation for module `\$__ABC9_LUT6'.
Generating RTLIL representation for module `\$__ABC9_LUT7'.
Generating RTLIL representation for module `\L6MUX21'.
Generating RTLIL representation for module `\CCU2C'.
Generating RTLIL representation for module `\TRELLIS_RAM16X2'.
Generating RTLIL representation for module `\PFUMX'.
Generating RTLIL representation for module `\TRELLIS_DPR16X4'.
Generating RTLIL representation for module `\DPR16X4C'.
Generating RTLIL representation for module `\LUT2'.
Generating RTLIL representation for module `\TRELLIS_FF'.
Generating RTLIL representation for module `\TRELLIS_IO'.
Generating RTLIL representation for module `\INV'.
Generating RTLIL representation for module `\TRELLIS_COMB'.
Generating RTLIL representation for module `\DP16KD'.
Generating RTLIL representation for module `\FD1P3AX'.
Generating RTLIL representation for module `\FD1P3AY'.
Generating RTLIL representation for module `\FD1P3BX'.
Generating RTLIL representation for module `\FD1P3DX'.
Generating RTLIL representation for module `\FD1P3IX'.
Generating RTLIL representation for module `\FD1P3JX'.
Generating RTLIL representation for module `\FD1S3AX'.
Generating RTLIL representation for module `\FD1S3AY'.
Generating RTLIL representation for module `\FD1S3BX'.
Generating RTLIL representation for module `\FD1S3DX'.
Generating RTLIL representation for module `\FD1S3IX'.
Generating RTLIL representation for module `\FD1S3JX'.
Generating RTLIL representation for module `\IFS1P3BX'.
Generating RTLIL representation for module `\IFS1P3DX'.
Generating RTLIL representation for module `\IFS1P3IX'.
Generating RTLIL representation for module `\IFS1P3JX'.
Generating RTLIL representation for module `\OFS1P3BX'.
Generating RTLIL representation for module `\OFS1P3DX'.
Generating RTLIL representation for module `\OFS1P3IX'.
Generating RTLIL representation for module `\OFS1P3JX'.
Generating RTLIL representation for module `\IB'.
Generating RTLIL representation for module `\IBPU'.
Generating RTLIL representation for module `\IBPD'.
Generating RTLIL representation for module `\OB'.
Generating RTLIL representation for module `\OBZ'.
Generating RTLIL representation for module `\OBZPU'.
Generating RTLIL representation for module `\OBZPD'.
Generating RTLIL representation for module `\OBCO'.
Generating RTLIL representation for module `\BB'.
Generating RTLIL representation for module `\BBPU'.
Generating RTLIL representation for module `\BBPD'.
Generating RTLIL representation for module `\ILVDS'.
Generating RTLIL representation for module `\OLVDS'.
Successfully finished Verilog frontend.

5.2. Executing Verilog-2005 frontend: /usr/bin/../share/yosys/ecp5/cells_bb.v
Parsing Verilog input from `/usr/bin/../share/yosys/ecp5/cells_bb.v' to AST representation.
Generating RTLIL representation for module `\MULT18X18D'.
Generating RTLIL representation for module `\ALU54B'.
Generating RTLIL representation for module `\EHXPLLL'.
Generating RTLIL representation for module `\DTR'.
Generating RTLIL representation for module `\OSCG'.
Generating RTLIL representation for module `\USRMCLK'.
Generating RTLIL representation for module `\JTAGG'.
Generating RTLIL representation for module `\DELAYF'.
Generating RTLIL representation for module `\DELAYG'.
Generating RTLIL representation for module `\IDDRX1F'.
Generating RTLIL representation for module `\IDDRX2F'.
Generating RTLIL representation for module `\IDDR71B'.
Generating RTLIL representation for module `\IDDRX2DQA'.
Generating RTLIL representation for module `\ODDRX1F'.
Generating RTLIL representation for module `\ODDRX2F'.
Generating RTLIL representation for module `\ODDR71B'.
Generating RTLIL representation for module `\OSHX2A'.
Generating RTLIL representation for module `\ODDRX2DQA'.
Generating RTLIL representation for module `\ODDRX2DQSB'.
Generating RTLIL representation for module `\TSHX2DQA'.
Generating RTLIL representation for module `\TSHX2DQSA'.
Generating RTLIL representation for module `\DQSBUFM'.
Generating RTLIL representation for module `\DDRDLLA'.
Generating RTLIL representation for module `\DLLDELD'.
Generating RTLIL representation for module `\CLKDIVF'.
Generating RTLIL representation for module `\ECLKSYNCB'.
Generating RTLIL representation for module `\ECLKBRIDGECS'.
Generating RTLIL representation for module `\DCCA'.
Generating RTLIL representation for module `\DCSC'.
Generating RTLIL representation for module `\DCUA'.
Generating RTLIL representation for module `\EXTREFB'.
Generating RTLIL representation for module `\PCSCLKDIV'.
Generating RTLIL representation for module `\PUR'.
Generating RTLIL representation for module `\GSR'.
Generating RTLIL representation for module `\SGSR'.
Generating RTLIL representation for module `\PDPW16KD'.
Successfully finished Verilog frontend.

5.3. Executing HIERARCHY pass (managing design hierarchy).

5.3.1. Analyzing design hierarchy..
Top module:  \smoke_top

5.3.2. Analyzing design hierarchy..
Top module:  \smoke_top
Removed 0 unused modules.

5.4. Executing PROC pass (convert processes to netlists).

5.4.1. Executing PROC_CLEAN pass (remove empty switches from decision trees).
Found and cleaned up 1 empty switch in `\TRELLIS_DPR16X4.$proc$/usr/bin/../share/yosys/ecp5/cells_sim.v:213$121'.
Cleaned up 1 empty switch.

5.4.2. Executing PROC_RMDEAD pass (remove dead branches from decision trees).
Marked 1 switch rules as full_case in process $proc$/usr/bin/../share/yosys/ecp5/cells_sim.v:350$228 in module TRELLIS_FF.
Marked 1 switch rules as full_case in process $proc$/usr/bin/../share/yosys/ecp5/cells_sim.v:285$180 in module DPR16X4C.
Marked 1 switch rules as full_case in process $proc$/usr/bin/../share/yosys/ecp5/cells_sim.v:221$122 in module TRELLIS_DPR16X4.
Removed a total of 0 dead cases.

5.4.3. Executing PROC_PRUNE pass (remove redundant assignments in processes).
Removed 0 redundant assignments.
Promoted 42 assignments to connections.

5.4.4. Executing PROC_INIT pass (extract init attributes).
Found init rule in `\TRELLIS_FF.$proc$/usr/bin/../share/yosys/ecp5/cells_sim.v:0$229'.
  Set init value: \Q = 1'0

5.4.5. Executing PROC_ARST pass (detect async resets in processes).

5.4.6. Executing PROC_ROM pass (convert switches to ROMs).
Converted 0 switches.
<suppressed ~4 debug messages>

5.4.7. Executing PROC_MUX pass (convert decision trees to multiplexers).
Creating decoders for process `\TRELLIS_FF.$proc$/usr/bin/../share/yosys/ecp5/cells_sim.v:0$229'.
Creating decoders for process `\TRELLIS_FF.$proc$/usr/bin/../share/yosys/ecp5/cells_sim.v:350$228'.
     1/1: $0\Q[0:0]
Creating decoders for process `\DPR16X4C.$proc$/usr/bin/../share/yosys/ecp5/cells_sim.v:0$203'.
Creating decoders for process `\DPR16X4C.$proc$/usr/bin/../share/yosys/ecp5/cells_sim.v:285$180'.
     1/3: $1$memwr$\ram$/usr/bin/../share/yosys/ecp5/cells_sim.v:287$179_EN[3:0]$186
     2/3: $1$memwr$\ram$/usr/bin/../share/yosys/ecp5/cells_sim.v:287$179_DATA[3:0]$185
     3/3: $1$memwr$\ram$/usr/bin/../share/yosys/ecp5/cells_sim.v:287$179_ADDR[3:0]$184
Creating decoders for process `\TRELLIS_DPR16X4.$proc$/usr/bin/../share/yosys/ecp5/cells_sim.v:0$146'.
Creating decoders for process `\TRELLIS_DPR16X4.$proc$/usr/bin/../share/yosys/ecp5/cells_sim.v:221$122'.
     1/3: $1$memwr$\mem$/usr/bin/../share/yosys/ecp5/cells_sim.v:223$120_EN[3:0]$128
     2/3: $1$memwr$\mem$/usr/bin/../share/yosys/ecp5/cells_sim.v:223$120_DATA[3:0]$127
     3/3: $1$memwr$\mem$/usr/bin/../share/yosys/ecp5/cells_sim.v:223$120_ADDR[3:0]$126
Creating decoders for process `\TRELLIS_DPR16X4.$proc$/usr/bin/../share/yosys/ecp5/cells_sim.v:213$121'.

5.4.8. Executing PROC_DLATCH pass (convert process syncs to latches).

5.4.9. Executing PROC_DFF pass (convert process syncs to FFs).
Creating register for signal `\TRELLIS_FF.\Q' using process `\TRELLIS_FF.$proc$/usr/bin/../share/yosys/ecp5/cells_sim.v:350$228'.
  created $dff cell `$procdff$253' with positive edge clock.
Creating register for signal `\DPR16X4C.\i' using process `\DPR16X4C.$proc$/usr/bin/../share/yosys/ecp5/cells_sim.v:0$203'.
  created direct connection (no actual register cell created).
Creating register for signal `\DPR16X4C.$memwr$\ram$/usr/bin/../share/yosys/ecp5/cells_sim.v:281$164_EN' using process `\DPR16X4C.$proc$/usr/bin/../share/yosys/ecp5/cells_sim.v:0$203'.
  created direct connection (no actual register cell created).
Creating register for signal `\DPR16X4C.$memwr$\ram$/usr/bin/../share/yosys/ecp5/cells_sim.v:281$165_EN' using process `\DPR16X4C.$proc$/usr/bin/../share/yosys/ecp5/cells_sim.v:0$203'.
  created direct connection (no actual register cell created).
Creating register for signal `\DPR16X4C.$memwr$\ram$/usr/bin/../share/yosys/ecp5/cells_sim.v:281$166_EN' using process `\DPR16X4C.$proc$/usr/bin/../share/yosys/ecp5/cells_sim.v:0$203'.
  created direct connection (no actual register cell created).
Creating register for signal `\DPR16X4C.$memwr$\ram$/usr/bin/../share/yosys/ecp5/cells_sim.v:281$167_EN' using process `\DPR16X4C.$proc$/usr/bin/../share/yosys/ecp5/cells_sim.v:0$203'.
  created direct connection (no actual register cell created).
Creating register for signal `\DPR16X4C.$memwr$\ram$/usr/bin/../share/yosys/ecp5/cells_sim.v:281$168_EN' using process `\DPR16X4C.$proc$/usr/bin/../share/yosys/ecp5/cells_sim.v:0$203'.
  created direct connection (no actual register cell created).
Creating register for signal `\DPR16X4C.$memwr$\ram$/usr/bin/../share/yosys/ecp5/cells_sim.v:281$169_EN' using process `\DPR16X4C.$proc$/usr/bin/../share/yosys/ecp5/cells_sim.v:0$203'.
  created direct connection (no actual register cell created).
Creating register for signal `\DPR16X4C.$memwr$\ram$/usr/bin/../share/yosys/ecp5/cells_sim.v:281$170_EN' using process `\DPR16X4C.$proc$/usr/bin/../share/yosys/ecp5/cells_sim.v:0$203'.
  created direct connection (no actual register cell created).
Creating register for signal `\DPR16X4C.$memwr$\ram$/usr/bin/../share/yosys/ecp5/cells_sim.v:281$171_EN' using process `\DPR16X4C.$proc$/usr/bin/../share/yosys/ecp5/cells_sim.v:0$203'.
  created direct connection (no actual register cell created).
Creating register for signal `\DPR16X4C.$memwr$\ram$/usr/bin/../share/yosys/ecp5/cells_sim.v:281$172_EN' using process `\DPR16X4C.$proc$/usr/bin/../share/yosys/ecp5/cells_sim.v:0$203'.
  created direct connection (no actual register cell created).
Creating register for signal `\DPR16X4C.$memwr$\ram$/usr/bin/../share/yosys/ecp5/cells_sim.v:281$173_EN' using process `\DPR16X4C.$proc$/usr/bin/../share/yosys/ecp5/cells_sim.v:0$203'.
  created direct connection (no actual register cell created).
Creating register for signal `\DPR16X4C.$memwr$\ram$/usr/bin/../share/yosys/ecp5/cells_sim.v:281$174_EN' using process `\DPR16X4C.$proc$/usr/bin/../share/yosys/ecp5/cells_sim.v:0$203'.
  created direct connection (no actual register cell created).
Creating register for signal `\DPR16X4C.$memwr$\ram$/usr/bin/../share/yosys/ecp5/cells_sim.v:281$175_EN' using process `\DPR16X4C.$proc$/usr/bin/../share/yosys/ecp5/cells_sim.v:0$203'.
  created direct connection (no actual register cell created).
Creating register for signal `\DPR16X4C.$memwr$\ram$/usr/bin/../share/yosys/ecp5/cells_sim.v:281$176_EN' using process `\DPR16X4C.$proc$/usr/bin/../share/yosys/ecp5/cells_sim.v:0$203'.
  created direct connection (no actual register cell created).
Creating register for signal `\DPR16X4C.$memwr$\ram$/usr/bin/../share/yosys/ecp5/cells_sim.v:281$177_EN' using process `\DPR16X4C.$proc$/usr/bin/../share/yosys/ecp5/cells_sim.v:0$203'.
  created direct connection (no actual register cell created).
Creating register for signal `\DPR16X4C.$memwr$\ram$/usr/bin/../share/yosys/ecp5/cells_sim.v:281$178_EN' using process `\DPR16X4C.$proc$/usr/bin/../share/yosys/ecp5/cells_sim.v:0$203'.
  created direct connection (no actual register cell created).
Creating register for signal `\DPR16X4C.$memwr$\ram$/usr/bin/../share/yosys/ecp5/cells_sim.v:287$179_ADDR' using process `\DPR16X4C.$proc$/usr/bin/../share/yosys/ecp5/cells_sim.v:285$180'.
  created $dff cell `$procdff$254' with positive edge clock.
Creating register for signal `\DPR16X4C.$memwr$\ram$/usr/bin/../share/yosys/ecp5/cells_sim.v:287$179_DATA' using process `\DPR16X4C.$proc$/usr/bin/../share/yosys/ecp5/cells_sim.v:285$180'.
  created $dff cell `$procdff$255' with positive edge clock.
Creating register for signal `\DPR16X4C.$memwr$\ram$/usr/bin/../share/yosys/ecp5/cells_sim.v:287$179_EN' using process `\DPR16X4C.$proc$/usr/bin/../share/yosys/ecp5/cells_sim.v:285$180'.
  created $dff cell `$procdff$256' with positive edge clock.
Creating register for signal `\TRELLIS_DPR16X4.\i' using process `\TRELLIS_DPR16X4.$proc$/usr/bin/../share/yosys/ecp5/cells_sim.v:0$146'.
  created direct connection (no actual register cell created).
Creating register for signal `\TRELLIS_DPR16X4.$memwr$\mem$/usr/bin/../share/yosys/ecp5/cells_sim.v:207$104_EN' using process `\TRELLIS_DPR16X4.$proc$/usr/bin/../share/yosys/ecp5/cells_sim.v:0$146'.
  created direct connection (no actual register cell created).
Creating register for signal `\TRELLIS_DPR16X4.$memwr$\mem$/usr/bin/../share/yosys/ecp5/cells_sim.v:207$105_EN' using process `\TRELLIS_DPR16X4.$proc$/usr/bin/../share/yosys/ecp5/cells_sim.v:0$146'.
  created direct connection (no actual register cell created).
Creating register for signal `\TRELLIS_DPR16X4.$memwr$\mem$/usr/bin/../share/yosys/ecp5/cells_sim.v:207$106_EN' using process `\TRELLIS_DPR16X4.$proc$/usr/bin/../share/yosys/ecp5/cells_sim.v:0$146'.
  created direct connection (no actual register cell created).
Creating register for signal `\TRELLIS_DPR16X4.$memwr$\mem$/usr/bin/../share/yosys/ecp5/cells_sim.v:207$107_EN' using process `\TRELLIS_DPR16X4.$proc$/usr/bin/../share/yosys/ecp5/cells_sim.v:0$146'.
  created direct connection (no actual register cell created).
Creating register for signal `\TRELLIS_DPR16X4.$memwr$\mem$/usr/bin/../share/yosys/ecp5/cells_sim.v:207$108_EN' using process `\TRELLIS_DPR16X4.$proc$/usr/bin/../share/yosys/ecp5/cells_sim.v:0$146'.
  created direct connection (no actual register cell created).
Creating register for signal `\TRELLIS_DPR16X4.$memwr$\mem$/usr/bin/../share/yosys/ecp5/cells_sim.v:207$109_EN' using process `\TRELLIS_DPR16X4.$proc$/usr/bin/../share/yosys/ecp5/cells_sim.v:0$146'.
  created direct connection (no actual register cell created).
Creating register for signal `\TRELLIS_DPR16X4.$memwr$\mem$/usr/bin/../share/yosys/ecp5/cells_sim.v:207$110_EN' using process `\TRELLIS_DPR16X4.$proc$/usr/bin/../share/yosys/ecp5/cells_sim.v:0$146'.
  created direct connection (no actual register cell created).
Creating register for signal `\TRELLIS_DPR16X4.$memwr$\mem$/usr/bin/../share/yosys/ecp5/cells_sim.v:207$111_EN' using process `\TRELLIS_DPR16X4.$proc$/usr/bin/../share/yosys/ecp5/cells_sim.v:0$146'.
  created direct connection (no actual register cell created).
Creating register for signal `\TRELLIS_DPR16X4.$memwr$\mem$/usr/bin/../share/yosys/ecp5/cells_sim.v:207$112_EN' using process `\TRELLIS_DPR16X4.$proc$/usr/bin/../share/yosys/ecp5/cells_sim.v:0$146'.
  created direct connection (no actual register cell created).
Creating register for signal `\TRELLIS_DPR16X4.$memwr$\mem$/usr/bin/../share/yosys/ecp5/cells_sim.v:207$113_EN' using process `\TRELLIS_DPR16X4.$proc$/usr/bin/../share/yosys/ecp5/cells_sim.v:0$146'.
  created direct connection (no actual register cell created).
Creating register for signal `\TRELLIS_DPR16X4.$memwr$\mem$/usr/bin/../share/yosys/ecp5/cells_sim.v:207$114_EN' using process `\TRELLIS_DPR16X4.$proc$/usr/bin/../share/yosys/ecp5/cells_sim.v:0$146'.
  created direct connection (no actual register cell created).
Creating register for signal `\TRELLIS_DPR16X4.$memwr$\mem$/usr/bin/../share/yosys/ecp5/cells_sim.v:207$115_EN' using process `\TRELLIS_DPR16X4.$proc$/usr/bin/../share/yosys/ecp5/cells_sim.v:0$146'.
  created direct connection (no actual register cell created).
Creating register for signal `\TRELLIS_DPR16X4.$memwr$\mem$/usr/bin/../share/yosys/ecp5/cells_sim.v:207$116_EN' using process `\TRELLIS_DPR16X4.$proc$/usr/bin/../share/yosys/ecp5/cells_sim.v:0$146'.
  created direct connection (no actual register cell created).
Creating register for signal `\TRELLIS_DPR16X4.$memwr$\mem$/usr/bin/../share/yosys/ecp5/cells_sim.v:207$117_EN' using process `\TRELLIS_DPR16X4.$proc$/usr/bin/../share/yosys/ecp5/cells_sim.v:0$146'.
  created direct connection (no actual register cell created).
Creating register for signal `\TRELLIS_DPR16X4.$memwr$\mem$/usr/bin/../share/yosys/ecp5/cells_sim.v:207$118_EN' using process `\TRELLIS_DPR16X4.$proc$/usr/bin/../share/yosys/ecp5/cells_sim.v:0$146'.
  created direct connection (no actual register cell created).
Creating register for signal `\TRELLIS_DPR16X4.$memwr$\mem$/usr/bin/../share/yosys/ecp5/cells_sim.v:207$119_EN' using process `\TRELLIS_DPR16X4.$proc$/usr/bin/../share/yosys/ecp5/cells_sim.v:0$146'.
  created direct connection (no actual register cell created).
Creating register for signal `\TRELLIS_DPR16X4.$memwr$\mem$/usr/bin/../share/yosys/ecp5/cells_sim.v:223$120_ADDR' using process `\TRELLIS_DPR16X4.$proc$/usr/bin/../share/yosys/ecp5/cells_sim.v:221$122'.
  created $dff cell `$procdff$257' with positive edge clock.
Creating register for signal `\TRELLIS_DPR16X4.$memwr$\mem$/usr/bin/../share/yosys/ecp5/cells_sim.v:223$120_DATA' using process `\TRELLIS_DPR16X4.$proc$/usr/bin/../share/yosys/ecp5/cells_sim.v:221$122'.
  created $dff cell `$procdff$258' with positive edge clock.
Creating register for signal `\TRELLIS_DPR16X4.$memwr$\mem$/usr/bin/../share/yosys/ecp5/cells_sim.v:223$120_EN' using process `\TRELLIS_DPR16X4.$proc$/usr/bin/../share/yosys/ecp5/cells_sim.v:221$122'.
  created $dff cell `$procdff$259' with positive edge clock.
Creating register for signal `\TRELLIS_DPR16X4.\muxwre' using process `\TRELLIS_DPR16X4.$proc$/usr/bin/../share/yosys/ecp5/cells_sim.v:213$121'.
  created direct connection (no actual register cell created).

5.4.10. Executing PROC_MEMWR pass (convert process memory writes to cells).

5.4.11. Executing PROC_CLEAN pass (remove empty switches from decision trees).
Removing empty process `TRELLIS_FF.$proc$/usr/bin/../share/yosys/ecp5/cells_sim.v:0$229'.
Found and cleaned up 2 empty switches in `\TRELLIS_FF.$proc$/usr/bin/../share/yosys/ecp5/cells_sim.v:350$228'.
Removing empty process `TRELLIS_FF.$proc$/usr/bin/../share/yosys/ecp5/cells_sim.v:350$228'.
Removing empty process `DPR16X4C.$proc$/usr/bin/../share/yosys/ecp5/cells_sim.v:0$203'.
Found and cleaned up 1 empty switch in `\DPR16X4C.$proc$/usr/bin/../share/yosys/ecp5/cells_sim.v:285$180'.
Removing empty process `TRELLIS_DPR16X4.$proc$/usr/bin/../share/yosys/ecp5/cells_sim.v:0$146'.
Found and cleaned up 1 empty switch in `\TRELLIS_DPR16X4.$proc$/usr/bin/../share/yosys/ecp5/cells_sim.v:221$122'.
Removing empty process `TRELLIS_DPR16X4.$proc$/usr/bin/../share/yosys/ecp5/cells_sim.v:213$121'.
Cleaned up 4 empty switches.

5.4.12. Executing OPT_EXPR pass (perform const folding).
Optimizing module smoke_top.

5.5. Executing FLATTEN pass (flatten design).

5.6. Executing TRIBUF pass.

5.7. Executing DEMINOUT pass (demote inout ports to input or output).

5.8. Executing OPT_EXPR pass (perform const folding).
Optimizing module smoke_top.

5.9. Executing OPT_CLEAN pass (remove unused cells and wires).
Finding unused cells or wires in module \smoke_top..
Removed 0 unused cells and 2 unused wires.
<suppressed ~1 debug messages>

5.10. Executing CHECK pass (checking for obvious problems).
Checking module smoke_top...
Found and reported 0 problems.

5.11. Executing OPT pass (performing simple optimizations).

5.11.1. Executing OPT_EXPR pass (perform const folding).
Optimizing module smoke_top.

5.11.2. Executing OPT_MERGE pass (detect identical cells).
Finding identical cells in module `\smoke_top'.
Removed a total of 0 cells.

5.11.3. Executing OPT_MUXTREE pass (detect dead branches in mux trees).
Running muxtree optimizer on module \smoke_top..
  Creating internal representation of mux trees.
  No muxes found in this module.
Removed 0 multiplexer ports.

5.11.4. Executing OPT_REDUCE pass (consolidate $*mux and $reduce_* inputs).
  Optimizing cells in module \smoke_top.
Performed a total of 0 changes.

5.11.5. Executing OPT_MERGE pass (detect identical cells).
Finding identical cells in module `\smoke_top'.
Removed a total of 0 cells.

5.11.6. Executing OPT_DFF pass (perform DFF optimizations).

5.11.7. Executing OPT_CLEAN pass (remove unused cells and wires).
Finding unused cells or wires in module \smoke_top..

5.11.8. Executing OPT_EXPR pass (perform const folding).
Optimizing module smoke_top.

5.11.9. Finished OPT passes. (There is nothing left to do.)

5.12. Executing FSM pass (extract and optimize FSM).

5.12.1. Executing FSM_DETECT pass (finding FSMs in design).

5.12.2. Executing FSM_EXTRACT pass (extracting FSM from design).

5.12.3. Executing FSM_OPT pass (simple optimizations of FSMs).

5.12.4. Executing OPT_CLEAN pass (remove unused cells and wires).
Finding unused cells or wires in module \smoke_top..

5.12.5. Executing FSM_OPT pass (simple optimizations of FSMs).

5.12.6. Executing FSM_RECODE pass (re-assigning FSM state encoding).

5.12.7. Executing FSM_INFO pass (dumping all available information on FSM cells).

5.12.8. Executing FSM_MAP pass (mapping FSMs to basic logic).

5.13. Executing OPT pass (performing simple optimizations).

5.13.1. Executing OPT_EXPR pass (perform const folding).
Optimizing module smoke_top.

5.13.2. Executing OPT_MERGE pass (detect identical cells).
Finding identical cells in module `\smoke_top'.
Removed a total of 0 cells.

5.13.3. Executing OPT_MUXTREE pass (detect dead branches in mux trees).
Running muxtree optimizer on module \smoke_top..
  Creating internal representation of mux trees.
  No muxes found in this module.
Removed 0 multiplexer ports.

5.13.4. Executing OPT_REDUCE pass (consolidate $*mux and $reduce_* inputs).
  Optimizing cells in module \smoke_top.
Performed a total of 0 changes.

5.13.5. Executing OPT_MERGE pass (detect identical cells).
Finding identical cells in module `\smoke_top'.
Removed a total of 0 cells.

5.13.6. Executing OPT_DFF pass (perform DFF optimizations).

5.13.7. Executing OPT_CLEAN pass (remove unused cells and wires).
Finding unused cells or wires in module \smoke_top..

5.13.8. Executing OPT_EXPR pass (perform const folding).
Optimizing module smoke_top.

5.13.9. Finished OPT passes. (There is nothing left to do.)

5.14. Executing WREDUCE pass (reducing word size of cells).

5.15. Executing PEEPOPT pass (run peephole optimizers).

5.16. Executing OPT_CLEAN pass (remove unused cells and wires).
Finding unused cells or wires in module \smoke_top..

5.17. Executing SHARE pass (SAT-based resource sharing).

5.18. Executing TECHMAP pass (map to technology primitives).

5.18.1. Executing Verilog-2005 frontend: /usr/bin/../share/yosys/cmp2lut.v
Parsing Verilog input from `/usr/bin/../share/yosys/cmp2lut.v' to AST representation.
Generating RTLIL representation for module `\_90_lut_cmp_'.
Successfully finished Verilog frontend.

5.18.2. Continuing TECHMAP pass.
No more expansions possible.
<suppressed ~6 debug messages>

5.19. Executing OPT_EXPR pass (perform const folding).
Optimizing module smoke_top.

5.20. Executing OPT_CLEAN pass (remove unused cells and wires).
Finding unused cells or wires in module \smoke_top..

5.21. Executing TECHMAP pass (map to technology primitives).

5.21.1. Executing Verilog-2005 frontend: /usr/bin/../share/yosys/mul2dsp.v
Parsing Verilog input from `/usr/bin/../share/yosys/mul2dsp.v' to AST representation.
Generating RTLIL representation for module `\_80_mul'.
Generating RTLIL representation for module `\_90_soft_mul'.
Successfully finished Verilog frontend.

5.21.2. Executing Verilog-2005 frontend: /usr/bin/../share/yosys/ecp5/dsp_map.v
Parsing Verilog input from `/usr/bin/../share/yosys/ecp5/dsp_map.v' to AST representation.
Generating RTLIL representation for module `\$__MUL18X18'.
Successfully finished Verilog frontend.

5.21.3. Continuing TECHMAP pass.
No more expansions possible.
<suppressed ~5 debug messages>

5.22. Executing ALUMACC pass (create $alu and $macc cells).
Extracting $alu and $macc cells in module smoke_top:
  creating $macc model for $add$smoke_top.sv:14$2 ($add).
  creating $alu model for $macc $add$smoke_top.sv:14$2.
  creating $alu cell for $add$smoke_top.sv:14$2: $auto$alumacc.cc:485:replace_alu$261
  created 1 $alu and 0 $macc cells.

5.23. Executing OPT pass (performing simple optimizations).

5.23.1. Executing OPT_EXPR pass (perform const folding).
Optimizing module smoke_top.

5.23.2. Executing OPT_MERGE pass (detect identical cells).
Finding identical cells in module `\smoke_top'.
Removed a total of 0 cells.

5.23.3. Executing OPT_MUXTREE pass (detect dead branches in mux trees).
Running muxtree optimizer on module \smoke_top..
  Creating internal representation of mux trees.
  No muxes found in this module.
Removed 0 multiplexer ports.

5.23.4. Executing OPT_REDUCE pass (consolidate $*mux and $reduce_* inputs).
  Optimizing cells in module \smoke_top.
Performed a total of 0 changes.

5.23.5. Executing OPT_MERGE pass (detect identical cells).
Finding identical cells in module `\smoke_top'.
Removed a total of 0 cells.

5.23.6. Executing OPT_DFF pass (perform DFF optimizations).

5.23.7. Executing OPT_CLEAN pass (remove unused cells and wires).
Finding unused cells or wires in module \smoke_top..

5.23.8. Executing OPT_EXPR pass (perform const folding).
Optimizing module smoke_top.

5.23.9. Finished OPT passes. (There is nothing left to do.)

5.24. Executing MEMORY pass.

5.24.1. Executing OPT_MEM pass (optimize memories).
Performed a total of 0 transformations.

5.24.2. Executing OPT_MEM_PRIORITY pass (removing unnecessary memory write priority relations).
Performed a total of 0 transformations.

5.24.3. Executing OPT_MEM_FEEDBACK pass (finding memory read-to-write feedback paths).

5.24.4. Executing MEMORY_BMUX2ROM pass (converting muxes to ROMs).

5.24.5. Executing MEMORY_DFF pass (merging $dff cells to $memrd).

5.24.6. Executing OPT_CLEAN pass (remove unused cells and wires).
Finding unused cells or wires in module \smoke_top..

5.24.7. Executing MEMORY_SHARE pass (consolidating $memrd/$memwr cells).

5.24.8. Executing OPT_MEM_WIDEN pass (optimize memories where all ports are wide).
Performed a total of 0 transformations.

5.24.9. Executing OPT_CLEAN pass (remove unused cells and wires).
Finding unused cells or wires in module \smoke_top..

5.24.10. Executing MEMORY_COLLECT pass (generating $mem cells).

5.25. Executing OPT_CLEAN pass (remove unused cells and wires).
Finding unused cells or wires in module \smoke_top..

5.26. Executing MEMORY_LIBMAP pass (mapping memories to cells).

5.27. Executing TECHMAP pass (map to technology primitives).

5.27.1. Executing Verilog-2005 frontend: /usr/bin/../share/yosys/ecp5/lutrams_map.v
Parsing Verilog input from `/usr/bin/../share/yosys/ecp5/lutrams_map.v' to AST representation.
Generating RTLIL representation for module `\$__TRELLIS_DPR16X4_'.
Successfully finished Verilog frontend.

5.27.2. Executing Verilog-2005 frontend: /usr/bin/../share/yosys/ecp5/brams_map.v
Parsing Verilog input from `/usr/bin/../share/yosys/ecp5/brams_map.v' to AST representation.
Generating RTLIL representation for module `\$__ECP5_DP16KD_'.
Generating RTLIL representation for module `\$__ECP5_PDPW16KD_'.
Successfully finished Verilog frontend.

5.27.3. Continuing TECHMAP pass.
No more expansions possible.
<suppressed ~5 debug messages>

5.28. Executing OPT pass (performing simple optimizations).

5.28.1. Executing OPT_EXPR pass (perform const folding).
Optimizing module smoke_top.

5.28.2. Executing OPT_MERGE pass (detect identical cells).
Finding identical cells in module `\smoke_top'.
Removed a total of 0 cells.

5.28.3. Executing OPT_DFF pass (perform DFF optimizations).

5.28.4. Executing OPT_CLEAN pass (remove unused cells and wires).
Finding unused cells or wires in module \smoke_top..

5.28.5. Finished fast OPT passes.

5.29. Executing MEMORY_MAP pass (converting memories to logic and flip-flops).

5.30. Executing OPT pass (performing simple optimizations).

5.30.1. Executing OPT_EXPR pass (perform const folding).
Optimizing module smoke_top.

5.30.2. Executing OPT_MERGE pass (detect identical cells).
Finding identical cells in module `\smoke_top'.
Removed a total of 0 cells.

5.30.3. Executing OPT_MUXTREE pass (detect dead branches in mux trees).
Running muxtree optimizer on module \smoke_top..
  Creating internal representation of mux trees.
  No muxes found in this module.
Removed 0 multiplexer ports.

5.30.4. Executing OPT_REDUCE pass (consolidate $*mux and $reduce_* inputs).
  Optimizing cells in module \smoke_top.
Performed a total of 0 changes.

5.30.5. Executing OPT_MERGE pass (detect identical cells).
Finding identical cells in module `\smoke_top'.
Removed a total of 0 cells.

5.30.6. Executing OPT_DFF pass (perform DFF optimizations).

5.30.7. Executing OPT_CLEAN pass (remove unused cells and wires).
Finding unused cells or wires in module \smoke_top..

5.30.8. Executing OPT_EXPR pass (perform const folding).
Optimizing module smoke_top.

5.30.9. Finished OPT passes. (There is nothing left to do.)

5.31. Executing TECHMAP pass (map to technology primitives).

5.31.1. Executing Verilog-2005 frontend: /usr/bin/../share/yosys/techmap.v
Parsing Verilog input from `/usr/bin/../share/yosys/techmap.v' to AST representation.
Generating RTLIL representation for module `\_90_simplemap_bool_ops'.
Generating RTLIL representation for module `\_90_simplemap_reduce_ops'.
Generating RTLIL representation for module `\_90_simplemap_logic_ops'.
Generating RTLIL representation for module `\_90_simplemap_compare_ops'.
Generating RTLIL representation for module `\_90_simplemap_various'.
Generating RTLIL representation for module `\_90_simplemap_registers'.
Generating RTLIL representation for module `\_90_shift_ops_shr_shl_sshl_sshr'.
Generating RTLIL representation for module `\_90_shift_shiftx'.
Generating RTLIL representation for module `\_90_fa'.
Generating RTLIL representation for module `\_90_lcu'.
Generating RTLIL representation for module `\_90_alu'.
Generating RTLIL representation for module `\_90_macc'.
Generating RTLIL representation for module `\_90_alumacc'.
Generating RTLIL representation for module `\$__div_mod_u'.
Generating RTLIL representation for module `\$__div_mod_trunc'.
Generating RTLIL representation for module `\_90_div'.
Generating RTLIL representation for module `\_90_mod'.
Generating RTLIL representation for module `\$__div_mod_floor'.
Generating RTLIL representation for module `\_90_divfloor'.
Generating RTLIL representation for module `\_90_modfloor'.
Generating RTLIL representation for module `\_90_pow'.
Generating RTLIL representation for module `\_90_pmux'.
Generating RTLIL representation for module `\_90_demux'.
Generating RTLIL representation for module `\_90_lut'.
Successfully finished Verilog frontend.

5.31.2. Executing Verilog-2005 frontend: /usr/bin/../share/yosys/ecp5/arith_map.v
Parsing Verilog input from `/usr/bin/../share/yosys/ecp5/arith_map.v' to AST representation.
Generating RTLIL representation for module `\_80_ecp5_alu'.
Successfully finished Verilog frontend.

5.31.3. Continuing TECHMAP pass.
Using extmapper simplemap for cells of type $not.
Using extmapper simplemap for cells of type $dff.
Using template $paramod$c6885379b74fbbf6906b35106e386e521d86cbb2\_80_ecp5_alu for cells of type $alu.
Using extmapper simplemap for cells of type $logic_or.
Using extmapper simplemap for cells of type $logic_and.
Using extmapper simplemap for cells of type $xor.
Using extmapper simplemap for cells of type $mux.
Using extmapper simplemap for cells of type $pos.
No more expansions possible.
<suppressed ~154 debug messages>

5.32. Executing OPT pass (performing simple optimizations).

5.32.1. Executing OPT_EXPR pass (perform const folding).
Optimizing module smoke_top.
<suppressed ~93 debug messages>

5.32.2. Executing OPT_MERGE pass (detect identical cells).
Finding identical cells in module `\smoke_top'.
<suppressed ~6 debug messages>
Removed a total of 2 cells.

5.32.3. Executing OPT_DFF pass (perform DFF optimizations).

5.32.4. Executing OPT_CLEAN pass (remove unused cells and wires).
Finding unused cells or wires in module \smoke_top..
Removed 36 unused cells and 73 unused wires.
<suppressed ~37 debug messages>

5.32.5. Finished fast OPT passes.

5.33. Executing OPT_CLEAN pass (remove unused cells and wires).
Finding unused cells or wires in module \smoke_top..

5.34. Executing DFFLEGALIZE pass (convert FFs to types supported by the target).

5.35. Executing TECHMAP pass (map to technology primitives).

5.35.1. Executing Verilog-2005 frontend: /usr/bin/../share/yosys/ecp5/cells_map.v
Parsing Verilog input from `/usr/bin/../share/yosys/ecp5/cells_map.v' to AST representation.
Generating RTLIL representation for module `\$_DFF_N_'.
Generating RTLIL representation for module `\$_DFF_P_'.
Generating RTLIL representation for module `\$_DFFE_NN_'.
Generating RTLIL representation for module `\$_DFFE_PN_'.
Generating RTLIL representation for module `\$_DFFE_NP_'.
Generating RTLIL representation for module `\$_DFFE_PP_'.
Generating RTLIL representation for module `\$_DFF_NP0_'.
Generating RTLIL representation for module `\$_DFF_NP1_'.
Generating RTLIL representation for module `\$_DFF_PP0_'.
Generating RTLIL representation for module `\$_DFF_PP1_'.
Generating RTLIL representation for module `\$_SDFF_NP0_'.
Generating RTLIL representation for module `\$_SDFF_NP1_'.
Generating RTLIL representation for module `\$_SDFF_PP0_'.
Generating RTLIL representation for module `\$_SDFF_PP1_'.
Generating RTLIL representation for module `\$_DFFE_NP0P_'.
Generating RTLIL representation for module `\$_DFFE_NP1P_'.
Generating RTLIL representation for module `\$_DFFE_PP0P_'.
Generating RTLIL representation for module `\$_DFFE_PP1P_'.
Generating RTLIL representation for module `\$_DFFE_NP0N_'.
Generating RTLIL representation for module `\$_DFFE_NP1N_'.
Generating RTLIL representation for module `\$_DFFE_PP0N_'.
Generating RTLIL representation for module `\$_DFFE_PP1N_'.
Generating RTLIL representation for module `\$_SDFFE_NP0P_'.
Generating RTLIL representation for module `\$_SDFFE_NP1P_'.
Generating RTLIL representation for module `\$_SDFFE_PP0P_'.
Generating RTLIL representation for module `\$_SDFFE_PP1P_'.
Generating RTLIL representation for module `\$_SDFFE_NP0N_'.
Generating RTLIL representation for module `\$_SDFFE_NP1N_'.
Generating RTLIL representation for module `\$_SDFFE_PP0N_'.
Generating RTLIL representation for module `\$_SDFFE_PP1N_'.
Generating RTLIL representation for module `\$_ALDFF_NP_'.
Generating RTLIL representation for module `\$_ALDFF_PP_'.
Generating RTLIL representation for module `\$_ALDFFE_NPN_'.
Generating RTLIL representation for module `\$_ALDFFE_NPP_'.
Generating RTLIL representation for module `\$_ALDFFE_PPN_'.
Generating RTLIL representation for module `\$_ALDFFE_PPP_'.
Generating RTLIL representation for module `\FD1P3AX'.
Generating RTLIL representation for module `\FD1P3AY'.
Generating RTLIL representation for module `\FD1P3BX'.
Generating RTLIL representation for module `\FD1P3DX'.
Generating RTLIL representation for module `\FD1P3IX'.
Generating RTLIL representation for module `\FD1P3JX'.
Generating RTLIL representation for module `\FD1S3AX'.
Generating RTLIL representation for module `\FD1S3AY'.
Generating RTLIL representation for module `\FD1S3BX'.
Generating RTLIL representation for module `\FD1S3DX'.
Generating RTLIL representation for module `\FD1S3IX'.
Generating RTLIL representation for module `\FD1S3JX'.
Generating RTLIL representation for module `\IFS1P3BX'.
Generating RTLIL representation for module `\IFS1P3DX'.
Generating RTLIL representation for module `\IFS1P3IX'.
Generating RTLIL representation for module `\IFS1P3JX'.
Generating RTLIL representation for module `\OFS1P3BX'.
Generating RTLIL representation for module `\OFS1P3DX'.
Generating RTLIL representation for module `\OFS1P3IX'.
Generating RTLIL representation for module `\OFS1P3JX'.
Generating RTLIL representation for module `\IB'.
Generating RTLIL representation for module `\IBPU'.
Generating RTLIL representation for module `\IBPD'.
Generating RTLIL representation for module `\OB'.
Generating RTLIL representation for module `\OBZ'.
Generating RTLIL representation for module `\OBZPU'.
Generating RTLIL representation for module `\OBZPD'.
Generating RTLIL representation for module `\OBCO'.
Generating RTLIL representation for module `\BB'.
Generating RTLIL representation for module `\BBPU'.
Generating RTLIL representation for module `\BBPD'.
Generating RTLIL representation for module `\ILVDS'.
Generating RTLIL representation for module `\OLVDS'.
Successfully finished Verilog frontend.

5.35.2. Continuing TECHMAP pass.
Using template $paramod\$_DFF_P_\_TECHMAP_WIREINIT_Q_=1'x for cells of type $_DFF_P_.
No more expansions possible.
<suppressed ~107 debug messages>

5.36. Executing OPT_EXPR pass (perform const folding).
Optimizing module smoke_top.

5.37. Executing SIMPLEMAP pass (map simple cells to gate primitives).

5.38. Executing LATTICE_GSR pass (implement FF init values).
Handling GSR in smoke_top.

5.39. Executing ATTRMVCP pass (move or copy attributes).

5.40. Executing OPT_CLEAN pass (remove unused cells and wires).
Finding unused cells or wires in module \smoke_top..
Removed 0 unused cells and 100 unused wires.
<suppressed ~1 debug messages>

5.41. Executing TECHMAP pass (map to technology primitives).

5.41.1. Executing Verilog-2005 frontend: /usr/bin/../share/yosys/ecp5/latches_map.v
Parsing Verilog input from `/usr/bin/../share/yosys/ecp5/latches_map.v' to AST representation.
Generating RTLIL representation for module `\$_DLATCH_N_'.
Generating RTLIL representation for module `\$_DLATCH_P_'.
Successfully finished Verilog frontend.

5.41.2. Continuing TECHMAP pass.
No more expansions possible.
<suppressed ~4 debug messages>

5.42. Executing ABC pass (technology mapping using ABC).

5.42.1. Extracting gate netlist of module `\smoke_top' to `<abc-temp-dir>/input.blif'..
Extracted 1 gates and 2 wires to a netlist network with 1 inputs and 1 outputs.

5.42.1.1. Executing ABC.
Running ABC command: "<yosys-exe-dir>/yosys-abc" -s -f <abc-temp-dir>/abc.script 2>&1
ABC: ABC command line: "source <abc-temp-dir>/abc.script".
ABC: 
ABC: + read_blif <abc-temp-dir>/input.blif 
ABC: + read_lut <abc-temp-dir>/lutdefs.txt 
ABC: + strash 
ABC: + &get -n 
ABC: + &fraig -x 
ABC: + &put 
ABC: + scorr 
ABC: Warning: The network is combinational (run "fraig" or "fraig_sweep").
ABC: + dc2 
ABC: + dretime 
ABC: + strash 
ABC: + dch -f 
ABC: + if 
ABC: + mfs2 
ABC: + dress <abc-temp-dir>/input.blif 
ABC: Total number of equiv classes                =       2.
ABC: Participating nodes from both networks       =       2.
ABC: Participating nodes from the first network   =       1. (  50.00 % of nodes)
ABC: Participating nodes from the second network  =       1. (  50.00 % of nodes)
ABC: Node pairs (any polarity)                    =       1. (  50.00 % of names can be moved)
ABC: Node pairs (same polarity)                   =       1. (  50.00 % of names can be moved)
ABC: Total runtime =     0.00 sec
ABC: + write_blif <abc-temp-dir>/output.blif 

5.42.1.2. Re-integrating ABC results.
ABC RESULTS:              $lut cells:        1
ABC RESULTS:        internal signals:        0
ABC RESULTS:           input signals:        1
ABC RESULTS:          output signals:        1
Removing temp directory.
Removed 0 unused cells and 2 unused wires.

5.43. Executing TECHMAP pass (map to technology primitives).

5.43.1. Executing Verilog-2005 frontend: /usr/bin/../share/yosys/ecp5/cells_map.v
Parsing Verilog input from `/usr/bin/../share/yosys/ecp5/cells_map.v' to AST representation.
Generating RTLIL representation for module `\$_DFF_N_'.
Generating RTLIL representation for module `\$_DFF_P_'.
Generating RTLIL representation for module `\$_DFFE_NN_'.
Generating RTLIL representation for module `\$_DFFE_PN_'.
Generating RTLIL representation for module `\$_DFFE_NP_'.
Generating RTLIL representation for module `\$_DFFE_PP_'.
Generating RTLIL representation for module `\$_DFF_NP0_'.
Generating RTLIL representation for module `\$_DFF_NP1_'.
Generating RTLIL representation for module `\$_DFF_PP0_'.
Generating RTLIL representation for module `\$_DFF_PP1_'.
Generating RTLIL representation for module `\$_SDFF_NP0_'.
Generating RTLIL representation for module `\$_SDFF_NP1_'.
Generating RTLIL representation for module `\$_SDFF_PP0_'.
Generating RTLIL representation for module `\$_SDFF_PP1_'.
Generating RTLIL representation for module `\$_DFFE_NP0P_'.
Generating RTLIL representation for module `\$_DFFE_NP1P_'.
Generating RTLIL representation for module `\$_DFFE_PP0P_'.
Generating RTLIL representation for module `\$_DFFE_PP1P_'.
Generating RTLIL representation for module `\$_DFFE_NP0N_'.
Generating RTLIL representation for module `\$_DFFE_NP1N_'.
Generating RTLIL representation for module `\$_DFFE_PP0N_'.
Generating RTLIL representation for module `\$_DFFE_PP1N_'.
Generating RTLIL representation for module `\$_SDFFE_NP0P_'.
Generating RTLIL representation for module `\$_SDFFE_NP1P_'.
Generating RTLIL representation for module `\$_SDFFE_PP0P_'.
Generating RTLIL representation for module `\$_SDFFE_PP1P_'.
Generating RTLIL representation for module `\$_SDFFE_NP0N_'.
Generating RTLIL representation for module `\$_SDFFE_NP1N_'.
Generating RTLIL representation for module `\$_SDFFE_PP0N_'.
Generating RTLIL representation for module `\$_SDFFE_PP1N_'.
Generating RTLIL representation for module `\$_ALDFF_NP_'.
Generating RTLIL representation for module `\$_ALDFF_PP_'.
Generating RTLIL representation for module `\$_ALDFFE_NPN_'.
Generating RTLIL representation for module `\$_ALDFFE_NPP_'.
Generating RTLIL representation for module `\$_ALDFFE_PPN_'.
Generating RTLIL representation for module `\$_ALDFFE_PPP_'.
Generating RTLIL representation for module `\FD1P3AX'.
Generating RTLIL representation for module `\FD1P3AY'.
Generating RTLIL representation for module `\FD1P3BX'.
Generating RTLIL representation for module `\FD1P3DX'.
Generating RTLIL representation for module `\FD1P3IX'.
Generating RTLIL representation for module `\FD1P3JX'.
Generating RTLIL representation for module `\FD1S3AX'.
Generating RTLIL representation for module `\FD1S3AY'.
Generating RTLIL representation for module `\FD1S3BX'.
Generating RTLIL representation for module `\FD1S3DX'.
Generating RTLIL representation for module `\FD1S3IX'.
Generating RTLIL representation for module `\FD1S3JX'.
Generating RTLIL representation for module `\IFS1P3BX'.
Generating RTLIL representation for module `\IFS1P3DX'.
Generating RTLIL representation for module `\IFS1P3IX'.
Generating RTLIL representation for module `\IFS1P3JX'.
Generating RTLIL representation for module `\OFS1P3BX'.
Generating RTLIL representation for module `\OFS1P3DX'.
Generating RTLIL representation for module `\OFS1P3IX'.
Generating RTLIL representation for module `\OFS1P3JX'.
Generating RTLIL representation for module `\IB'.
Generating RTLIL representation for module `\IBPU'.
Generating RTLIL representation for module `\IBPD'.
Generating RTLIL representation for module `\OB'.
Generating RTLIL representation for module `\OBZ'.
Generating RTLIL representation for module `\OBZPU'.
Generating RTLIL representation for module `\OBZPD'.
Generating RTLIL representation for module `\OBCO'.
Generating RTLIL representation for module `\BB'.
Generating RTLIL representation for module `\BBPU'.
Generating RTLIL representation for module `\BBPD'.
Generating RTLIL representation for module `\ILVDS'.
Generating RTLIL representation for module `\OLVDS'.
Generating RTLIL representation for module `\$lut'.
Successfully finished Verilog frontend.

5.43.2. Continuing TECHMAP pass.
Using template $paramod\$lut\WIDTH=32'00000000000000000000000000000001\LUT=2'01 for cells of type $lut.
No more expansions possible.
<suppressed ~86 debug messages>

5.44. Executing OPT_LUT_INS pass (discard unused LUT inputs).
Optimizing LUTs in smoke_top.
Removed 0 unused cells and 2 unused wires.

5.45. Executing AUTONAME pass.
Renamed 56 objects in module smoke_top (4 iterations).
<suppressed ~43 debug messages>

5.46. Executing HIERARCHY pass (managing design hierarchy).

5.46.1. Analyzing design hierarchy..
Top module:  \smoke_top

5.46.2. Analyzing design hierarchy..
Top module:  \smoke_top
Removed 0 unused modules.

5.47. Printing statistics.

=== smoke_top ===

   Number of wires:                  7
   Number of wire bits:            130
   Number of public wires:           7
   Number of public wire bits:     130
   Number of memories:               0
   Number of memory bits:            0
   Number of processes:              0
   Number of cells:                 39
     CCU2C                          13
     LUT4                            1
     TRELLIS_FF                     25

5.48. Executing CHECK pass (checking for obvious problems).
Checking module smoke_top...
Found and reported 0 problems.

6. Executing JSON backend.

End of script. Logfile hash: 982d50af9c, CPU: user 0.45s system 0.01s, MEM: 20.25 MB peak
Yosys 0.33 (git sha1 2584903a060)
Time spent: 57% 15x read_verilog (0 sec), 11% 1x abc (0 sec), ...
