cd lean && lake build
info: downloading component 'lean'
info: installing component 'lean'
✔ [2/11] Built LeanVMBMinCore.Address (411ms)
✔ [3/11] Built LeanVMBMinCore.Memory (628ms)
✔ [4/11] Built LeanVMBMinCore.GHASH128 (809ms)
✔ [5/11] Built LeanVMBMinCore.Stream (840ms)
✔ [6/11] Built LeanVMBMinCore.Optimality (815ms)
⚠ [7/11] Built LeanVMBMinCore.Deref (396ms)
warning: LeanVMBMinCore/Deref.lean:79:21: This simp argument is unused:
  Ne.symm h

Hint: Omit it from the simp argument list.
  simp [writeRaw, h,̵ ̵N̵e̵.̵s̵y̵m̵m̵ ̵h̵]

Note: This linter can be disabled with `set_option linter.unusedSimpArgs false`
warning: LeanVMBMinCore/Deref.lean:86:18: This simp argument is unused:
  h

Hint: Omit it from the simp argument list.
  simp [writeRaw, h̵,̵ ̵Ne.symm h]

Note: This linter can be disabled with `set_option linter.unusedSimpArgs false`
✔ [8/11] Built LeanVMBMinCore.GF8 (1.8s)
✔ [9/11] Built LeanVMBMinCore.ISA (407ms)
✔ [10/11] Built LeanVMBMinCore (257ms)
Build completed successfully (11 jobs).
cd lean && lake build LeanVMBMinCore
⚠ [6/10] Replayed LeanVMBMinCore.Deref
warning: LeanVMBMinCore/Deref.lean:79:21: This simp argument is unused:
  Ne.symm h

Hint: Omit it from the simp argument list.
  simp [writeRaw, h,̵ ̵N̵e̵.̵s̵y̵m̵m̵ ̵h̵]

Note: This linter can be disabled with `set_option linter.unusedSimpArgs false`
warning: LeanVMBMinCore/Deref.lean:86:18: This simp argument is unused:
  h

Hint: Omit it from the simp argument list.
  simp [writeRaw, h̵,̵ ̵Ne.symm h]

Note: This linter can be disabled with `set_option linter.unusedSimpArgs false`
Build completed successfully (10 jobs).
