
 /----------------------------------------------------------------------------\
 |                                                                            |
 |  yosys -- Yosys Open SYnthesis Suite                                       |
 |                                                                            |
 |  Copyright (C) 2012 - 2020  Claire Xenia Wolf <claire@yosyshq.com>         |
 |                                                                            |
 |  Permission to use, copy, modify, and/or distribute this software for any  |
 |  purpose with or without fee is hereby granted, provided that the above    |
 |  copyright notice and this permission notice appear in all copies.         |
 |                                                                            |
 |  THE SOFTWARE IS PROVIDED "AS IS" AND THE AUTHOR DISCLAIMS ALL WARRANTIES  |
 |  WITH REGARD TO THIS SOFTWARE INCLUDING ALL IMPLIED WARRANTIES OF          |
 |  MERCHANTABILITY AND FITNESS. IN NO EVENT SHALL THE AUTHOR BE LIABLE FOR   |
 |  ANY SPECIAL, DIRECT, INDIRECT, OR CONSEQUENTIAL DAMAGES OR ANY DAMAGES    |
 |  WHATSOEVER RESULTING FROM LOSS OF USE, DATA OR PROFITS, WHETHER IN AN     |
 |  ACTION OF CONTRACT, NEGLIGENCE OR OTHER TORTIOUS ACTION, ARISING OUT OF   |
 |  OR IN CONNECTION WITH THE USE OR PERFORMANCE OF THIS SOFTWARE.            |
 |                                                                            |
 \----------------------------------------------------------------------------/

 Yosys 0.33 (git sha1 2584903a060)


-- Executing script file `b1_packet_rx_fault.ys' --

1. Executing Verilog-2005 frontend: ../asic_core/rtl/lsc1_packet_rx.sv
Parsing formal SystemVerilog input from `../asic_core/rtl/lsc1_packet_rx.sv' to AST representation.
Generating RTLIL representation for module `\lsc1_packet_rx'.
Successfully finished Verilog frontend.

2. Executing Verilog-2005 frontend: b1_packet_rx_fault_formal.sv
Parsing formal SystemVerilog input from `b1_packet_rx_fault_formal.sv' to AST representation.
Generating RTLIL representation for module `\b1_packet_rx_fault_formal'.
Successfully finished Verilog frontend.

3. Executing PREP pass.

3.1. Executing HIERARCHY pass (managing design hierarchy).

3.1.1. Analyzing design hierarchy..
Top module:  \b1_packet_rx_fault_formal
Used module:     \lsc1_packet_rx

3.1.2. Analyzing design hierarchy..
Top module:  \b1_packet_rx_fault_formal
Used module:     \lsc1_packet_rx
Removed 0 unused modules.
Module b1_packet_rx_fault_formal directly or indirectly contains formal properties -> setting "keep" attribute.

3.2. Executing PROC pass (convert processes to netlists).

3.2.1. Executing PROC_CLEAN pass (remove empty switches from decision trees).
Cleaned up 0 empty switches.

3.2.2. Executing PROC_RMDEAD pass (remove dead branches from decision trees).
Marked 1 switch rules as full_case in process $proc$b1_packet_rx_fault_formal.sv:15$244 in module b1_packet_rx_fault_formal.
Marked 11 switch rules as full_case in process $proc$../asic_core/rtl/lsc1_packet_rx.sv:62$23 in module lsc1_packet_rx.
Removed a total of 0 dead cases.

3.2.3. Executing PROC_PRUNE pass (remove redundant assignments in processes).
Removed 1 redundant assignment.
Promoted 25 assignments to connections.

3.2.4. Executing PROC_INIT pass (extract init attributes).
Found init rule in `\b1_packet_rx_fault_formal.$proc$b1_packet_rx_fault_formal.sv:0$261'.
  Set init value: $formal$b1_packet_rx_fault_formal.sv:19$240_EN = 1'0
Found init rule in `\b1_packet_rx_fault_formal.$proc$b1_packet_rx_fault_formal.sv:0$259'.
  Set init value: $formal$b1_packet_rx_fault_formal.sv:18$239_EN = 1'0
Found init rule in `\b1_packet_rx_fault_formal.$proc$b1_packet_rx_fault_formal.sv:5$258'.
  Set init value: \phase = 3'000
Found init rule in `\b1_packet_rx_fault_formal.$proc$b1_packet_rx_fault_formal.sv:4$257'.
  Set init value: \rst_n = 1'0
Found init rule in `\b1_packet_rx_fault_formal.$proc$b1_packet_rx_fault_formal.sv:4$256'.
  Set init value: \clk = 1'0

3.2.5. Executing PROC_ARST pass (detect async resets in processes).

3.2.6. Executing PROC_ROM pass (convert switches to ROMs).
Converted 0 switches.
<suppressed ~16 debug messages>

3.2.7. Executing PROC_MUX pass (convert decision trees to multiplexers).
Creating decoders for process `\b1_packet_rx_fault_formal.$proc$b1_packet_rx_fault_formal.sv:0$261'.
Creating decoders for process `\b1_packet_rx_fault_formal.$proc$b1_packet_rx_fault_formal.sv:0$259'.
Creating decoders for process `\b1_packet_rx_fault_formal.$proc$b1_packet_rx_fault_formal.sv:5$258'.
Creating decoders for process `\b1_packet_rx_fault_formal.$proc$b1_packet_rx_fault_formal.sv:4$257'.
Creating decoders for process `\b1_packet_rx_fault_formal.$proc$b1_packet_rx_fault_formal.sv:4$256'.
Creating decoders for process `\b1_packet_rx_fault_formal.$proc$b1_packet_rx_fault_formal.sv:15$244'.
     1/6: $0\phase[2:0]
     2/6: $0$formal$b1_packet_rx_fault_formal.sv:18$239_EN[0:0]$246
     3/6: $0$formal$b1_packet_rx_fault_formal.sv:18$239_CHECK[0:0]$245
     4/6: $0$formal$b1_packet_rx_fault_formal.sv:19$240_EN[0:0]$248
     5/6: $0$formal$b1_packet_rx_fault_formal.sv:19$240_CHECK[0:0]$247
     6/6: $0\rst_n[0:0]
Creating decoders for process `\b1_packet_rx_fault_formal.$proc$b1_packet_rx_fault_formal.sv:6$241'.
Creating decoders for process `\lsc1_packet_rx.$proc$../asic_core/rtl/lsc1_packet_rx.sv:62$23'.
     1/89: $0\received_crc[31:0] [31:24]
     2/89: $0\received_crc[31:0] [23:16]
     3/89: $0\received_crc[31:0] [15:8]
     4/89: $0\received_crc[31:0] [7:0]
     5/89: $5$bitselwrite$data$../asic_core/rtl/lsc1_packet_rx.sv:127$7[2047:0]$185
     6/89: $5$bitselwrite$mask$../asic_core/rtl/lsc1_packet_rx.sv:127$6[2047:0]$184
     7/89: $5$bitselwrite$sel$../asic_core/rtl/lsc1_packet_rx.sv:127$8[31:0]$186
     8/89: $4\crc_byte$func$../asic_core/rtl/lsc1_packet_rx.sv:128$9.$result[31:0]$177
     9/89: $4\crc_byte$func$../asic_core/rtl/lsc1_packet_rx.sv:128$9.bit_index[31:0]$180
    10/89: $4\crc_byte$func$../asic_core/rtl/lsc1_packet_rx.sv:128$9.work[31:0]$181
    11/89: $4\crc_byte$func$../asic_core/rtl/lsc1_packet_rx.sv:128$9.data[7:0]$179
    12/89: $4\crc_byte$func$../asic_core/rtl/lsc1_packet_rx.sv:128$9.crc_in[31:0]$178
    13/89: $4$lookahead\frame_payload$22[2047:0]$182
    14/89: $4$bitselwrite$sel$../asic_core/rtl/lsc1_packet_rx.sv:127$8[31:0]$176
    15/89: $4$bitselwrite$data$../asic_core/rtl/lsc1_packet_rx.sv:127$7[2047:0]$175
    16/89: $4$bitselwrite$mask$../asic_core/rtl/lsc1_packet_rx.sv:127$6[2047:0]$174
    17/89: $0\declared_length[15:0] [15:8]
    18/89: $0\declared_length[15:0] [7:0]
    19/89: $4\crc_byte$func$../asic_core/rtl/lsc1_packet_rx.sv:98$3.bit_index[31:0]$103
    20/89: $4\crc_byte$func$../asic_core/rtl/lsc1_packet_rx.sv:98$3.data[7:0]$102
    21/89: $4\crc_byte$func$../asic_core/rtl/lsc1_packet_rx.sv:98$3.$result[31:0]$101
    22/89: $3\crc_byte$func$../asic_core/rtl/lsc1_packet_rx.sv:98$3.work[31:0]$85
    23/89: $3\crc_byte$func$../asic_core/rtl/lsc1_packet_rx.sv:98$3.bit_index[31:0]$84
    24/89: $3\crc_byte$func$../asic_core/rtl/lsc1_packet_rx.sv:98$3.data[7:0]$83
    25/89: $3\crc_byte$func$../asic_core/rtl/lsc1_packet_rx.sv:98$3.$result[31:0]$82
    26/89: $3$lookahead\frame_payload$22[2047:0]$99
    27/89: $3\crc_byte$func$../asic_core/rtl/lsc1_packet_rx.sv:128$9.work[31:0]$98
    28/89: $3\crc_byte$func$../asic_core/rtl/lsc1_packet_rx.sv:128$9.bit_index[31:0]$97
    29/89: $3\crc_byte$func$../asic_core/rtl/lsc1_packet_rx.sv:128$9.data[7:0]$96
    30/89: $3\crc_byte$func$../asic_core/rtl/lsc1_packet_rx.sv:128$9.crc_in[31:0]$95
    31/89: $3\crc_byte$func$../asic_core/rtl/lsc1_packet_rx.sv:128$9.$result[31:0]$94
    32/89: $3$bitselwrite$sel$../asic_core/rtl/lsc1_packet_rx.sv:127$8[31:0]$93
    33/89: $3$bitselwrite$data$../asic_core/rtl/lsc1_packet_rx.sv:127$7[2047:0]$92
    34/89: $3$bitselwrite$mask$../asic_core/rtl/lsc1_packet_rx.sv:127$6[2047:0]$91
    35/89: $3\crc_byte$func$../asic_core/rtl/lsc1_packet_rx.sv:104$4.work[31:0]$90
    36/89: $3\crc_byte$func$../asic_core/rtl/lsc1_packet_rx.sv:104$4.bit_index[31:0]$89
    37/89: $3\crc_byte$func$../asic_core/rtl/lsc1_packet_rx.sv:104$4.data[7:0]$88
    38/89: $3\crc_byte$func$../asic_core/rtl/lsc1_packet_rx.sv:104$4.crc_in[31:0]$87
    39/89: $3\crc_byte$func$../asic_core/rtl/lsc1_packet_rx.sv:104$4.$result[31:0]$86
    40/89: $2$lookahead\frame_payload$22[2047:0]$81
    41/89: $2\crc_byte$func$../asic_core/rtl/lsc1_packet_rx.sv:128$9.work[31:0]$80
    42/89: $2\crc_byte$func$../asic_core/rtl/lsc1_packet_rx.sv:128$9.bit_index[31:0]$79
    43/89: $2\crc_byte$func$../asic_core/rtl/lsc1_packet_rx.sv:128$9.data[7:0]$78
    44/89: $2\crc_byte$func$../asic_core/rtl/lsc1_packet_rx.sv:128$9.crc_in[31:0]$77
    45/89: $2\crc_byte$func$../asic_core/rtl/lsc1_packet_rx.sv:128$9.$result[31:0]$76
    46/89: $2$bitselwrite$sel$../asic_core/rtl/lsc1_packet_rx.sv:127$8[31:0]$75
    47/89: $2$bitselwrite$data$../asic_core/rtl/lsc1_packet_rx.sv:127$7[2047:0]$74
    48/89: $2$bitselwrite$mask$../asic_core/rtl/lsc1_packet_rx.sv:127$6[2047:0]$73
    49/89: $2\crc_byte$func$../asic_core/rtl/lsc1_packet_rx.sv:104$4.work[31:0]$72
    50/89: $2\crc_byte$func$../asic_core/rtl/lsc1_packet_rx.sv:104$4.bit_index[31:0]$71
    51/89: $2\crc_byte$func$../asic_core/rtl/lsc1_packet_rx.sv:104$4.data[7:0]$70
    52/89: $2\crc_byte$func$../asic_core/rtl/lsc1_packet_rx.sv:104$4.crc_in[31:0]$69
    53/89: $2\crc_byte$func$../asic_core/rtl/lsc1_packet_rx.sv:104$4.$result[31:0]$68
    54/89: $2\crc_byte$func$../asic_core/rtl/lsc1_packet_rx.sv:98$3.work[31:0]$67
    55/89: $2\crc_byte$func$../asic_core/rtl/lsc1_packet_rx.sv:98$3.bit_index[31:0]$66
    56/89: $2\crc_byte$func$../asic_core/rtl/lsc1_packet_rx.sv:98$3.data[7:0]$65
    57/89: $2\crc_byte$func$../asic_core/rtl/lsc1_packet_rx.sv:98$3.$result[31:0]$64
    58/89: $1$lookahead\frame_payload$22[2047:0]$61
    59/89: $1\crc_byte$func$../asic_core/rtl/lsc1_packet_rx.sv:128$9.work[31:0]$60
    60/89: $1\crc_byte$func$../asic_core/rtl/lsc1_packet_rx.sv:128$9.bit_index[31:0]$59
    61/89: $1\crc_byte$func$../asic_core/rtl/lsc1_packet_rx.sv:128$9.data[7:0]$58
    62/89: $1\crc_byte$func$../asic_core/rtl/lsc1_packet_rx.sv:128$9.crc_in[31:0]$57
    63/89: $1\crc_byte$func$../asic_core/rtl/lsc1_packet_rx.sv:128$9.$result[31:0]$56
    64/89: $1$bitselwrite$sel$../asic_core/rtl/lsc1_packet_rx.sv:127$8[31:0]$55
    65/89: $1$bitselwrite$data$../asic_core/rtl/lsc1_packet_rx.sv:127$7[2047:0]$54
    66/89: $1$bitselwrite$mask$../asic_core/rtl/lsc1_packet_rx.sv:127$6[2047:0]$53
    67/89: $1\crc_byte$func$../asic_core/rtl/lsc1_packet_rx.sv:104$4.work[31:0]$52
    68/89: $1\crc_byte$func$../asic_core/rtl/lsc1_packet_rx.sv:104$4.bit_index[31:0]$51
    69/89: $1\crc_byte$func$../asic_core/rtl/lsc1_packet_rx.sv:104$4.data[7:0]$50
    70/89: $1\crc_byte$func$../asic_core/rtl/lsc1_packet_rx.sv:104$4.crc_in[31:0]$49
    71/89: $1\crc_byte$func$../asic_core/rtl/lsc1_packet_rx.sv:104$4.$result[31:0]$48
    72/89: $1\crc_byte$func$../asic_core/rtl/lsc1_packet_rx.sv:98$3.work[31:0]$47
    73/89: $1\crc_byte$func$../asic_core/rtl/lsc1_packet_rx.sv:98$3.bit_index[31:0]$46
    74/89: $1\crc_byte$func$../asic_core/rtl/lsc1_packet_rx.sv:98$3.data[7:0]$45
    75/89: $1\crc_byte$func$../asic_core/rtl/lsc1_packet_rx.sv:98$3.$result[31:0]$44
    76/89: $5$lookahead\frame_payload$22[2047:0]$187
    77/89: $0\crc[31:0]
    78/89: $0\flags[7:0]
    79/89: $0\opcode[7:0]
    80/89: $0\version[7:0]
    81/89: $4\crc_byte$func$../asic_core/rtl/lsc1_packet_rx.sv:98$3.work[31:0]$104
    82/89: $0\body_index[15:0]
    83/89: $0\header_index[2:0]
    84/89: $0\state[2:0]
    85/89: $0\fault_status[7:0]
    86/89: $0\fault_valid[0:0]
    87/89: $0\frame_length[15:0]
    88/89: $0\frame_opcode[7:0]
    89/89: $0\frame_valid[0:0]

3.2.8. Executing PROC_DLATCH pass (convert process syncs to latches).

3.2.9. Executing PROC_DFF pass (convert process syncs to FFs).
Creating register for signal `\b1_packet_rx_fault_formal.\rst_n' using process `\b1_packet_rx_fault_formal.$proc$b1_packet_rx_fault_formal.sv:15$244'.
  created $dff cell `$procdff$1205' with positive edge clock.
Creating register for signal `\b1_packet_rx_fault_formal.\phase' using process `\b1_packet_rx_fault_formal.$proc$b1_packet_rx_fault_formal.sv:15$244'.
  created $dff cell `$procdff$1206' with positive edge clock.
Creating register for signal `\b1_packet_rx_fault_formal.$formal$b1_packet_rx_fault_formal.sv:18$239_CHECK' using process `\b1_packet_rx_fault_formal.$proc$b1_packet_rx_fault_formal.sv:15$244'.
  created $dff cell `$procdff$1207' with positive edge clock.
Creating register for signal `\b1_packet_rx_fault_formal.$formal$b1_packet_rx_fault_formal.sv:18$239_EN' using process `\b1_packet_rx_fault_formal.$proc$b1_packet_rx_fault_formal.sv:15$244'.
  created $dff cell `$procdff$1208' with positive edge clock.
Creating register for signal `\b1_packet_rx_fault_formal.$formal$b1_packet_rx_fault_formal.sv:19$240_CHECK' using process `\b1_packet_rx_fault_formal.$proc$b1_packet_rx_fault_formal.sv:15$244'.
  created $dff cell `$procdff$1209' with positive edge clock.
Creating register for signal `\b1_packet_rx_fault_formal.$formal$b1_packet_rx_fault_formal.sv:19$240_EN' using process `\b1_packet_rx_fault_formal.$proc$b1_packet_rx_fault_formal.sv:15$244'.
  created $dff cell `$procdff$1210' with positive edge clock.
Creating register for signal `\b1_packet_rx_fault_formal.\clk' using process `\b1_packet_rx_fault_formal.$proc$b1_packet_rx_fault_formal.sv:6$241'.
  created $ff cell `$procdff$1211' with global clock.
Creating register for signal `\lsc1_packet_rx.\frame_valid' using process `\lsc1_packet_rx.$proc$../asic_core/rtl/lsc1_packet_rx.sv:62$23'.
  created $dff cell `$procdff$1212' with positive edge clock.
Creating register for signal `\lsc1_packet_rx.\frame_opcode' using process `\lsc1_packet_rx.$proc$../asic_core/rtl/lsc1_packet_rx.sv:62$23'.
  created $dff cell `$procdff$1213' with positive edge clock.
Creating register for signal `\lsc1_packet_rx.\frame_length' using process `\lsc1_packet_rx.$proc$../asic_core/rtl/lsc1_packet_rx.sv:62$23'.
  created $dff cell `$procdff$1214' with positive edge clock.
Creating register for signal `\lsc1_packet_rx.\frame_payload' using process `\lsc1_packet_rx.$proc$../asic_core/rtl/lsc1_packet_rx.sv:62$23'.
  created $dff cell `$procdff$1215' with positive edge clock.
Creating register for signal `\lsc1_packet_rx.\fault_valid' using process `\lsc1_packet_rx.$proc$../asic_core/rtl/lsc1_packet_rx.sv:62$23'.
  created $dff cell `$procdff$1216' with positive edge clock.
Creating register for signal `\lsc1_packet_rx.\fault_status' using process `\lsc1_packet_rx.$proc$../asic_core/rtl/lsc1_packet_rx.sv:62$23'.
  created $dff cell `$procdff$1217' with positive edge clock.
Creating register for signal `\lsc1_packet_rx.\state' using process `\lsc1_packet_rx.$proc$../asic_core/rtl/lsc1_packet_rx.sv:62$23'.
  created $dff cell `$procdff$1218' with positive edge clock.
Creating register for signal `\lsc1_packet_rx.\header_index' using process `\lsc1_packet_rx.$proc$../asic_core/rtl/lsc1_packet_rx.sv:62$23'.
  created $dff cell `$procdff$1219' with positive edge clock.
Creating register for signal `\lsc1_packet_rx.\body_index' using process `\lsc1_packet_rx.$proc$../asic_core/rtl/lsc1_packet_rx.sv:62$23'.
  created $dff cell `$procdff$1220' with positive edge clock.
Creating register for signal `\lsc1_packet_rx.\declared_length' using process `\lsc1_packet_rx.$proc$../asic_core/rtl/lsc1_packet_rx.sv:62$23'.
  created $dff cell `$procdff$1221' with positive edge clock.
Creating register for signal `\lsc1_packet_rx.\version' using process `\lsc1_packet_rx.$proc$../asic_core/rtl/lsc1_packet_rx.sv:62$23'.
  created $dff cell `$procdff$1222' with positive edge clock.
Creating register for signal `\lsc1_packet_rx.\opcode' using process `\lsc1_packet_rx.$proc$../asic_core/rtl/lsc1_packet_rx.sv:62$23'.
  created $dff cell `$procdff$1223' with positive edge clock.
Creating register for signal `\lsc1_packet_rx.\flags' using process `\lsc1_packet_rx.$proc$../asic_core/rtl/lsc1_packet_rx.sv:62$23'.
  created $dff cell `$procdff$1224' with positive edge clock.
Creating register for signal `\lsc1_packet_rx.\crc' using process `\lsc1_packet_rx.$proc$../asic_core/rtl/lsc1_packet_rx.sv:62$23'.
  created $dff cell `$procdff$1225' with positive edge clock.
Creating register for signal `\lsc1_packet_rx.\received_crc' using process `\lsc1_packet_rx.$proc$../asic_core/rtl/lsc1_packet_rx.sv:62$23'.
  created $dff cell `$procdff$1226' with positive edge clock.
Creating register for signal `\lsc1_packet_rx.\crc_byte$func$../asic_core/rtl/lsc1_packet_rx.sv:98$3.$result' using process `\lsc1_packet_rx.$proc$../asic_core/rtl/lsc1_packet_rx.sv:62$23'.
  created $dff cell `$procdff$1227' with positive edge clock.
Creating register for signal `\lsc1_packet_rx.\crc_byte$func$../asic_core/rtl/lsc1_packet_rx.sv:98$3.data' using process `\lsc1_packet_rx.$proc$../asic_core/rtl/lsc1_packet_rx.sv:62$23'.
  created $dff cell `$procdff$1228' with positive edge clock.
Creating register for signal `\lsc1_packet_rx.\crc_byte$func$../asic_core/rtl/lsc1_packet_rx.sv:98$3.bit_index' using process `\lsc1_packet_rx.$proc$../asic_core/rtl/lsc1_packet_rx.sv:62$23'.
  created $dff cell `$procdff$1229' with positive edge clock.
Creating register for signal `\lsc1_packet_rx.\crc_byte$func$../asic_core/rtl/lsc1_packet_rx.sv:98$3.work' using process `\lsc1_packet_rx.$proc$../asic_core/rtl/lsc1_packet_rx.sv:62$23'.
  created $dff cell `$procdff$1230' with positive edge clock.
Creating register for signal `\lsc1_packet_rx.\crc_byte$func$../asic_core/rtl/lsc1_packet_rx.sv:104$4.$result' using process `\lsc1_packet_rx.$proc$../asic_core/rtl/lsc1_packet_rx.sv:62$23'.
  created $dff cell `$procdff$1231' with positive edge clock.
Creating register for signal `\lsc1_packet_rx.\crc_byte$func$../asic_core/rtl/lsc1_packet_rx.sv:104$4.crc_in' using process `\lsc1_packet_rx.$proc$../asic_core/rtl/lsc1_packet_rx.sv:62$23'.
  created $dff cell `$procdff$1232' with positive edge clock.
Creating register for signal `\lsc1_packet_rx.\crc_byte$func$../asic_core/rtl/lsc1_packet_rx.sv:104$4.data' using process `\lsc1_packet_rx.$proc$../asic_core/rtl/lsc1_packet_rx.sv:62$23'.
  created $dff cell `$procdff$1233' with positive edge clock.
Creating register for signal `\lsc1_packet_rx.\crc_byte$func$../asic_core/rtl/lsc1_packet_rx.sv:104$4.bit_index' using process `\lsc1_packet_rx.$proc$../asic_core/rtl/lsc1_packet_rx.sv:62$23'.
  created $dff cell `$procdff$1234' with positive edge clock.
Creating register for signal `\lsc1_packet_rx.\crc_byte$func$../asic_core/rtl/lsc1_packet_rx.sv:104$4.work' using process `\lsc1_packet_rx.$proc$../asic_core/rtl/lsc1_packet_rx.sv:62$23'.
  created $dff cell `$procdff$1235' with positive edge clock.
Creating register for signal `\lsc1_packet_rx.$bitselwrite$mask$../asic_core/rtl/lsc1_packet_rx.sv:127$6' using process `\lsc1_packet_rx.$proc$../asic_core/rtl/lsc1_packet_rx.sv:62$23'.
  created $dff cell `$procdff$1236' with positive edge clock.
Creating register for signal `\lsc1_packet_rx.$bitselwrite$data$../asic_core/rtl/lsc1_packet_rx.sv:127$7' using process `\lsc1_packet_rx.$proc$../asic_core/rtl/lsc1_packet_rx.sv:62$23'.
  created $dff cell `$procdff$1237' with positive edge clock.
Creating register for signal `\lsc1_packet_rx.$bitselwrite$sel$../asic_core/rtl/lsc1_packet_rx.sv:127$8' using process `\lsc1_packet_rx.$proc$../asic_core/rtl/lsc1_packet_rx.sv:62$23'.
  created $dff cell `$procdff$1238' with positive edge clock.
Creating register for signal `\lsc1_packet_rx.\crc_byte$func$../asic_core/rtl/lsc1_packet_rx.sv:128$9.$result' using process `\lsc1_packet_rx.$proc$../asic_core/rtl/lsc1_packet_rx.sv:62$23'.
  created $dff cell `$procdff$1239' with positive edge clock.
Creating register for signal `\lsc1_packet_rx.\crc_byte$func$../asic_core/rtl/lsc1_packet_rx.sv:128$9.crc_in' using process `\lsc1_packet_rx.$proc$../asic_core/rtl/lsc1_packet_rx.sv:62$23'.
  created $dff cell `$procdff$1240' with positive edge clock.
Creating register for signal `\lsc1_packet_rx.\crc_byte$func$../asic_core/rtl/lsc1_packet_rx.sv:128$9.data' using process `\lsc1_packet_rx.$proc$../asic_core/rtl/lsc1_packet_rx.sv:62$23'.
  created $dff cell `$procdff$1241' with positive edge clock.
Creating register for signal `\lsc1_packet_rx.\crc_byte$func$../asic_core/rtl/lsc1_packet_rx.sv:128$9.bit_index' using process `\lsc1_packet_rx.$proc$../asic_core/rtl/lsc1_packet_rx.sv:62$23'.
  created $dff cell `$procdff$1242' with positive edge clock.
Creating register for signal `\lsc1_packet_rx.\crc_byte$func$../asic_core/rtl/lsc1_packet_rx.sv:128$9.work' using process `\lsc1_packet_rx.$proc$../asic_core/rtl/lsc1_packet_rx.sv:62$23'.
  created $dff cell `$procdff$1243' with positive edge clock.
Creating register for signal `\lsc1_packet_rx.$lookahead\frame_payload$22' using process `\lsc1_packet_rx.$proc$../asic_core/rtl/lsc1_packet_rx.sv:62$23'.
  created $dff cell `$procdff$1244' with positive edge clock.

3.2.10. Executing PROC_MEMWR pass (convert process memory writes to cells).

3.2.11. Executing PROC_CLEAN pass (remove empty switches from decision trees).
Removing empty process `b1_packet_rx_fault_formal.$proc$b1_packet_rx_fault_formal.sv:0$261'.
Removing empty process `b1_packet_rx_fault_formal.$proc$b1_packet_rx_fault_formal.sv:0$259'.
Removing empty process `b1_packet_rx_fault_formal.$proc$b1_packet_rx_fault_formal.sv:5$258'.
Removing empty process `b1_packet_rx_fault_formal.$proc$b1_packet_rx_fault_formal.sv:4$257'.
Removing empty process `b1_packet_rx_fault_formal.$proc$b1_packet_rx_fault_formal.sv:4$256'.
Found and cleaned up 2 empty switches in `\b1_packet_rx_fault_formal.$proc$b1_packet_rx_fault_formal.sv:15$244'.
Removing empty process `b1_packet_rx_fault_formal.$proc$b1_packet_rx_fault_formal.sv:15$244'.
Removing empty process `b1_packet_rx_fault_formal.$proc$b1_packet_rx_fault_formal.sv:6$241'.
Found and cleaned up 14 empty switches in `\lsc1_packet_rx.$proc$../asic_core/rtl/lsc1_packet_rx.sv:62$23'.
Removing empty process `lsc1_packet_rx.$proc$../asic_core/rtl/lsc1_packet_rx.sv:62$23'.
Cleaned up 16 empty switches.

3.2.12. Executing OPT_EXPR pass (perform const folding).
Optimizing module b1_packet_rx_fault_formal.
<suppressed ~1 debug messages>
Optimizing module lsc1_packet_rx.
<suppressed ~98 debug messages>

3.3. Executing OPT_EXPR pass (perform const folding).
Optimizing module b1_packet_rx_fault_formal.
Optimizing module lsc1_packet_rx.

3.4. Executing OPT_CLEAN pass (remove unused cells and wires).
Finding unused cells or wires in module \b1_packet_rx_fault_formal..
Finding unused cells or wires in module \lsc1_packet_rx..
Removed 215 unused cells and 615 unused wires.
<suppressed ~228 debug messages>

3.5. Executing CHECK pass (checking for obvious problems).
Checking module b1_packet_rx_fault_formal...
Checking module lsc1_packet_rx...
Found and reported 0 problems.

3.6. Executing OPT pass (performing simple optimizations).

3.6.1. Executing OPT_EXPR pass (perform const folding).
Optimizing module b1_packet_rx_fault_formal.
Optimizing module lsc1_packet_rx.

3.6.2. Executing OPT_MERGE pass (detect identical cells).
Finding identical cells in module `\b1_packet_rx_fault_formal'.
Finding identical cells in module `\lsc1_packet_rx'.
<suppressed ~156 debug messages>
Removed a total of 52 cells.

3.6.3. Executing OPT_MUXTREE pass (detect dead branches in mux trees).
Running muxtree optimizer on module \b1_packet_rx_fault_formal..
  Creating internal representation of mux trees.
  Evaluating internal representation of mux trees.
  Analyzing evaluation results.
Running muxtree optimizer on module \lsc1_packet_rx..
  Creating internal representation of mux trees.
  Evaluating internal representation of mux trees.
  Analyzing evaluation results.
    dead port 2/2 on $mux $procmux$453.
    dead port 2/2 on $mux $procmux$455.
    dead port 1/2 on $mux $procmux$458.
    dead port 2/2 on $mux $procmux$614.
    dead port 1/2 on $mux $procmux$617.
    dead port 1/2 on $mux $procmux$745.
    dead port 2/2 on $mux $procmux$909.
    dead port 2/2 on $mux $procmux$911.
    dead port 2/2 on $mux $procmux$913.
    dead port 1/2 on $mux $procmux$916.
Removed 10 multiplexer ports.
<suppressed ~49 debug messages>

3.6.4. Executing OPT_REDUCE pass (consolidate $*mux and $reduce_* inputs).
  Optimizing cells in module \b1_packet_rx_fault_formal.
  Optimizing cells in module \lsc1_packet_rx.
    New ctrl vector for $pmux cell $procmux$1048: { $auto$opt_reduce.cc:134:opt_pmux$1296 $procmux$1003_CMP }
  Optimizing cells in module \lsc1_packet_rx.
Performed a total of 1 changes.

3.6.5. Executing OPT_MERGE pass (detect identical cells).
Finding identical cells in module `\b1_packet_rx_fault_formal'.
<suppressed ~6 debug messages>
Finding identical cells in module `\lsc1_packet_rx'.
<suppressed ~45 debug messages>
Removed a total of 17 cells.

3.6.6. Executing OPT_CLEAN pass (remove unused cells and wires).
Finding unused cells or wires in module \b1_packet_rx_fault_formal..
Finding unused cells or wires in module \lsc1_packet_rx..
Removed 0 unused cells and 87 unused wires.
<suppressed ~2 debug messages>

3.6.7. Executing OPT_EXPR pass (perform const folding).
Optimizing module b1_packet_rx_fault_formal.
Optimizing module lsc1_packet_rx.

3.6.8. Rerunning OPT passes. (Maybe there is more to do..)

3.6.9. Executing OPT_MUXTREE pass (detect dead branches in mux trees).
Running muxtree optimizer on module \b1_packet_rx_fault_formal..
  Creating internal representation of mux trees.
  Evaluating internal representation of mux trees.
  Analyzing evaluation results.
Running muxtree optimizer on module \lsc1_packet_rx..
  Creating internal representation of mux trees.
  Evaluating internal representation of mux trees.
  Analyzing evaluation results.
Removed 0 multiplexer ports.
<suppressed ~42 debug messages>

3.6.10. Executing OPT_REDUCE pass (consolidate $*mux and $reduce_* inputs).
  Optimizing cells in module \b1_packet_rx_fault_formal.
  Optimizing cells in module \lsc1_packet_rx.
Performed a total of 0 changes.

3.6.11. Executing OPT_MERGE pass (detect identical cells).
Finding identical cells in module `\b1_packet_rx_fault_formal'.
Finding identical cells in module `\lsc1_packet_rx'.
Removed a total of 0 cells.

3.6.12. Executing OPT_CLEAN pass (remove unused cells and wires).
Finding unused cells or wires in module \b1_packet_rx_fault_formal..
Finding unused cells or wires in module \lsc1_packet_rx..

3.6.13. Executing OPT_EXPR pass (perform const folding).
Optimizing module b1_packet_rx_fault_formal.
Optimizing module lsc1_packet_rx.

3.6.14. Finished OPT passes. (There is nothing left to do.)

3.7. Executing WREDUCE pass (reducing word size of cells).
Removed top 2 bits (of 3) from port B of cell b1_packet_rx_fault_formal.$eq$b1_packet_rx_fault_formal.sv:7$243 ($eq).
Removed top 1 bits (of 3) from port B of cell b1_packet_rx_fault_formal.$eq$b1_packet_rx_fault_formal.sv:18$251 ($eq).
Removed top 1 bits (of 3) from port B of cell lsc1_packet_rx.$ne$../asic_core/rtl/lsc1_packet_rx.sv:51$16 ($ne).
Removed top 24 bits (of 32) from port A of cell lsc1_packet_rx.$auto$opt_expr.cc:706:replace_const_cells$1245 ($not).
Removed top 1 bits (of 14) from port A of cell lsc1_packet_rx.$auto$opt_expr.cc:706:replace_const_cells$1247 ($not).
Removed top 1 bits (of 14) from port A of cell lsc1_packet_rx.$auto$opt_expr.cc:706:replace_const_cells$1249 ($not).
Removed top 1 bits (of 14) from port A of cell lsc1_packet_rx.$auto$opt_expr.cc:706:replace_const_cells$1251 ($not).
Removed top 1 bits (of 14) from port A of cell lsc1_packet_rx.$auto$opt_expr.cc:706:replace_const_cells$1253 ($not).
Removed top 1 bits (of 14) from port A of cell lsc1_packet_rx.$auto$opt_expr.cc:706:replace_const_cells$1255 ($not).
Removed top 1 bits (of 14) from port A of cell lsc1_packet_rx.$auto$opt_expr.cc:706:replace_const_cells$1257 ($not).
Removed top 1 bits (of 14) from port A of cell lsc1_packet_rx.$auto$opt_expr.cc:706:replace_const_cells$1259 ($not).
Removed top 1 bits (of 14) from port A of cell lsc1_packet_rx.$auto$opt_expr.cc:706:replace_const_cells$1261 ($not).
Removed top 1 bits (of 14) from port A of cell lsc1_packet_rx.$auto$opt_expr.cc:706:replace_const_cells$1263 ($not).
Removed top 1 bits (of 14) from port A of cell lsc1_packet_rx.$auto$opt_expr.cc:706:replace_const_cells$1265 ($not).
Removed top 1 bits (of 14) from port A of cell lsc1_packet_rx.$auto$opt_expr.cc:706:replace_const_cells$1267 ($not).
Removed top 1 bits (of 14) from port A of cell lsc1_packet_rx.$auto$opt_expr.cc:706:replace_const_cells$1269 ($not).
Removed top 1 bits (of 14) from port A of cell lsc1_packet_rx.$auto$opt_expr.cc:706:replace_const_cells$1271 ($not).
Removed top 1 bits (of 14) from port A of cell lsc1_packet_rx.$auto$opt_expr.cc:706:replace_const_cells$1273 ($not).
Removed top 1 bits (of 14) from port A of cell lsc1_packet_rx.$auto$opt_expr.cc:706:replace_const_cells$1275 ($not).
Removed top 1 bits (of 14) from port A of cell lsc1_packet_rx.$auto$opt_expr.cc:706:replace_const_cells$1277 ($not).
Removed top 7 bits (of 16) from port B of cell lsc1_packet_rx.$gt$../asic_core/rtl/lsc1_packet_rx.sv:113$171 ($gt).
Removed top 7 bits (of 16) from port B of cell lsc1_packet_rx.$lt$../asic_core/rtl/lsc1_packet_rx.sv:126$183 ($lt).
Removed top 28 bits (of 32) from port B of cell lsc1_packet_rx.$mul$../asic_core/rtl/lsc1_packet_rx.sv:127$188 ($mul).
Removed top 12 bits (of 32) from port Y of cell lsc1_packet_rx.$mul$../asic_core/rtl/lsc1_packet_rx.sv:127$188 ($mul).
Removed top 12 bits (of 32) from port A of cell lsc1_packet_rx.$add$../asic_core/rtl/lsc1_packet_rx.sv:0$189 ($add).
Removed top 31 bits (of 32) from port B of cell lsc1_packet_rx.$add$../asic_core/rtl/lsc1_packet_rx.sv:0$189 ($add).
Removed top 11 bits (of 32) from port Y of cell lsc1_packet_rx.$add$../asic_core/rtl/lsc1_packet_rx.sv:0$189 ($add).
Removed top 11 bits (of 33) from port A of cell lsc1_packet_rx.$sub$../asic_core/rtl/lsc1_packet_rx.sv:0$190 ($sub).
Removed top 31 bits (of 32) from port B of cell lsc1_packet_rx.$sub$../asic_core/rtl/lsc1_packet_rx.sv:0$190 ($sub).
Converting cell lsc1_packet_rx.$sub$../asic_core/rtl/lsc1_packet_rx.sv:0$190 ($sub) from signed to unsigned.
Removed top 10 bits (of 33) from port Y of cell lsc1_packet_rx.$sub$../asic_core/rtl/lsc1_packet_rx.sv:0$190 ($sub).
Removed top 1 bits (of 22) from port A of cell lsc1_packet_rx.$sub$../asic_core/rtl/lsc1_packet_rx.sv:0$190 ($sub).
Removed top 1 bits (of 23) from port Y of cell lsc1_packet_rx.$sub$../asic_core/rtl/lsc1_packet_rx.sv:0$190 ($sub).
Removed top 11 bits (of 33) from port A of cell lsc1_packet_rx.$neg$../asic_core/rtl/lsc1_packet_rx.sv:0$191 ($neg).
Removed top 15 bits (of 32) from port Y of cell lsc1_packet_rx.$sub$../asic_core/rtl/lsc1_packet_rx.sv:130$233 ($sub).
Removed top 7 bits (of 8) from port B of cell lsc1_packet_rx.$ne$../asic_core/rtl/lsc1_packet_rx.sv:138$236 ($ne).
Removed top 30 bits (of 32) from port B of cell lsc1_packet_rx.$procmux$296_CMP0 ($eq).
Removed top 31 bits (of 32) from port B of cell lsc1_packet_rx.$procmux$313_CMP0 ($eq).
Removed top 1 bits (of 3) from port B of cell lsc1_packet_rx.$procmux$1000_CMP0 ($eq).
Removed top 2 bits (of 3) from port B of cell lsc1_packet_rx.$procmux$1004_CMP0 ($eq).
Removed top 30 bits (of 32) from port B of cell lsc1_packet_rx.$procmux$1038_CMP0 ($eq).
Removed top 2 bits (of 3) from mux cell lsc1_packet_rx.$procmux$1046 ($mux).
Removed top 1 bits (of 3) from port B of cell lsc1_packet_rx.$procmux$1050_CMP0 ($eq).
Removed top 1 bits (of 3) from port B of cell lsc1_packet_rx.$procmux$1051_CMP0 ($eq).
Removed top 2 bits (of 3) from port B of cell lsc1_packet_rx.$procmux$1052_CMP0 ($eq).
Removed top 1 bits (of 3) from mux cell lsc1_packet_rx.$procmux$1056 ($mux).
Removed top 11 bits (of 32) from wire lsc1_packet_rx.$add$../asic_core/rtl/lsc1_packet_rx.sv:0$189_Y.
Removed top 12 bits (of 32) from wire lsc1_packet_rx.$mul$../asic_core/rtl/lsc1_packet_rx.sv:127$188_Y.
Removed top 2 bits (of 3) from wire lsc1_packet_rx.$procmux$1046_Y.
Removed top 1 bits (of 3) from wire lsc1_packet_rx.$procmux$1056_Y.
Removed top 1 bits (of 32) from wire lsc1_packet_rx.$shr$../asic_core/rtl/lsc1_packet_rx.sv:46$110_Y.
Removed top 1 bits (of 32) from wire lsc1_packet_rx.$shr$../asic_core/rtl/lsc1_packet_rx.sv:46$114_Y.
Removed top 1 bits (of 32) from wire lsc1_packet_rx.$shr$../asic_core/rtl/lsc1_packet_rx.sv:46$118_Y.
Removed top 1 bits (of 32) from wire lsc1_packet_rx.$shr$../asic_core/rtl/lsc1_packet_rx.sv:46$122_Y.
Removed top 1 bits (of 32) from wire lsc1_packet_rx.$shr$../asic_core/rtl/lsc1_packet_rx.sv:46$126_Y.
Removed top 1 bits (of 32) from wire lsc1_packet_rx.$shr$../asic_core/rtl/lsc1_packet_rx.sv:46$130_Y.
Removed top 1 bits (of 32) from wire lsc1_packet_rx.$shr$../asic_core/rtl/lsc1_packet_rx.sv:46$134_Y.
Removed top 1 bits (of 32) from wire lsc1_packet_rx.$shr$../asic_core/rtl/lsc1_packet_rx.sv:46$139_Y.
Removed top 1 bits (of 32) from wire lsc1_packet_rx.$shr$../asic_core/rtl/lsc1_packet_rx.sv:46$143_Y.
Removed top 1 bits (of 32) from wire lsc1_packet_rx.$shr$../asic_core/rtl/lsc1_packet_rx.sv:46$147_Y.
Removed top 1 bits (of 32) from wire lsc1_packet_rx.$shr$../asic_core/rtl/lsc1_packet_rx.sv:46$151_Y.
Removed top 1 bits (of 32) from wire lsc1_packet_rx.$shr$../asic_core/rtl/lsc1_packet_rx.sv:46$155_Y.
Removed top 1 bits (of 32) from wire lsc1_packet_rx.$shr$../asic_core/rtl/lsc1_packet_rx.sv:46$159_Y.
Removed top 1 bits (of 32) from wire lsc1_packet_rx.$shr$../asic_core/rtl/lsc1_packet_rx.sv:46$163_Y.
Removed top 1 bits (of 32) from wire lsc1_packet_rx.$shr$../asic_core/rtl/lsc1_packet_rx.sv:46$167_Y.
Removed top 31 bits (of 32) from wire lsc1_packet_rx.$ternary$../asic_core/rtl/lsc1_packet_rx.sv:46$109_Y.
Removed top 31 bits (of 32) from wire lsc1_packet_rx.$ternary$../asic_core/rtl/lsc1_packet_rx.sv:46$113_Y.
Removed top 31 bits (of 32) from wire lsc1_packet_rx.$ternary$../asic_core/rtl/lsc1_packet_rx.sv:46$117_Y.
Removed top 31 bits (of 32) from wire lsc1_packet_rx.$ternary$../asic_core/rtl/lsc1_packet_rx.sv:46$121_Y.
Removed top 31 bits (of 32) from wire lsc1_packet_rx.$ternary$../asic_core/rtl/lsc1_packet_rx.sv:46$125_Y.
Removed top 31 bits (of 32) from wire lsc1_packet_rx.$ternary$../asic_core/rtl/lsc1_packet_rx.sv:46$129_Y.
Removed top 31 bits (of 32) from wire lsc1_packet_rx.$ternary$../asic_core/rtl/lsc1_packet_rx.sv:46$133_Y.
Removed top 31 bits (of 32) from wire lsc1_packet_rx.$ternary$../asic_core/rtl/lsc1_packet_rx.sv:46$142_Y.
Removed top 31 bits (of 32) from wire lsc1_packet_rx.$ternary$../asic_core/rtl/lsc1_packet_rx.sv:46$146_Y.
Removed top 31 bits (of 32) from wire lsc1_packet_rx.$ternary$../asic_core/rtl/lsc1_packet_rx.sv:46$150_Y.
Removed top 31 bits (of 32) from wire lsc1_packet_rx.$ternary$../asic_core/rtl/lsc1_packet_rx.sv:46$154_Y.
Removed top 31 bits (of 32) from wire lsc1_packet_rx.$ternary$../asic_core/rtl/lsc1_packet_rx.sv:46$158_Y.
Removed top 31 bits (of 32) from wire lsc1_packet_rx.$ternary$../asic_core/rtl/lsc1_packet_rx.sv:46$162_Y.
Removed top 31 bits (of 32) from wire lsc1_packet_rx.$ternary$../asic_core/rtl/lsc1_packet_rx.sv:46$166_Y.
Removed top 31 bits (of 32) from wire lsc1_packet_rx.$xor$../asic_core/rtl/lsc1_packet_rx.sv:44$138_Y.

3.8. Executing OPT_CLEAN pass (remove unused cells and wires).
Finding unused cells or wires in module \b1_packet_rx_fault_formal..
Finding unused cells or wires in module \lsc1_packet_rx..
Removed 0 unused cells and 34 unused wires.
<suppressed ~1 debug messages>

3.9. Executing MEMORY_COLLECT pass (generating $mem cells).

3.10. Executing OPT pass (performing simple optimizations).

3.10.1. Executing OPT_EXPR pass (perform const folding).
Optimizing module b1_packet_rx_fault_formal.
Optimizing module lsc1_packet_rx.

3.10.2. Executing OPT_MERGE pass (detect identical cells).
Finding identical cells in module `\b1_packet_rx_fault_formal'.
Finding identical cells in module `\lsc1_packet_rx'.
Removed a total of 0 cells.

3.10.3. Executing OPT_CLEAN pass (remove unused cells and wires).
Finding unused cells or wires in module \b1_packet_rx_fault_formal..
Finding unused cells or wires in module \lsc1_packet_rx..

3.10.4. Finished fast OPT passes.

3.11. Printing statistics.

=== b1_packet_rx_fault_formal ===

   Number of wires:                 20
   Number of wire bits:             33
   Number of public wires:           6
   Number of public wire bits:      15
   Number of memories:               0
   Number of memory bits:            0
   Number of processes:              0
   Number of cells:                 21
     $add                            1
     $assert                         1
     $cover                          1
     $dff                            5
     $eq                             3
     $ff                             1
     $logic_and                      1
     $logic_not                      1
     $mux                            5
     $not                            1
     lsc1_packet_rx                  1

=== lsc1_packet_rx ===

   Number of wires:                228
   Number of wire bits:          25103
   Number of public wires:          24
   Number of public wire bits:    2224
   Number of memories:               0
   Number of memory bits:            0
   Number of processes:              0
   Number of cells:                211
     $add                            3
     $and                            1
     $dff                           15
     $eq                             9
     $gt                             1
     $logic_and                      5
     $logic_not                      6
     $logic_or                       3
     $lt                             2
     $mul                            1
     $mux                          120
     $ne                             4
     $neg                            1
     $not                           19
     $or                             1
     $pmux                          12
     $reduce_bool                    2
     $reduce_or                      1
     $shift                          2
     $sub                            2
     $xor                            1

=== design hierarchy ===

   b1_packet_rx_fault_formal         1
     lsc1_packet_rx                  1

   Number of wires:                248
   Number of wire bits:          25136
   Number of public wires:          30
   Number of public wire bits:    2239
   Number of memories:               0
   Number of memory bits:            0
   Number of processes:              0
   Number of cells:                231
     $add                            4
     $and                            1
     $assert                         1
     $cover                          1
     $dff                           20
     $eq                            12
     $ff                             1
     $gt                             1
     $logic_and                      6
     $logic_not                      7
     $logic_or                       3
     $lt                             2
     $mul                            1
     $mux                          125
     $ne                             4
     $neg                            1
     $not                           20
     $or                             1
     $pmux                          12
     $reduce_bool                    2
     $reduce_or                      1
     $shift                          2
     $sub                            2
     $xor                            1

3.12. Executing CHECK pass (checking for obvious problems).
Checking module b1_packet_rx_fault_formal...
Checking module lsc1_packet_rx...
Found and reported 0 problems.

4. Executing SMT2 backend.

4.1. Executing BMUXMAP pass.

4.2. Executing DEMUXMAP pass.
Creating SMT-LIBv2 representation of module lsc1_packet_rx.
Creating SMT-LIBv2 representation of module b1_packet_rx_fault_formal.

End of script. Logfile hash: 370dc5e6b8, CPU: user 6.22s system 0.07s, MEM: 70.60 MB peak
Yosys 0.33 (git sha1 2584903a060)
Time spent: 61% 1x proc_mux (3 sec), 11% 2x check (0 sec), ...
