##   0:00:00  Solver: cvc5
##   0:00:00  Checking assumptions in step 0..
##   0:00:00  Checking assertions in step 0..
##   0:00:00  Checking assumptions in step 1..
##   0:00:00  Checking assertions in step 1..
##   0:00:00  Checking assumptions in step 2..
##   0:00:00  Checking assertions in step 2..
##   0:00:00  Checking assumptions in step 3..
##   0:00:00  Checking assertions in step 3..
##   0:00:00  Checking assumptions in step 4..
##   0:00:01  Checking assertions in step 4..
##   0:00:01  Checking assumptions in step 5..
##   0:00:01  Checking assertions in step 5..
##   0:00:01  Checking assumptions in step 6..
##   0:00:02  Checking assertions in step 6..
##   0:00:02  Checking assumptions in step 7..
##   0:00:03  Checking assertions in step 7..
##   0:00:04  Checking assumptions in step 8..
##   0:00:05  Checking assertions in step 8..
##   0:00:05  Checking assumptions in step 9..
##   0:00:07  Checking assertions in step 9..
##   0:00:07  Checking assumptions in step 10..
##   0:00:07  Checking assertions in step 10..
##   0:00:07  BMC failed!
##   0:00:08  Assert failed in b1_packet_tx_equiv_formal: /tmp/tmp.nhwk2VMejB/mut.sv:82.45-83.61 ($assert$/tmp/tmp.nhwk2VMejB/mut.sv:82$339)
##   0:00:08  Status: FAILED
