PYTHONDONTWRITEBYTECODE=1 python3 -m unittest discover -s sim -v
test_commands (test_cycle_model.RandomBackpressureTests.test_commands) ... ok
test_exact_no_stall_latencies (test_cycle_model.RandomBackpressureTests.test_exact_no_stall_latencies) ... ok
test_invalid_command (test_cycle_model.RandomBackpressureTests.test_invalid_command) ... ok
test_a_malformed_field_operand_is_refused (test_host_runtime.AdapterTests.test_a_malformed_field_operand_is_refused) ... ok
test_a_mislabelled_slot_is_refused (test_host_runtime.AdapterTests.test_a_mislabelled_slot_is_refused) ... ok
test_a_non_frozen_upstream_is_refused (test_host_runtime.AdapterTests.test_a_non_frozen_upstream_is_refused) ... ok
test_a_non_power_of_two_bytecode_is_refused (test_host_runtime.AdapterTests.test_a_non_power_of_two_bytecode_is_refused) ... ok
test_an_unknown_opcode_is_refused (test_host_runtime.AdapterTests.test_an_unknown_opcode_is_refused) ... ok
test_host_package_imports_with_deferred_annotations_policy (test_host_runtime.AdapterTests.test_host_package_imports_with_deferred_annotations_policy) ... ok
test_malformed_initial_scalars_are_adapter_errors (test_host_runtime.AdapterTests.test_malformed_initial_scalars_are_adapter_errors) ... ok
test_malformed_u32_operands_are_adapter_errors (test_host_runtime.AdapterTests.test_malformed_u32_operands_are_adapter_errors) ... ok
test_missing_and_compound_operands_are_adapter_errors (test_host_runtime.AdapterTests.test_missing_and_compound_operands_are_adapter_errors) ... ok
test_pc0_outside_the_bytecode_is_refused (test_host_runtime.AdapterTests.test_pc0_outside_the_bytecode_is_refused) ... ok
test_pc_outside_the_program_is_refused (test_host_runtime.AdapterTests.test_pc_outside_the_program_is_refused) ... ok
test_the_checked_in_artifact_loads (test_host_runtime.AdapterTests.test_the_checked_in_artifact_loads) ... ok
test_wrong_schema_is_refused (test_host_runtime.AdapterTests.test_wrong_schema_is_refused) ... ok
test_cycles_are_not_claimed_equal_because_the_host_stops_early (test_host_runtime.FrozenUpstreamComparisonTests.test_cycles_are_not_claimed_equal_because_the_host_stops_early) ... ok
test_halted_run_missing_an_upstream_cell_is_a_mismatch (test_host_runtime.FrozenUpstreamComparisonTests.test_halted_run_missing_an_upstream_cell_is_a_mismatch) ... ok
test_halted_sparse_memory_treats_unwritten_cells_as_zero (test_host_runtime.FrozenUpstreamComparisonTests.test_halted_sparse_memory_treats_unwritten_cells_as_zero) ... ok
test_host_writes_agree_with_the_frozen_final_memory (test_host_runtime.FrozenUpstreamComparisonTests.test_host_writes_agree_with_the_frozen_final_memory) ... ok
test_live_probe_must_reproduce_recorded_execution (test_host_runtime.FrozenUpstreamComparisonTests.test_live_probe_must_reproduce_recorded_execution) ... ok
test_out_of_tree_artifact_fails_with_a_clean_domain_error (test_host_runtime.FrozenUpstreamComparisonTests.test_out_of_tree_artifact_fails_with_a_clean_domain_error) ... ok
test_step_limit_cannot_be_reported_as_a_match (test_host_runtime.FrozenUpstreamComparisonTests.test_step_limit_cannot_be_reported_as_a_match) ... ok
test_the_artifact_records_the_frozen_commit_and_its_public_interface_limits (test_host_runtime.FrozenUpstreamComparisonTests.test_the_artifact_records_the_frozen_commit_and_its_public_interface_limits) ... ok
test_the_host_covers_every_cell_the_frozen_run_touched (test_host_runtime.FrozenUpstreamComparisonTests.test_the_host_covers_every_cell_the_frozen_run_touched) ... ok
test_unsupported_suffix_is_prefix_match_never_full_match (test_host_runtime.FrozenUpstreamComparisonTests.test_unsupported_suffix_is_prefix_match_never_full_match) ... ok
test_deferred_equalities_propagate_and_detect_contradiction (test_host_runtime.HostMemoryTests.test_deferred_equalities_propagate_and_detect_contradiction) ... ok
test_deferred_equalities_propagate_to_a_fixed_point (test_host_runtime.HostMemoryTests.test_deferred_equalities_propagate_to_a_fixed_point) ... ok
test_field_inverse_round_trips (test_host_runtime.HostMemoryTests.test_field_inverse_round_trips) ... ok
test_public_input_seeds_the_first_two_cells (test_host_runtime.HostMemoryTests.test_public_input_seeds_the_first_two_cells) ... ok
test_write_once_accepts_the_same_value_and_rejects_a_different_one (test_host_runtime.HostMemoryTests.test_write_once_accepts_the_same_value_and_rejects_a_different_one) ... ok
test_a_non_g_power_has_no_index (test_host_runtime.PointerMapTests.test_a_non_g_power_has_no_index) ... ok
test_encode_and_reverse_agree (test_host_runtime.PointerMapTests.test_encode_and_reverse_agree) ... ok
test_index_beyond_the_v1_window_is_refused (test_host_runtime.PointerMapTests.test_index_beyond_the_v1_window_is_refused) ... ok
test_a_result_for_another_transaction_is_refused (test_host_runtime.ResultPayloadTests.test_a_result_for_another_transaction_is_refused) ... ok
test_a_truncated_payload_is_refused (test_host_runtime.ResultPayloadTests.test_a_truncated_payload_is_refused) ... ok
test_decode_matches_the_endpoint_encoding (test_host_runtime.ResultPayloadTests.test_decode_matches_the_endpoint_encoding) ... ok
test_poisoned_result_wrong_txn_id_is_protocol_violation (test_host_runtime.ResultPayloadTests.test_poisoned_result_wrong_txn_id_is_protocol_violation) ... ok
test_poisoned_stale_frame_regressions (test_host_runtime.ResultPayloadTests.test_poisoned_stale_frame_regressions)
Poisoned or stale frames (wrong txn, tampered CRC) must be refused; F1 binding preserved. ... ok
test_a_corrupted_response_is_not_reported_as_a_preparation_fault (test_host_runtime.RuntimeTests.test_a_corrupted_response_is_not_reported_as_a_preparation_fault) ... ok
test_a_duplicate_retire_against_the_real_endpoint_is_refused (test_host_runtime.RuntimeTests.test_a_duplicate_retire_against_the_real_endpoint_is_refused) ... ok
test_a_fault_bound_to_another_transaction_is_a_protocol_violation (test_host_runtime.RuntimeTests.test_a_fault_bound_to_another_transaction_is_a_protocol_violation) ... ok
test_a_fault_payload_of_the_wrong_size_is_a_protocol_violation (test_host_runtime.RuntimeTests.test_a_fault_payload_of_the_wrong_size_is_a_protocol_violation) ... ok
test_a_frame_level_retire_rejection_is_a_protocol_violation (test_host_runtime.RuntimeTests.test_a_frame_level_retire_rejection_is_a_protocol_violation) ... ok
test_a_frame_only_instruction_fault_binding_this_txn_is_still_refused (test_host_runtime.RuntimeTests.test_a_frame_only_instruction_fault_binding_this_txn_is_still_refused) ... ok
test_a_non_discarding_retire_fault_binding_this_txn_is_still_refused (test_host_runtime.RuntimeTests.test_a_non_discarding_retire_fault_binding_this_txn_is_still_refused) ... ok
test_a_non_fault_status_is_not_recorded_as_a_fault (test_host_runtime.RuntimeTests.test_a_non_fault_status_is_not_recorded_as_a_fault) ... ok
test_a_non_overflowing_address_is_not_a_preparation_fault (test_host_runtime.RuntimeTests.test_a_non_overflowing_address_is_not_a_preparation_fault) ... ok
test_a_non_retired_non_fault_status_is_not_recorded_as_a_fault (test_host_runtime.RuntimeTests.test_a_non_retired_non_fault_status_is_not_recorded_as_a_fault) ... ok
test_a_retire_fault_payload_of_the_wrong_size_is_a_protocol_violation (test_host_runtime.RuntimeTests.test_a_retire_fault_payload_of_the_wrong_size_is_a_protocol_violation) ... ok
test_a_well_formed_fault_is_still_attributed_to_the_step (test_host_runtime.RuntimeTests.test_a_well_formed_fault_is_still_attributed_to_the_step) ... ok
test_a_well_formed_retire_fault_is_still_attributed_to_the_step (test_host_runtime.RuntimeTests.test_a_well_formed_retire_fault_is_still_attributed_to_the_step) ... ok
test_a_write_conflict_is_reported_as_a_fault_not_applied (test_host_runtime.RuntimeTests.test_a_write_conflict_is_reported_as_a_fault_not_applied) ... ok
test_a_write_once_conflict_is_refused_before_retire_is_sent (test_host_runtime.RuntimeTests.test_a_write_once_conflict_is_refused_before_retire_is_sent) ... ok
test_a_write_outside_the_frame_is_refused_before_retire_is_sent (test_host_runtime.RuntimeTests.test_a_write_outside_the_frame_is_refused_before_retire_is_sent) ... ok
test_an_acceptable_write_batch_is_still_retired_and_applied (test_host_runtime.RuntimeTests.test_an_acceptable_write_batch_is_still_retired_and_applied)
Guards the two tests above from passing because RETIRE never happens. ... ok
test_an_access_outside_the_frame_is_refused_before_retire_is_sent (test_host_runtime.RuntimeTests.test_an_access_outside_the_frame_is_refused_before_retire_is_sent) ... ok
test_an_idle_guard_fault_is_still_attributed_to_the_step (test_host_runtime.RuntimeTests.test_an_idle_guard_fault_is_still_attributed_to_the_step) ... ok
test_an_invalid_deferred_equality_is_refused_before_retire_is_sent (test_host_runtime.RuntimeTests.test_an_invalid_deferred_equality_is_refused_before_retire_is_sent) ... ok
test_an_overflowing_effective_address_is_a_fault_terminal (test_host_runtime.RuntimeTests.test_an_overflowing_effective_address_is_a_fault_terminal) ... ok
test_arbitrary_rx_tx_stalls_and_backpressure (test_host_runtime.RuntimeTests.test_arbitrary_rx_tx_stalls_and_backpressure)
Full transaction loop under arbitrary permitted lane-gap patterns. ... ok
test_conflicting_duplicate_writes_are_refused_before_retire_is_sent (test_host_runtime.RuntimeTests.test_conflicting_duplicate_writes_are_refused_before_retire_is_sent) ... ok
test_every_real_endpoint_effect_stays_inside_the_frame (test_host_runtime.RuntimeTests.test_every_real_endpoint_effect_stays_inside_the_frame) ... ok
test_forward_only_refuses_the_same_back_solve (test_host_runtime.RuntimeTests.test_forward_only_refuses_the_same_back_solve) ... ok
test_mul_back_solves_from_the_host_inverse_witness (test_host_runtime.RuntimeTests.test_mul_back_solves_from_the_host_inverse_witness) ... ok
test_multiplying_by_a_known_zero_is_not_given_a_witness (test_host_runtime.RuntimeTests.test_multiplying_by_a_known_zero_is_not_given_a_witness) ... ok
test_negotiate_requires_every_schema_field (test_host_runtime.RuntimeTests.test_negotiate_requires_every_schema_field) ... ok
test_sentinel_requires_zero_frame_pointer (test_host_runtime.RuntimeTests.test_sentinel_requires_zero_frame_pointer) ... ok
test_set_xor_mul_are_driven_end_to_end (test_host_runtime.RuntimeTests.test_set_xor_mul_are_driven_end_to_end) ... ok
test_stale_retire_txn_id_is_protocol_violation (test_host_runtime.RuntimeTests.test_stale_retire_txn_id_is_protocol_violation) ... ok
test_the_step_limit_is_a_terminal_not_a_hang (test_host_runtime.RuntimeTests.test_the_step_limit_is_a_terminal_not_a_hang) ... ok
test_the_step_record_carries_the_whole_comparison_schema (test_host_runtime.RuntimeTests.test_the_step_record_carries_the_whole_comparison_schema) ... ok
test_unintegrated_opcodes_stop_the_run_and_say_what_is_missing (test_host_runtime.RuntimeTests.test_unintegrated_opcodes_stop_the_run_and_say_what_is_missing) ... ok
test_assumption_table_is_the_model_assumptions (test_lsc1_protocol_doc.DocumentBudgetTests.test_assumption_table_is_the_model_assumptions) ... ok
test_control_frame_table_matches_driven_exchanges (test_lsc1_protocol_doc.DocumentBudgetTests.test_control_frame_table_matches_driven_exchanges) ... ok
test_encode_index_cost_is_stated_as_the_model_computes_it (test_lsc1_protocol_doc.DocumentBudgetTests.test_encode_index_cost_is_stated_as_the_model_computes_it) ... ok
test_fermat_inverse_cost_is_the_square_and_multiply_count (test_lsc1_protocol_doc.DocumentBudgetTests.test_fermat_inverse_cost_is_the_square_and_multiply_count) ... ok
test_per_opcode_budget_tables_match_the_model (test_lsc1_protocol_doc.DocumentBudgetTests.test_per_opcode_budget_tables_match_the_model) ... ok
test_fault_codes_are_all_at_or_above_the_fault_bit (test_lsc1_protocol_doc.DocumentCodeTests.test_fault_codes_are_all_at_or_above_the_fault_bit) ... ok
test_profile_table_is_exactly_the_profile_enum (test_lsc1_protocol_doc.DocumentCodeTests.test_profile_table_is_exactly_the_profile_enum) ... ok
test_state_table_names_exactly_the_model_states (test_lsc1_protocol_doc.DocumentCodeTests.test_state_table_names_exactly_the_model_states) ... ok
test_status_table_is_exactly_the_status_enum (test_lsc1_protocol_doc.DocumentCodeTests.test_status_table_is_exactly_the_status_enum) ... ok
test_contents_list_links_to_every_top_level_section (test_lsc1_protocol_doc.DocumentProvenanceTests.test_contents_list_links_to_every_top_level_section) ... ok
test_document_claims_no_verification_fabrication_validation_or_readiness (test_lsc1_protocol_doc.DocumentProvenanceTests.test_document_claims_no_verification_fabrication_validation_or_readiness) ... ok
test_document_does_not_reference_the_retired_module_name (test_lsc1_protocol_doc.DocumentProvenanceTests.test_document_does_not_reference_the_retired_module_name) ... ok
test_document_names_the_module_and_test_that_generate_its_tables (test_lsc1_protocol_doc.DocumentProvenanceTests.test_document_names_the_module_and_test_that_generate_its_tables) ... ok
test_document_version_matches_the_protocol_version (test_lsc1_protocol_doc.DocumentProvenanceTests.test_document_version_matches_the_protocol_version) ... ok
test_every_internal_link_resolves_to_a_heading (test_lsc1_protocol_doc.DocumentProvenanceTests.test_every_internal_link_resolves_to_a_heading) ... ok
test_every_upstream_citation_is_pinned_to_the_frozen_commit (test_lsc1_protocol_doc.DocumentProvenanceTests.test_every_upstream_citation_is_pinned_to_the_frozen_commit) ... ok
test_no_upstream_citation_points_at_a_moving_branch (test_lsc1_protocol_doc.DocumentProvenanceTests.test_no_upstream_citation_points_at_a_moving_branch) ... ok
test_binary_profile_table_matches_driven_transitions (test_lsc1_protocol_doc.DocumentSemanticsTests.test_binary_profile_table_matches_driven_transitions) ... ok
test_default_profile_after_reset_is_the_one_the_document_names (test_lsc1_protocol_doc.DocumentSemanticsTests.test_default_profile_after_reset_is_the_one_the_document_names) ... ok
test_deref_cell_quadrant_table_matches_driven_transitions (test_lsc1_protocol_doc.DocumentSemanticsTests.test_deref_cell_quadrant_table_matches_driven_transitions) ... ok
test_declared_envelope_overhead_is_what_the_codec_adds (test_lsc1_protocol_doc.DocumentSizeTests.test_declared_envelope_overhead_is_what_the_codec_adds) ... ok
test_deref_modes_share_one_schema_and_one_size (test_lsc1_protocol_doc.DocumentSizeTests.test_deref_modes_share_one_schema_and_one_size) ... ok
test_envelope_prose_matches_the_header_constants (test_lsc1_protocol_doc.DocumentSizeTests.test_envelope_prose_matches_the_header_constants) ... ok
test_every_offset_table_is_cumulative_and_totals_its_declared_size (test_lsc1_protocol_doc.DocumentSizeTests.test_every_offset_table_is_cumulative_and_totals_its_declared_size)
Offsets are not taken on trust: each row must start where the last ended. ... ok
test_every_request_schema_heading_declares_its_payload_size (test_lsc1_protocol_doc.DocumentSizeTests.test_every_request_schema_heading_declares_its_payload_size) ... ok
test_frame_size_table_matches_the_codec (test_lsc1_protocol_doc.DocumentSizeTests.test_frame_size_table_matches_the_codec) ... ok
test_inline_prose_byte_counts_match_the_driven_endpoint (test_lsc1_protocol_doc.DocumentSizeTests.test_inline_prose_byte_counts_match_the_driven_endpoint)
Sizes stated in words drift as easily as sizes stated in tables. ... ok
test_mul_native_schema_extends_the_xor_schema (test_lsc1_protocol_doc.DocumentSizeTests.test_mul_native_schema_extends_the_xor_schema) ... ok
test_negotiate_reply_schema_constants_are_the_model_constants (test_lsc1_protocol_doc.DocumentSizeTests.test_negotiate_reply_schema_constants_are_the_model_constants) ... ok
test_preamble_table_covers_exactly_the_preamble_bytes (test_lsc1_protocol_doc.DocumentSizeTests.test_preamble_table_covers_exactly_the_preamble_bytes) ... ok
test_primitive_type_table_matches_the_codec_widths (test_lsc1_protocol_doc.DocumentSizeTests.test_primitive_type_table_matches_the_codec_widths) ... ok
test_response_schema_headings_match_measured_payloads (test_lsc1_protocol_doc.DocumentSizeTests.test_response_schema_headings_match_measured_payloads) ... ok
test_result_payload_row_widths_match_the_encoder (test_lsc1_protocol_doc.DocumentSizeTests.test_result_payload_row_widths_match_the_encoder) ... ok
test_a_transaction_retires_at_most_once (test_lsc1_protocol_doc.DocumentStateMachineTests.test_a_transaction_retires_at_most_once) ... ok
test_no_fault_moves_committed_pc_fp_or_retire_seq (test_lsc1_protocol_doc.DocumentStateMachineTests.test_no_fault_moves_committed_pc_fp_or_retire_seq)
The §9.1 claim, read at the §8.5 offsets the document publishes. ... ok
test_state_table_legal_opcodes_are_exactly_those_not_refused (test_lsc1_protocol_doc.DocumentStateMachineTests.test_state_table_legal_opcodes_are_exactly_those_not_refused) ... ok
test_abort_at_every_byte_boundary_leaves_no_state_effect (test_lsc1_transaction.AbortResetTests.test_abort_at_every_byte_boundary_leaves_no_state_effect) ... ok
test_abort_discards_a_staged_but_unretired_transaction (test_lsc1_transaction.AbortResetTests.test_abort_discards_a_staged_but_unretired_transaction) ... ok
test_abort_takes_priority_over_a_same_edge_transfer (test_lsc1_transaction.AbortResetTests.test_abort_takes_priority_over_a_same_edge_transfer) ... ok
test_reset_at_every_byte_boundary_returns_the_lane_to_idle (test_lsc1_transaction.AbortResetTests.test_reset_at_every_byte_boundary_returns_the_lane_to_idle) ... ok
test_reset_clears_committed_state_and_the_fault_pin (test_lsc1_transaction.AbortResetTests.test_reset_clears_committed_state_and_the_fault_pin) ... ok
test_reset_takes_priority_over_abort (test_lsc1_transaction.AbortResetTests.test_reset_takes_priority_over_abort) ... ok
test_the_lane_is_reusable_after_an_abort_at_any_boundary (test_lsc1_transaction.AbortResetTests.test_the_lane_is_reusable_after_an_abort_at_any_boundary) ... ok
test_aliased_operands_must_agree (test_lsc1_transaction.BinaryOpTests.test_aliased_operands_must_agree) ... ok
test_aliased_operands_that_agree_are_accepted (test_lsc1_transaction.BinaryOpTests.test_aliased_operands_that_agree_are_accepted) ... ok
test_an_already_consistent_result_produces_no_write (test_lsc1_transaction.BinaryOpTests.test_an_already_consistent_result_produces_no_write) ... ok
test_forward_only_profile_accepts_a_fully_supplied_operand_pair (test_lsc1_transaction.BinaryOpTests.test_forward_only_profile_accepts_a_fully_supplied_operand_pair) ... ok
test_forward_only_profile_refuses_any_absent_operand (test_lsc1_transaction.BinaryOpTests.test_forward_only_profile_refuses_any_absent_operand) ... ok
test_mul_back_solve_multiplies_by_the_verified_host_inverse (test_lsc1_transaction.BinaryOpTests.test_mul_back_solve_multiplies_by_the_verified_host_inverse) ... ok
test_mul_back_solve_rejects_a_wrong_inverse (test_lsc1_transaction.BinaryOpTests.test_mul_back_solve_rejects_a_wrong_inverse) ... ok
test_mul_back_solve_through_zero_is_refused (test_lsc1_transaction.BinaryOpTests.test_mul_back_solve_through_zero_is_refused) ... ok
test_mul_forward_writes_the_field_product (test_lsc1_transaction.BinaryOpTests.test_mul_forward_writes_the_field_product) ... ok
test_u32_overflow_in_operand_addressing_faults (test_lsc1_transaction.BinaryOpTests.test_u32_overflow_in_operand_addressing_faults) ... ok
test_writing_a_conflicting_result_is_a_write_conflict (test_lsc1_transaction.BinaryOpTests.test_writing_a_conflicting_result_is_a_write_conflict) ... ok
test_xor_back_solves_the_absent_operand_in_interpreter_profile (test_lsc1_transaction.BinaryOpTests.test_xor_back_solves_the_absent_operand_in_interpreter_profile) ... ok
test_xor_forward_writes_the_sum (test_lsc1_transaction.BinaryOpTests.test_xor_forward_writes_the_sum) ... ok
test_a_digest_colliding_with_a_written_output_is_a_write_conflict (test_lsc1_transaction.Blake3ServiceTests.test_a_digest_colliding_with_a_written_output_is_a_write_conflict) ... ok
test_a_refused_service_response_leaves_the_transaction_retryable (test_lsc1_transaction.Blake3ServiceTests.test_a_refused_service_response_leaves_the_transaction_retryable)
`BAD_SERVICE` is checked before the digest folds in, so §9.1 puts it ... ok
test_a_response_for_the_wrong_transaction_or_service_is_refused (test_lsc1_transaction.Blake3ServiceTests.test_a_response_for_the_wrong_transaction_or_service_is_refused) ... ok
test_a_response_of_the_wrong_kind_is_refused (test_lsc1_transaction.Blake3ServiceTests.test_a_response_of_the_wrong_kind_is_refused) ... ok
test_a_suspended_transaction_refuses_a_new_instruction (test_lsc1_transaction.Blake3ServiceTests.test_a_suspended_transaction_refuses_a_new_instruction) ... ok
test_an_unsolicited_service_response_is_refused (test_lsc1_transaction.Blake3ServiceTests.test_an_unsolicited_service_response_is_refused) ... ok
test_request_suspends_the_transaction_and_publishes_the_operands (test_lsc1_transaction.Blake3ServiceTests.test_request_suspends_the_transaction_and_publishes_the_operands) ... ok
test_response_writes_the_digest_and_resumes_the_transaction (test_lsc1_transaction.Blake3ServiceTests.test_response_writes_the_digest_and_resumes_the_transaction) ... ok
test_budget_cycles_bound_every_observed_execution (test_lsc1_transaction.BudgetTests.test_budget_cycles_bound_every_observed_execution) ... ok
test_budget_request_bytes_match_the_codec (test_lsc1_transaction.BudgetTests.test_budget_request_bytes_match_the_codec) ... ok
test_budget_result_bytes_bound_every_observed_result_frame (test_lsc1_transaction.BudgetTests.test_budget_result_bytes_bound_every_observed_result_frame) ... ok
test_forward_only_never_costs_more_than_interpreter_compatibility (test_lsc1_transaction.BudgetTests.test_forward_only_never_costs_more_than_interpreter_compatibility) ... ok
test_no_stall_transaction_cycle_count_matches_the_byte_budget (test_lsc1_transaction.BudgetTests.test_no_stall_transaction_cycle_count_matches_the_byte_budget) ... ok
test_round_trip_cycles_are_positive_and_dominated_by_the_multiplier (test_lsc1_transaction.BudgetTests.test_round_trip_cycles_are_positive_and_dominated_by_the_multiplier) ... ok
test_a_base_index_beyond_the_verifiable_range_is_rejected (test_lsc1_transaction.DerefTests.test_a_base_index_beyond_the_verifiable_range_is_rejected) ... ok
test_a_pointer_that_is_not_the_claimed_g_power_is_rejected (test_lsc1_transaction.DerefTests.test_a_pointer_that_is_not_the_claimed_g_power_is_rejected) ... ok
test_both_sides_written_but_unequal_is_a_mismatch (test_lsc1_transaction.DerefTests.test_both_sides_written_but_unequal_is_a_mismatch) ... ok
test_cell_quadrants_in_forward_only_profile (test_lsc1_transaction.DerefTests.test_cell_quadrants_in_forward_only_profile) ... ok
test_cell_quadrants_in_interpreter_profile (test_lsc1_transaction.DerefTests.test_cell_quadrants_in_interpreter_profile) ... ok
test_deferred_equality_is_reported_never_resolved_on_chip (test_lsc1_transaction.DerefTests.test_deferred_equality_is_reported_never_resolved_on_chip) ... ok
test_fp_mode_stores_the_encoding_of_fp (test_lsc1_transaction.DerefTests.test_fp_mode_stores_the_encoding_of_fp) ... ok
test_pc_mode_does_not_store_the_encoding_of_pc_plus_gamma (test_lsc1_transaction.DerefTests.test_pc_mode_does_not_store_the_encoding_of_pc_plus_gamma) ... ok
test_pc_mode_stores_the_encoding_of_pc_plus_two (test_lsc1_transaction.DerefTests.test_pc_mode_stores_the_encoding_of_pc_plus_two) ... ok
test_pointer_verification_accepts_every_small_g_power (test_lsc1_transaction.DerefTests.test_pointer_verification_accepts_every_small_g_power) ... ok
test_checked_add_faults_instead_of_wrapping (test_lsc1_transaction.FieldArithmeticTests.test_checked_add_faults_instead_of_wrapping) ... ok
test_crc32_matches_zlib (test_lsc1_transaction.FieldArithmeticTests.test_crc32_matches_zlib) ... ok
test_encode_is_a_group_homomorphism (test_lsc1_transaction.FieldArithmeticTests.test_encode_is_a_group_homomorphism) ... ok
test_encode_matches_naive_generator_powers (test_lsc1_transaction.FieldArithmeticTests.test_encode_matches_naive_generator_powers) ... ok
test_encode_rejects_out_of_range_indices (test_lsc1_transaction.FieldArithmeticTests.test_encode_rejects_out_of_range_indices) ... ok
test_multiply_identities (test_lsc1_transaction.FieldArithmeticTests.test_multiply_identities) ... ok
test_multiply_matches_carryless_reduction_oracle (test_lsc1_transaction.FieldArithmeticTests.test_multiply_matches_carryless_reduction_oracle) ... ok
test_cell_encoding_is_presence_byte_then_little_endian_value (test_lsc1_transaction.FrameCodecTests.test_cell_encoding_is_presence_byte_then_little_endian_value) ... ok
test_cell_presence_encoding_is_canonical (test_lsc1_transaction.FrameCodecTests.test_cell_presence_encoding_is_canonical) ... ok
test_every_builder_emits_its_declared_payload_length (test_lsc1_transaction.FrameCodecTests.test_every_builder_emits_its_declared_payload_length) ... ok
test_reader_rejects_truncation_and_overrun (test_lsc1_transaction.FrameCodecTests.test_reader_rejects_truncation_and_overrun) ... ok
test_request_frame_sizes_are_envelope_plus_declared_payload (test_lsc1_transaction.FrameCodecTests.test_request_frame_sizes_are_envelope_plus_declared_payload) ... ok
test_request_payload_round_trips_through_the_decoder (test_lsc1_transaction.FrameCodecTests.test_request_payload_round_trips_through_the_decoder) ... ok
test_response_decoder_rejects_malformation (test_lsc1_transaction.FrameCodecTests.test_response_decoder_rejects_malformation) ... ok
test_response_decoder_rejects_short_frames (test_lsc1_transaction.FrameCodecTests.test_response_decoder_rejects_short_frames) ... ok
test_response_frame_round_trip (test_lsc1_transaction.FrameCodecTests.test_response_frame_round_trip) ... ok
test_a_corrupted_length_field_desynchronizes_until_the_host_aborts (test_lsc1_transaction.FramingFaultTests.test_a_corrupted_length_field_desynchronizes_until_the_host_aborts) ... ok
test_a_faulted_frame_leaves_no_staged_transaction (test_lsc1_transaction.FramingFaultTests.test_a_faulted_frame_leaves_no_staged_transaction) ... ok
test_a_length_field_beyond_the_cap_faults_without_waiting (test_lsc1_transaction.FramingFaultTests.test_a_length_field_beyond_the_cap_faults_without_waiting) ... ok
test_a_shortened_length_field_is_caught_by_the_crc (test_lsc1_transaction.FramingFaultTests.test_a_shortened_length_field_is_caught_by_the_crc) ... ok
test_bad_start_of_frame_is_rejected_byte_for_byte (test_lsc1_transaction.FramingFaultTests.test_bad_start_of_frame_is_rejected_byte_for_byte) ... ok
test_every_single_bit_flip_outside_the_length_field_is_caught (test_lsc1_transaction.FramingFaultTests.test_every_single_bit_flip_outside_the_length_field_is_caught) ... ok
test_nonzero_flags_are_reserved_and_rejected (test_lsc1_transaction.FramingFaultTests.test_nonzero_flags_are_reserved_and_rejected) ... ok
test_oversized_declared_length_faults_at_the_header (test_lsc1_transaction.FramingFaultTests.test_oversized_declared_length_faults_at_the_header) ... ok
test_unknown_opcode_faults (test_lsc1_transaction.FramingFaultTests.test_unknown_opcode_faults) ... ok
test_unknown_version_faults_without_losing_frame_sync (test_lsc1_transaction.FramingFaultTests.test_unknown_version_faults_without_losing_frame_sync) ... ok
test_wrong_payload_length_for_opcode_faults (test_lsc1_transaction.FramingFaultTests.test_wrong_payload_length_for_opcode_faults) ... ok
test_a_misdeclared_branch_outcome_is_rejected (test_lsc1_transaction.JumpTests.test_a_misdeclared_branch_outcome_is_rejected) ... ok
test_a_not_taken_branch_must_not_propose_targets (test_lsc1_transaction.JumpTests.test_a_not_taken_branch_must_not_propose_targets) ... ok
test_a_not_taken_branch_pins_the_witness_to_zero (test_lsc1_transaction.JumpTests.test_a_not_taken_branch_pins_the_witness_to_zero) ... ok
test_a_taken_branch_needs_a_verified_condition_inverse (test_lsc1_transaction.JumpTests.test_a_taken_branch_needs_a_verified_condition_inverse) ... ok
test_a_taken_branch_target_must_decode_to_the_operand (test_lsc1_transaction.JumpTests.test_a_taken_branch_target_must_decode_to_the_operand) ... ok
test_all_three_operands_are_read_on_both_branch_outcomes (test_lsc1_transaction.JumpTests.test_all_three_operands_are_read_on_both_branch_outcomes) ... ok
test_not_taken_branch_advances_pc_and_keeps_fp (test_lsc1_transaction.JumpTests.test_not_taken_branch_advances_pc_and_keeps_fp) ... ok
test_taken_branch_moves_pc_and_fp_to_the_verified_targets (test_lsc1_transaction.JumpTests.test_taken_branch_moves_pc_and_fp_to_the_verified_targets) ... ok
test_a_request_naming_the_other_profile_is_rejected (test_lsc1_transaction.ProfileTests.test_a_request_naming_the_other_profile_is_rejected) ... ok
test_default_profile_is_interpreter_compatible (test_lsc1_transaction.ProfileTests.test_default_profile_is_interpreter_compatible) ... ok
test_negotiate_rejects_a_version_window_that_excludes_v1 (test_lsc1_transaction.ProfileTests.test_negotiate_rejects_a_version_window_that_excludes_v1) ... ok
test_negotiate_rejects_an_unknown_profile (test_lsc1_transaction.ProfileTests.test_negotiate_rejects_an_unknown_profile) ... ok
test_negotiate_reports_the_device_envelope (test_lsc1_transaction.ProfileTests.test_negotiate_reports_the_device_envelope) ... ok
test_negotiation_is_refused_mid_transaction (test_lsc1_transaction.ProfileTests.test_negotiation_is_refused_mid_transaction) ... ok
test_a_host_that_forks_the_scalar_state_is_rejected (test_lsc1_transaction.RetirementTests.test_a_host_that_forks_the_scalar_state_is_rejected) ... ok
test_a_rejected_frame_does_not_disturb_a_suspended_service (test_lsc1_transaction.RetirementTests.test_a_rejected_frame_does_not_disturb_a_suspended_service) ... ok
test_a_rejected_frame_does_not_disturb_the_outstanding_transaction (test_lsc1_transaction.RetirementTests.test_a_rejected_frame_does_not_disturb_the_outstanding_transaction) ... ok
test_a_sequence_of_transactions_advances_pc_monotonically (test_lsc1_transaction.RetirementTests.test_a_sequence_of_transactions_advances_pc_monotonically) ... ok
test_a_transaction_retires_exactly_once (test_lsc1_transaction.RetirementTests.test_a_transaction_retires_exactly_once) ... ok
test_no_committed_state_moves_before_retirement (test_lsc1_transaction.RetirementTests.test_no_committed_state_moves_before_retirement) ... ok
test_only_one_transaction_is_outstanding_at_a_time (test_lsc1_transaction.RetirementTests.test_only_one_transaction_is_outstanding_at_a_time) ... ok
test_pc_and_fp_beyond_the_verifiable_index_range_are_refused (test_lsc1_transaction.RetirementTests.test_pc_and_fp_beyond_the_verifiable_index_range_are_refused) ... ok
test_retirement_is_bound_to_the_result_the_host_actually_read (test_lsc1_transaction.RetirementTests.test_retirement_is_bound_to_the_result_the_host_actually_read) ... ok
test_retirement_is_bound_to_the_transaction_id (test_lsc1_transaction.RetirementTests.test_retirement_is_bound_to_the_transaction_id) ... ok
test_retirement_reports_the_new_committed_state (test_lsc1_transaction.RetirementTests.test_retirement_reports_the_new_committed_state) ... ok
test_retirement_without_a_staged_transaction_is_refused (test_lsc1_transaction.RetirementTests.test_retirement_without_a_staged_transaction_is_refused) ... ok
test_status_query_reports_the_committed_state_without_changing_it (test_lsc1_transaction.RetirementTests.test_status_query_reports_the_committed_state_without_changing_it) ... ok
test_the_result_crc_covers_the_whole_result_payload (test_lsc1_transaction.RetirementTests.test_the_result_crc_covers_the_whole_result_payload) ... ok
test_set_over_a_differing_written_cell_is_a_write_conflict (test_lsc1_transaction.SetConstantTests.test_set_over_a_differing_written_cell_is_a_write_conflict) ... ok
test_set_writes_the_constant_and_advances_pc (test_lsc1_transaction.SetConstantTests.test_set_writes_the_constant_and_advances_pc) ... ok
test_backpressure_holds_the_same_byte_and_refuses_input (test_lsc1_transaction.TransportTests.test_backpressure_holds_the_same_byte_and_refuses_input) ... ok
test_deasserted_valid_commits_nothing (test_lsc1_transaction.TransportTests.test_deasserted_valid_commits_nothing) ... ok
test_done_pulse_is_one_cycle_wide_and_only_on_retirement (test_lsc1_transaction.TransportTests.test_done_pulse_is_one_cycle_wide_and_only_on_retirement) ... ok
test_fault_pin_tracks_the_last_status (test_lsc1_transaction.TransportTests.test_fault_pin_tracks_the_last_status) ... ok
test_no_byte_is_accepted_while_a_response_is_outstanding (test_lsc1_transaction.TransportTests.test_no_byte_is_accepted_while_a_response_is_outstanding) ... ok
test_response_bytes_are_identical_under_arbitrary_stall_patterns (test_lsc1_transaction.TransportTests.test_response_bytes_are_identical_under_arbitrary_stall_patterns) ... ok
test_stalls_only_ever_cost_cycles (test_lsc1_transaction.TransportTests.test_stalls_only_ever_cost_cycles) ... ok
test_exhaustive_simplified_gf8 (test_model.FieldTests.test_exhaustive_simplified_gf8) ... ok
test_known_identities (test_model.FieldTests.test_known_identities) ... ok
test_random_gf128_against_independent_reference (test_model.FieldTests.test_random_gf128_against_independent_reference) ... ok
test_mul_stream (test_model.ProtocolTests.test_mul_stream) ... ok
test_nonzero (test_model.ProtocolTests.test_nonzero) ... ok
test_status (test_model.ProtocolTests.test_status) ... ok
test_xor_stream (test_model.ProtocolTests.test_xor_stream) ... ok
test_abort_and_reset_discard_same_edge_status_done_pulse (test_protocol_contract.ProtocolContractTests.test_abort_and_reset_discard_same_edge_status_done_pulse) ... ok
test_abort_discards_candidate_stream_transfer_and_sets_fault (test_protocol_contract.ProtocolContractTests.test_abort_discards_candidate_stream_transfer_and_sets_fault) ... ok
test_reset_discards_transaction_and_clears_fault (test_protocol_contract.ProtocolContractTests.test_reset_discards_transaction_and_clears_fault) ... ok
test_reset_during_status_preserves_pre_reset_pins_but_discards_byte (test_protocol_contract.ProtocolContractTests.test_reset_during_status_preserves_pre_reset_pins_but_discards_byte) ... ok
test_set_backpressure_holds_data_and_refuses_input (test_protocol_contract.ProtocolContractTests.test_set_backpressure_holds_data_and_refuses_input) ... ok
test_status_holds_each_byte_under_backpressure (test_protocol_contract.ProtocolContractTests.test_status_holds_each_byte_under_backpressure) ... ok
test_unknown_command_has_exactly_one_error_byte (test_protocol_contract.ProtocolContractTests.test_unknown_command_has_exactly_one_error_byte) ... ok
test_runner_profile_and_edges (test_scalar_step_oracle.ScalarStepOracleTests.test_runner_profile_and_edges) ... ok
test_seeded_field_differential_algorithms (test_scalar_step_oracle.ScalarStepOracleTests.test_seeded_field_differential_algorithms) ... ok

----------------------------------------------------------------------
Ran 233 tests in 10.722s

OK
python3 tools/host_upstream_comparison.py --artifact host/fixtures/assert_set_xor_mul.program.json \
  
PREFIX_MATCH upstream=c308034ab78619b39a59d26f3dc60e7df5b52649 source=recorded_artifact steps=12 terminal=unsupported cells=12
python3 tools/design_space.py
radix=1: state=273 bits, step=259 simple gates, transaction=161 cycles [minimum-logic pareto]
radix=2: state=273 bits, step=518 simple gates, transaction=97 cycles [pareto]
radix=4: state=273 bits, step=1036 simple gates, transaction=65 cycles [pareto]
radix=8: state=273 bits, step=2072 simple gates, transaction=49 cycles [minimum-latency pareto]
python3 tools/exact_linear_xor.py
Exact GHASH xtime reduction-tap XOR2 minimum: 3 gates
Construction:
  g0 = (a0) xor (carry) = a0 xor carry
  g1 = (a1) xor (carry) = a1 xor carry
  g2 = (a6) xor (carry) = a6 xor carry
Required outputs:
  a0 xor carry
  a1 xor carry
  a6 xor carry
python3 tools/interface_consistency.py
Interface constants agree across RTL, Python, and info.yaml
  commands: 6
  status:   01 01 0f 08
  top:      lean_silicon_lsc1
  sources:  4
python3 tools/repo_consistency.py
LSC-1 repository consistency: OK
python3 tools/generate_checksums.py --check
SHA256SUMS matches tracked source artifacts
python3 tools/rtl_state_count.py
Explicit source-level sequential state
  FSM state                  4 bits
  byte index                 4 bits
  shared scratch             8 bits
  sticky fault               1 bits
  shifted multiplicand     128 bits
  accumulator              128 bits
  TOTAL                    273 bits
python3 tools/sv_smoke_check.py asic_core/rtl/*.sv src/leanvm_b_m2_scalar_controller.sv formal/*.sv test/tb_stream_alu.sv test/tb_m2_scalar_controller.sv fpga_harness/rtl/*.sv
asic_core/rtl/gf128_mul_bitstream.sv: structurally balanced
asic_core/rtl/gf2n_mul_bitstream.sv: structurally balanced
asic_core/rtl/lean_silicon_lsc1.sv: structurally balanced
asic_core/rtl/leanvm_b_stream_alu.sv: structurally balanced
src/leanvm_b_m2_scalar_controller.sv: structurally balanced
formal/gf128_serialize_formal.sv: structurally balanced
formal/gf8_mul_formal.sv: structurally balanced
formal/stream_alu_mul_pulse_formal.sv: structurally balanced
test/tb_stream_alu.sv: structurally balanced
test/tb_m2_scalar_controller.sv: structurally balanced
fpga_harness/rtl/lean_silicon_lsc1_pins.sv: structurally balanced
python3 fpga_harness/boundary_check.py
  ok  ASIC pin ports are all [7:0] and face the direction the contract requires
  ok  uio_oe direction mask 0b10110110 (bit set = ASIC drives)
  ok  uio_out drives exactly the bits uio_oe marks as outputs, and ties every input bit to zero
  ok  lean_silicon_lsc1_pins.sv: every port width resolved and within 8 bits
  note uio[7] role spelled DONE in LSC1_PROTOCOL.md and DONE_PULSE in info.yaml; same pin, unaligned wording for the owning lanes to reconcile
LSC-1 pin-accurate harness boundary: OK
PYTHONDONTWRITEBYTECODE=1 python3 -m unittest discover -s fpga_harness -v
test_json_output_is_parseable (test_board_detect.CommandLineTests.test_json_output_is_parseable) ... ok
test_require_datapath_always_fails_even_with_full_visibility (test_board_detect.CommandLineTests.test_require_datapath_always_fails_even_with_full_visibility) ... ok
test_require_jtag_tracks_the_fixture (test_board_detect.CommandLineTests.test_require_jtag_tracks_the_fixture) ... ok
test_require_none_succeeds_without_any_hardware (test_board_detect.CommandLineTests.test_require_none_succeeds_without_any_hardware) ... ok
test_absent_toolchain_is_reported_per_group (test_board_detect.EmptyEnvironmentTests.test_absent_toolchain_is_reported_per_group) ... ok
test_default_environment_satisfies_nothing (test_board_detect.EmptyEnvironmentTests.test_default_environment_satisfies_nothing) ... ok
test_full_visibility_still_reports_datapath_unvalidated (test_board_detect.FullVisibilityTests.test_full_visibility_still_reports_datapath_unvalidated)
Tools plus USB plus a real IDCODE must not imply a working data path. ... ok
test_jtag_detail_names_the_recognised_part (test_board_detect.FullVisibilityTests.test_jtag_detail_names_the_recognised_part) ... ok
test_lower_levels_are_satisfied (test_board_detect.FullVisibilityTests.test_lower_levels_are_satisfied) ... ok
test_rendered_report_states_datapath_is_not_validated (test_board_detect.FullVisibilityTests.test_rendered_report_states_datapath_is_not_validated) ... ok
test_serialised_report_marks_datapath_false (test_board_detect.FullVisibilityTests.test_serialised_report_marks_datapath_false) ... ok
test_either_loader_alone_satisfies_the_load_group (test_board_detect.LevelIsolationTests.test_either_loader_alone_satisfies_the_load_group) ... ok
test_empty_jtag_scan_is_absent (test_board_detect.LevelIsolationTests.test_empty_jtag_scan_is_absent) ... ok
test_every_documented_ecp5_idcode_is_recognised (test_board_detect.LevelIsolationTests.test_every_documented_ecp5_idcode_is_recognised) ... ok
test_load_tools_alone_satisfy_the_toolchain_level_partially (test_board_detect.LevelIsolationTests.test_load_tools_alone_satisfy_the_toolchain_level_partially)
A loader without a synthesis flow must not satisfy the level. ... ok
test_partial_build_chain_does_not_satisfy_the_toolchain_level (test_board_detect.LevelIsolationTests.test_partial_build_chain_does_not_satisfy_the_toolchain_level)
yosys alone cannot produce a bitstream; nextpnr/ecppack are required. ... ok
test_unrecognised_idcode_is_absent (test_board_detect.LevelIsolationTests.test_unrecognised_idcode_is_absent) ... ok
test_wrong_usb_identity_is_absent (test_board_detect.LevelIsolationTests.test_wrong_usb_identity_is_absent) ... ok
test_different_roles_are_not_abbreviations (test_boundary_check.AbbreviationTests.test_different_roles_are_not_abbreviations) ... ok
test_leading_token_abbreviation_is_accepted (test_boundary_check.AbbreviationTests.test_leading_token_abbreviation_is_accepted) ... ok
test_inout_on_a_pin_port_is_rejected (test_boundary_check.AsicPortDirectionTests.test_inout_on_a_pin_port_is_rejected) ... ok
test_reversing_an_input_pin_port_is_rejected (test_boundary_check.AsicPortDirectionTests.test_reversing_an_input_pin_port_is_rejected) ... ok
test_reversing_an_output_pin_port_is_rejected (test_boundary_check.AsicPortDirectionTests.test_reversing_an_output_pin_port_is_rejected) ... ok
test_shipped_top_declares_every_pin_port_correctly (test_boundary_check.AsicPortDirectionTests.test_shipped_top_declares_every_pin_port_correctly) ... ok
test_back_driving_an_input_pin_is_rejected (test_boundary_check.AsicTopViolationTests.test_back_driving_an_input_pin_is_rejected)
uio[0] is RX_VALID, an input; the ASIC must not drive it. ... ok
test_commented_out_declaration_cannot_mask_a_widened_port (test_boundary_check.AsicTopViolationTests.test_commented_out_declaration_cannot_mask_a_widened_port)
A stale `// input wire [7:0] ui_in` must not excuse a real [31:0]. ... ok
test_commented_out_direction_mask_cannot_mask_drift (test_boundary_check.AsicTopViolationTests.test_commented_out_direction_mask_cannot_mask_drift) ... ok
test_good_top_has_no_errors (test_boundary_check.AsicTopViolationTests.test_good_top_has_no_errors) ... ok
test_missing_concatenation_is_reported (test_boundary_check.AsicTopViolationTests.test_missing_concatenation_is_reported) ... ok
test_tying_a_documented_output_to_zero_is_rejected (test_boundary_check.AsicTopViolationTests.test_tying_a_documented_output_to_zero_is_rejected) ... ok
test_unexpected_driver_name_is_an_observation_not_an_error (test_boundary_check.AsicTopViolationTests.test_unexpected_driver_name_is_an_observation_not_an_error) ... ok
test_widened_pin_port_is_rejected (test_boundary_check.AsicTopViolationTests.test_widened_pin_port_is_rejected) ... ok
test_wrong_direction_mask_is_rejected (test_boundary_check.AsicTopViolationTests.test_wrong_direction_mask_is_rejected) ... ok
test_ranged_bit_select_term_is_rejected (test_boundary_check.ConcatenationTermWidthTests.test_ranged_bit_select_term_is_rejected) ... ok
test_scalar_net_term_is_accepted (test_boundary_check.ConcatenationTermWidthTests.test_scalar_net_term_is_accepted) ... ok
test_single_bit_select_term_is_accepted (test_boundary_check.ConcatenationTermWidthTests.test_single_bit_select_term_is_accepted) ... ok
test_wide_net_named_as_a_bare_term_is_rejected (test_boundary_check.ConcatenationTermWidthTests.test_wide_net_named_as_a_bare_term_is_rejected)
A bare identifier looks like one pin, so its declaration decides. ... ok
test_direction_persists_across_commas_in_an_ansi_list (test_boundary_check.DirectionlessPortTests.test_direction_persists_across_commas_in_an_ansi_list) ... ok
test_interface_port_is_rejected (test_boundary_check.DirectionlessPortTests.test_interface_port_is_rejected) ... ok
test_modport_qualified_interface_port_is_rejected (test_boundary_check.DirectionlessPortTests.test_modport_qualified_interface_port_is_rejected) ... ok
test_non_ansi_port_names_are_left_to_the_body_scan (test_boundary_check.DirectionlessPortTests.test_non_ansi_port_names_are_left_to_the_body_scan)
`module h(a, b);` is legal; the real widths are declared inside. ... ok
test_shipped_harness_rtl_is_discovered (test_boundary_check.HarnessDiscoveryTests.test_shipped_harness_rtl_is_discovered) ... ok
test_wide_port_in_nested_directory_is_rejected (test_boundary_check.HarnessDiscoveryTests.test_wide_port_in_nested_directory_is_rejected) ... ok
test_wide_port_in_plain_verilog_file_is_rejected (test_boundary_check.HarnessDiscoveryTests.test_wide_port_in_plain_verilog_file_is_rejected) ... ok
test_empty_harness_directory_is_rejected (test_boundary_check.HarnessWidthTests.test_empty_harness_directory_is_rejected) ... ok
test_narrow_harness_passes (test_boundary_check.HarnessWidthTests.test_narrow_harness_passes) ... ok
test_wide_bypass_port_is_rejected (test_boundary_check.HarnessWidthTests.test_wide_bypass_port_is_rejected) ... ok
test_byte_port_is_within_the_pin_width (test_boundary_check.ImplicitTypeWidthTests.test_byte_port_is_within_the_pin_width) ... ok
test_implicit_type_multiplies_with_its_dimensions (test_boundary_check.ImplicitTypeWidthTests.test_implicit_type_multiplies_with_its_dimensions) ... ok
test_integer_port_is_rejected (test_boundary_check.ImplicitTypeWidthTests.test_integer_port_is_rejected) ... ok
test_longint_port_is_rejected (test_boundary_check.ImplicitTypeWidthTests.test_longint_port_is_rejected) ... ok
test_package_scoped_type_is_rejected (test_boundary_check.ImplicitTypeWidthTests.test_package_scoped_type_is_rejected) ... ok
test_signed_modifier_does_not_hide_the_declared_width (test_boundary_check.ImplicitTypeWidthTests.test_signed_modifier_does_not_hide_the_declared_width) ... ok
test_signed_narrow_port_is_accepted (test_boundary_check.ImplicitTypeWidthTests.test_signed_narrow_port_is_accepted) ... ok
test_user_defined_type_is_rejected_rather_than_assumed_narrow (test_boundary_check.ImplicitTypeWidthTests.test_user_defined_type_is_rejected_rather_than_assumed_narrow)
A typedef could be any width, so it cannot be waved through. ... ok
test_current_repository_satisfies_the_boundary (test_boundary_check.LiveRepositoryTests.test_current_repository_satisfies_the_boundary) ... ok
test_expected_direction_mask_matches_the_shipped_top (test_boundary_check.LiveRepositoryTests.test_expected_direction_mask_matches_the_shipped_top) ... ok
test_a_wide_port_inside_a_comment_is_not_a_violation (test_boundary_check.ParameterisedWidthTests.test_a_wide_port_inside_a_comment_is_not_a_violation) ... ok
test_multidimensional_packed_port_counts_every_dimension (test_boundary_check.ParameterisedWidthTests.test_multidimensional_packed_port_counts_every_dimension)
[7:0][3:0] is 32 bits across the boundary, not 8. ... ok
test_multidimensional_parameterised_port_is_rejected (test_boundary_check.ParameterisedWidthTests.test_multidimensional_parameterised_port_is_rejected) ... ok
test_narrow_parameterised_port_is_accepted (test_boundary_check.ParameterisedWidthTests.test_narrow_parameterised_port_is_accepted) ... ok
test_no_within_width_fact_is_claimed_for_a_failing_file (test_boundary_check.ParameterisedWidthTests.test_no_within_width_fact_is_claimed_for_a_failing_file)
The checker must not assert 'within 8 bits' about a file it rejected. ... ok
test_parameter_defined_from_another_parameter_is_resolved (test_boundary_check.ParameterisedWidthTests.test_parameter_defined_from_another_parameter_is_resolved) ... ok
test_parameterised_wide_port_is_rejected (test_boundary_check.ParameterisedWidthTests.test_parameterised_wide_port_is_rejected) ... ok
test_scalar_ports_are_accepted (test_boundary_check.ParameterisedWidthTests.test_scalar_ports_are_accepted) ... ok
test_unpacked_array_port_counts_towards_the_width (test_boundary_check.ParameterisedWidthTests.test_unpacked_array_port_counts_towards_the_width)
[7:0] bytes [15:0] exposes 128 bits, not 8. ... ok
test_unpacked_only_port_is_measured (test_boundary_check.ParameterisedWidthTests.test_unpacked_only_port_is_measured) ... ok
test_unpacked_size_without_a_range_is_counted (test_boundary_check.ParameterisedWidthTests.test_unpacked_size_without_a_range_is_counted)
`arr [4]` is four elements, not one. ... ok
test_unresolvable_width_is_rejected_rather_than_assumed_narrow (test_boundary_check.ParameterisedWidthTests.test_unresolvable_width_is_rejected_rather_than_assumed_narrow) ... ok
test_narrow_shared_declaration_is_accepted (test_boundary_check.SharedDeclarationTests.test_narrow_shared_declaration_is_accepted) ... ok
test_non_ansi_declarations_are_scanned (test_boundary_check.SharedDeclarationTests.test_non_ansi_declarations_are_scanned) ... ok
test_second_name_in_a_declaration_is_scanned (test_boundary_check.SharedDeclarationTests.test_second_name_in_a_declaration_is_scanned) ... ok
test_second_name_inherits_the_packed_width (test_boundary_check.SharedDeclarationTests.test_second_name_inherits_the_packed_width)
`input wire [7:0] a, b` makes `b` eight bits, not one. ... ok
test_wide_port_after_a_narrow_group_is_still_found (test_boundary_check.SharedDeclarationTests.test_wide_port_after_a_narrow_group_is_still_found) ... ok
test_a_real_wide_port_beside_a_function_is_still_rejected (test_boundary_check.SubprogramScopeTests.test_a_real_wide_port_beside_a_function_is_still_rejected) ... ok
test_wide_function_argument_is_not_a_boundary_violation (test_boundary_check.SubprogramScopeTests.test_wide_function_argument_is_not_a_boundary_violation) ... ok
test_wide_task_argument_is_not_a_boundary_violation (test_boundary_check.SubprogramScopeTests.test_wide_task_argument_is_not_a_boundary_violation) ... ok

----------------------------------------------------------------------
Ran 77 tests in 0.017s

OK
