Lake version 5.0.0-src+f054605 (Lean version 4.32.1)
⚠ [7/12] Replayed LeanVMBMinCore.Deref
warning: LeanVMBMinCore/Deref.lean:79:21: This simp argument is unused:
  Ne.symm h

Hint: Omit it from the simp argument list.
  simp [writeRaw, h,̵ ̵N̵e̵.̵s̵y̵m̵m̵ ̵h̵]

Note: This linter can be disabled with `set_option linter.unusedSimpArgs false`
warning: LeanVMBMinCore/Deref.lean:86:18: This simp argument is unused:
  h

Hint: Omit it from the simp argument list.
  simp [writeRaw, h̵,̵ ̵Ne.symm h]

Note: This linter can be disabled with `set_option linter.unusedSimpArgs false`
⚠ [10/12] Built LeanVMBMinCore.CheckedIndex (239ms)
warning: LeanVMBMinCore/CheckedIndex.lean:45:13: This simp argument is unused:
  valid

Hint: Omit it from the simp argument list.
  simp [add,̵ ̵v̵a̵l̵i̵d̵] at h

Note: This linter can be disabled with `set_option linter.unusedSimpArgs false`
✔ [11/12] Built LeanVMBMinCore (278ms)
Build completed successfully (12 jobs).
⚠ [6/11] Replayed LeanVMBMinCore.CheckedIndex
warning: LeanVMBMinCore/CheckedIndex.lean:45:13: This simp argument is unused:
  valid

Hint: Omit it from the simp argument list.
  simp [add,̵ ̵v̵a̵l̵i̵d̵] at h

Note: This linter can be disabled with `set_option linter.unusedSimpArgs false`
⚠ [9/11] Replayed LeanVMBMinCore.Deref
warning: LeanVMBMinCore/Deref.lean:79:21: This simp argument is unused:
  Ne.symm h

Hint: Omit it from the simp argument list.
  simp [writeRaw, h,̵ ̵N̵e̵.̵s̵y̵m̵m̵ ̵h̵]

Note: This linter can be disabled with `set_option linter.unusedSimpArgs false`
warning: LeanVMBMinCore/Deref.lean:86:18: This simp argument is unused:
  h

Hint: Omit it from the simp argument list.
  simp [writeRaw, h̵,̵ ̵Ne.symm h]

Note: This linter can be disabled with `set_option linter.unusedSimpArgs false`
Build completed successfully (11 jobs).
LeanVMBMinCore/CheckedIndex.lean:45:13: warning: This simp argument is unused:
  valid

Hint: Omit it from the simp argument list.
  simp [add,̵ ̵v̵a̵l̵i̵d̵] at h

Note: This linter can be disabled with `set_option linter.unusedSimpArgs false`
