PYTHONDONTWRITEBYTECODE=1 python3 -m unittest discover -s sim -v
test_commands (test_cycle_model.RandomBackpressureTests.test_commands) ... ok
test_exact_no_stall_latencies (test_cycle_model.RandomBackpressureTests.test_exact_no_stall_latencies) ... ok
test_invalid_command (test_cycle_model.RandomBackpressureTests.test_invalid_command) ... ok
test_exhaustive_simplified_gf8 (test_model.FieldTests.test_exhaustive_simplified_gf8) ... ok
test_known_identities (test_model.FieldTests.test_known_identities) ... ok
test_random_gf128_against_independent_reference (test_model.FieldTests.test_random_gf128_against_independent_reference) ... ok
test_mul_stream (test_model.ProtocolTests.test_mul_stream) ... ok
test_nonzero (test_model.ProtocolTests.test_nonzero) ... ok
test_status (test_model.ProtocolTests.test_status) ... ok
test_xor_stream (test_model.ProtocolTests.test_xor_stream) ... ok
test_abort_and_reset_discard_same_edge_status_done_pulse (test_protocol_contract.ProtocolContractTests.test_abort_and_reset_discard_same_edge_status_done_pulse) ... ok
test_abort_discards_candidate_stream_transfer_and_sets_fault (test_protocol_contract.ProtocolContractTests.test_abort_discards_candidate_stream_transfer_and_sets_fault) ... ok
test_reset_discards_transaction_and_clears_fault (test_protocol_contract.ProtocolContractTests.test_reset_discards_transaction_and_clears_fault) ... ok
test_reset_during_status_preserves_pre_reset_pins_but_discards_byte (test_protocol_contract.ProtocolContractTests.test_reset_during_status_preserves_pre_reset_pins_but_discards_byte) ... ok
test_set_backpressure_holds_data_and_refuses_input (test_protocol_contract.ProtocolContractTests.test_set_backpressure_holds_data_and_refuses_input) ... ok
test_status_holds_each_byte_under_backpressure (test_protocol_contract.ProtocolContractTests.test_status_holds_each_byte_under_backpressure) ... ok
test_unknown_command_has_exactly_one_error_byte (test_protocol_contract.ProtocolContractTests.test_unknown_command_has_exactly_one_error_byte) ... ok
test_runner_profile_and_edges (test_scalar_step_oracle.ScalarStepOracleTests.test_runner_profile_and_edges) ... ok
test_seeded_field_differential_algorithms (test_scalar_step_oracle.ScalarStepOracleTests.test_seeded_field_differential_algorithms) ... ok

----------------------------------------------------------------------
Ran 19 tests in 8.274s

OK
python3 tools/design_space.py
radix=1: state=273 bits, step=259 simple gates, transaction=161 cycles [minimum-logic pareto]
radix=2: state=273 bits, step=518 simple gates, transaction=97 cycles [pareto]
radix=4: state=273 bits, step=1036 simple gates, transaction=65 cycles [pareto]
radix=8: state=273 bits, step=2072 simple gates, transaction=49 cycles [minimum-latency pareto]
python3 tools/exact_linear_xor.py
Exact GHASH xtime reduction-tap XOR2 minimum: 3 gates
Construction:
  g0 = (a0) xor (carry) = a0 xor carry
  g1 = (a1) xor (carry) = a1 xor carry
  g2 = (a6) xor (carry) = a6 xor carry
Required outputs:
  a0 xor carry
  a1 xor carry
  a6 xor carry
python3 tools/interface_consistency.py
Interface constants agree across RTL, Python, and info.yaml
  commands: 6
  status:   01 01 0f 08
  top:      lean_silicon_lsc1
  sources:  4
python3 tools/repo_consistency.py
LSC-1 repository consistency: OK
python3 tools/generate_checksums.py --check
SHA256SUMS matches tracked source artifacts
python3 tools/rtl_state_count.py
Explicit source-level sequential state
  FSM state                  4 bits
  byte index                 4 bits
  shared scratch             8 bits
  sticky fault               1 bits
  shifted multiplicand     128 bits
  accumulator              128 bits
  TOTAL                    273 bits
python3 tools/sv_smoke_check.py asic_core/rtl/*.sv src/leanvm_b_m2_scalar_controller.sv formal/*.sv test/tb_stream_alu.sv test/tb_m2_scalar_controller.sv fpga_harness/rtl/*.sv
asic_core/rtl/gf128_mul_bitstream.sv: structurally balanced
asic_core/rtl/gf2n_mul_bitstream.sv: structurally balanced
asic_core/rtl/lean_silicon_lsc1.sv: structurally balanced
asic_core/rtl/leanvm_b_stream_alu.sv: structurally balanced
src/leanvm_b_m2_scalar_controller.sv: structurally balanced
formal/gf8_mul_formal.sv: structurally balanced
test/tb_stream_alu.sv: structurally balanced
test/tb_m2_scalar_controller.sv: structurally balanced
fpga_harness/rtl/lean_silicon_lsc1_pins.sv: structurally balanced
python3 fpga_harness/boundary_check.py
  ok  uio_oe direction mask 0b10110110 (bit set = ASIC drives)
  ok  uio_out drives exactly the bits uio_oe marks as outputs, and ties every input bit to zero
  ok  lean_silicon_lsc1_pins.sv: every port width resolved and within 8 bits
  note uio[7] role spelled DONE in LSC1_PROTOCOL.md and DONE_PULSE in info.yaml; same pin, unaligned wording for the owning lanes to reconcile
LSC-1 pin-accurate harness boundary: OK
PYTHONDONTWRITEBYTECODE=1 python3 -m unittest discover -s fpga_harness -v
test_json_output_is_parseable (test_board_detect.CommandLineTests.test_json_output_is_parseable) ... ok
test_require_datapath_always_fails_even_with_full_visibility (test_board_detect.CommandLineTests.test_require_datapath_always_fails_even_with_full_visibility) ... ok
test_require_jtag_tracks_the_fixture (test_board_detect.CommandLineTests.test_require_jtag_tracks_the_fixture) ... ok
test_require_none_succeeds_without_any_hardware (test_board_detect.CommandLineTests.test_require_none_succeeds_without_any_hardware) ... ok
test_absent_toolchain_is_reported_per_group (test_board_detect.EmptyEnvironmentTests.test_absent_toolchain_is_reported_per_group) ... ok
test_default_environment_satisfies_nothing (test_board_detect.EmptyEnvironmentTests.test_default_environment_satisfies_nothing) ... ok
test_full_visibility_still_reports_datapath_unvalidated (test_board_detect.FullVisibilityTests.test_full_visibility_still_reports_datapath_unvalidated)
Tools plus USB plus a real IDCODE must not imply a working data path. ... ok
test_jtag_detail_names_the_recognised_part (test_board_detect.FullVisibilityTests.test_jtag_detail_names_the_recognised_part) ... ok
test_lower_levels_are_satisfied (test_board_detect.FullVisibilityTests.test_lower_levels_are_satisfied) ... ok
test_rendered_report_states_datapath_is_not_validated (test_board_detect.FullVisibilityTests.test_rendered_report_states_datapath_is_not_validated) ... ok
test_serialised_report_marks_datapath_false (test_board_detect.FullVisibilityTests.test_serialised_report_marks_datapath_false) ... ok
test_either_loader_alone_satisfies_the_load_group (test_board_detect.LevelIsolationTests.test_either_loader_alone_satisfies_the_load_group) ... ok
test_empty_jtag_scan_is_absent (test_board_detect.LevelIsolationTests.test_empty_jtag_scan_is_absent) ... ok
test_every_documented_ecp5_idcode_is_recognised (test_board_detect.LevelIsolationTests.test_every_documented_ecp5_idcode_is_recognised) ... ok
test_load_tools_alone_satisfy_the_toolchain_level_partially (test_board_detect.LevelIsolationTests.test_load_tools_alone_satisfy_the_toolchain_level_partially)
A loader without a synthesis flow must not satisfy the level. ... ok
test_partial_build_chain_does_not_satisfy_the_toolchain_level (test_board_detect.LevelIsolationTests.test_partial_build_chain_does_not_satisfy_the_toolchain_level)
yosys alone cannot produce a bitstream; nextpnr/ecppack are required. ... ok
test_unrecognised_idcode_is_absent (test_board_detect.LevelIsolationTests.test_unrecognised_idcode_is_absent) ... ok
test_wrong_usb_identity_is_absent (test_board_detect.LevelIsolationTests.test_wrong_usb_identity_is_absent) ... ok
test_different_roles_are_not_abbreviations (test_boundary_check.AbbreviationTests.test_different_roles_are_not_abbreviations) ... ok
test_leading_token_abbreviation_is_accepted (test_boundary_check.AbbreviationTests.test_leading_token_abbreviation_is_accepted) ... ok
test_back_driving_an_input_pin_is_rejected (test_boundary_check.AsicTopViolationTests.test_back_driving_an_input_pin_is_rejected)
uio[0] is RX_VALID, an input; the ASIC must not drive it. ... ok
test_good_top_has_no_errors (test_boundary_check.AsicTopViolationTests.test_good_top_has_no_errors) ... ok
test_missing_concatenation_is_reported (test_boundary_check.AsicTopViolationTests.test_missing_concatenation_is_reported) ... ok
test_tying_a_documented_output_to_zero_is_rejected (test_boundary_check.AsicTopViolationTests.test_tying_a_documented_output_to_zero_is_rejected) ... ok
test_unexpected_driver_name_is_an_observation_not_an_error (test_boundary_check.AsicTopViolationTests.test_unexpected_driver_name_is_an_observation_not_an_error) ... ok
test_widened_pin_port_is_rejected (test_boundary_check.AsicTopViolationTests.test_widened_pin_port_is_rejected) ... ok
test_wrong_direction_mask_is_rejected (test_boundary_check.AsicTopViolationTests.test_wrong_direction_mask_is_rejected) ... ok
test_shipped_harness_rtl_is_discovered (test_boundary_check.HarnessDiscoveryTests.test_shipped_harness_rtl_is_discovered) ... ok
test_wide_port_in_nested_directory_is_rejected (test_boundary_check.HarnessDiscoveryTests.test_wide_port_in_nested_directory_is_rejected) ... ok
test_wide_port_in_plain_verilog_file_is_rejected (test_boundary_check.HarnessDiscoveryTests.test_wide_port_in_plain_verilog_file_is_rejected) ... ok
test_empty_harness_directory_is_rejected (test_boundary_check.HarnessWidthTests.test_empty_harness_directory_is_rejected) ... ok
test_narrow_harness_passes (test_boundary_check.HarnessWidthTests.test_narrow_harness_passes) ... ok
test_wide_bypass_port_is_rejected (test_boundary_check.HarnessWidthTests.test_wide_bypass_port_is_rejected) ... ok
test_current_repository_satisfies_the_boundary (test_boundary_check.LiveRepositoryTests.test_current_repository_satisfies_the_boundary) ... ok
test_expected_direction_mask_matches_the_shipped_top (test_boundary_check.LiveRepositoryTests.test_expected_direction_mask_matches_the_shipped_top) ... ok
test_multidimensional_packed_port_counts_every_dimension (test_boundary_check.ParameterisedWidthTests.test_multidimensional_packed_port_counts_every_dimension)
[7:0][3:0] is 32 bits across the boundary, not 8. ... ok
test_multidimensional_parameterised_port_is_rejected (test_boundary_check.ParameterisedWidthTests.test_multidimensional_parameterised_port_is_rejected) ... ok
test_narrow_parameterised_port_is_accepted (test_boundary_check.ParameterisedWidthTests.test_narrow_parameterised_port_is_accepted) ... ok
test_no_within_width_fact_is_claimed_for_a_failing_file (test_boundary_check.ParameterisedWidthTests.test_no_within_width_fact_is_claimed_for_a_failing_file)
The checker must not assert 'within 8 bits' about a file it rejected. ... ok
test_parameter_defined_from_another_parameter_is_resolved (test_boundary_check.ParameterisedWidthTests.test_parameter_defined_from_another_parameter_is_resolved) ... ok
test_parameterised_wide_port_is_rejected (test_boundary_check.ParameterisedWidthTests.test_parameterised_wide_port_is_rejected) ... ok
test_unresolvable_width_is_rejected_rather_than_assumed_narrow (test_boundary_check.ParameterisedWidthTests.test_unresolvable_width_is_rejected_rather_than_assumed_narrow) ... ok

----------------------------------------------------------------------
Ran 42 tests in 0.008s

OK
